Archive member included to satisfy reference by file (symbol)

C:/ST/STM32CubeIDE_1.16.1/STM32CubeIDE/plugins/com.st.stm32cube.ide.mcu.externaltools.gnu-tools-for-stm32.13.3.rel1.win32_1.0.100.202509120712/tools/bin/../lib/gcc/arm-none-eabi/13.3.1/../../../../arm-none-eabi/lib/thumb/v7e-m+fp/hard\libc_nano.a(libc_a-exit.o)
                              C:/ST/STM32CubeIDE_1.16.1/STM32CubeIDE/plugins/com.st.stm32cube.ide.mcu.externaltools.gnu-tools-for-stm32.13.3.rel1.win32_1.0.100.202509120712/tools/bin/../lib/gcc/arm-none-eabi/13.3.1/../../../../arm-none-eabi/lib/thumb/v7e-m+fp/hard/crt0.o (exit)
C:/ST/STM32CubeIDE_1.16.1/STM32CubeIDE/plugins/com.st.stm32cube.ide.mcu.externaltools.gnu-tools-for-stm32.13.3.rel1.win32_1.0.100.202509120712/tools/bin/../lib/gcc/arm-none-eabi/13.3.1/../../../../arm-none-eabi/lib/thumb/v7e-m+fp/hard\libc_nano.a(libc_a-nano-vfprintf_float.o)
                              (_printf_float)
C:/ST/STM32CubeIDE_1.16.1/STM32CubeIDE/plugins/com.st.stm32cube.ide.mcu.externaltools.gnu-tools-for-stm32.13.3.rel1.win32_1.0.100.202509120712/tools/bin/../lib/gcc/arm-none-eabi/13.3.1/../../../../arm-none-eabi/lib/thumb/v7e-m+fp/hard\libc_nano.a(libc_a-nano-vfprintf_i.o)
                              C:/ST/STM32CubeIDE_1.16.1/STM32CubeIDE/plugins/com.st.stm32cube.ide.mcu.externaltools.gnu-tools-for-stm32.13.3.rel1.win32_1.0.100.202509120712/tools/bin/../lib/gcc/arm-none-eabi/13.3.1/../../../../arm-none-eabi/lib/thumb/v7e-m+fp/hard\libc_nano.a(libc_a-nano-vfprintf_float.o) (_printf_common)
C:/ST/STM32CubeIDE_1.16.1/STM32CubeIDE/plugins/com.st.stm32cube.ide.mcu.externaltools.gnu-tools-for-stm32.13.3.rel1.win32_1.0.100.202509120712/tools/bin/../lib/gcc/arm-none-eabi/13.3.1/../../../../arm-none-eabi/lib/thumb/v7e-m+fp/hard\libc_nano.a(libc_a-nano-vfscanf_float.o)
                              (_scanf_float)
C:/ST/STM32CubeIDE_1.16.1/STM32CubeIDE/plugins/com.st.stm32cube.ide.mcu.externaltools.gnu-tools-for-stm32.13.3.rel1.win32_1.0.100.202509120712/tools/bin/../lib/gcc/arm-none-eabi/13.3.1/../../../../arm-none-eabi/lib/thumb/v7e-m+fp/hard\libc_nano.a(libc_a-findfp.o)
                              ./Middlewares/Third_Party/FreeRTOS/Source/tasks.o (__sf)
C:/ST/STM32CubeIDE_1.16.1/STM32CubeIDE/plugins/com.st.stm32cube.ide.mcu.externaltools.gnu-tools-for-stm32.13.3.rel1.win32_1.0.100.202509120712/tools/bin/../lib/gcc/arm-none-eabi/13.3.1/../../../../arm-none-eabi/lib/thumb/v7e-m+fp/hard\libc_nano.a(libc_a-fwalk.o)
                              C:/ST/STM32CubeIDE_1.16.1/STM32CubeIDE/plugins/com.st.stm32cube.ide.mcu.externaltools.gnu-tools-for-stm32.13.3.rel1.win32_1.0.100.202509120712/tools/bin/../lib/gcc/arm-none-eabi/13.3.1/../../../../arm-none-eabi/lib/thumb/v7e-m+fp/hard\libc_nano.a(libc_a-findfp.o) (_fwalk_sglue)
C:/ST/STM32CubeIDE_1.16.1/STM32CubeIDE/plugins/com.st.stm32cube.ide.mcu.externaltools.gnu-tools-for-stm32.13.3.rel1.win32_1.0.100.202509120712/tools/bin/../lib/gcc/arm-none-eabi/13.3.1/../../../../arm-none-eabi/lib/thumb/v7e-m+fp/hard\libc_nano.a(libc_a-printf.o)
                              ./Core/Src/mpu6050.o (printf)
C:/ST/STM32CubeIDE_1.16.1/STM32CubeIDE/plugins/com.st.stm32cube.ide.mcu.externaltools.gnu-tools-for-stm32.13.3.rel1.win32_1.0.100.202509120712/tools/bin/../lib/gcc/arm-none-eabi/13.3.1/../../../../arm-none-eabi/lib/thumb/v7e-m+fp/hard\libc_nano.a(libc_a-puts.o)
                              ./Core/Src/main.o (puts)
C:/ST/STM32CubeIDE_1.16.1/STM32CubeIDE/plugins/com.st.stm32cube.ide.mcu.externaltools.gnu-tools-for-stm32.13.3.rel1.win32_1.0.100.202509120712/tools/bin/../lib/gcc/arm-none-eabi/13.3.1/../../../../arm-none-eabi/lib/thumb/v7e-m+fp/hard\libc_nano.a(libc_a-sprintf.o)
                              ./Core/Src/gps_parser.o (sprintf)
C:/ST/STM32CubeIDE_1.16.1/STM32CubeIDE/plugins/com.st.stm32cube.ide.mcu.externaltools.gnu-tools-for-stm32.13.3.rel1.win32_1.0.100.202509120712/tools/bin/../lib/gcc/arm-none-eabi/13.3.1/../../../../arm-none-eabi/lib/thumb/v7e-m+fp/hard\libc_nano.a(libc_a-sscanf.o)
                              ./Core/Src/gps_parser.o (sscanf)
C:/ST/STM32CubeIDE_1.16.1/STM32CubeIDE/plugins/com.st.stm32cube.ide.mcu.externaltools.gnu-tools-for-stm32.13.3.rel1.win32_1.0.100.202509120712/tools/bin/../lib/gcc/arm-none-eabi/13.3.1/../../../../arm-none-eabi/lib/thumb/v7e-m+fp/hard\libc_nano.a(libc_a-stdio.o)
                              C:/ST/STM32CubeIDE_1.16.1/STM32CubeIDE/plugins/com.st.stm32cube.ide.mcu.externaltools.gnu-tools-for-stm32.13.3.rel1.win32_1.0.100.202509120712/tools/bin/../lib/gcc/arm-none-eabi/13.3.1/../../../../arm-none-eabi/lib/thumb/v7e-m+fp/hard\libc_nano.a(libc_a-findfp.o) (__sread)
C:/ST/STM32CubeIDE_1.16.1/STM32CubeIDE/plugins/com.st.stm32cube.ide.mcu.externaltools.gnu-tools-for-stm32.13.3.rel1.win32_1.0.100.202509120712/tools/bin/../lib/gcc/arm-none-eabi/13.3.1/../../../../arm-none-eabi/lib/thumb/v7e-m+fp/hard\libc_nano.a(libc_a-wbuf.o)
[...]
Memory Configuration

Name             Origin             Length             Attributes
RAM              0x20000000         0x00020000         xrw
FLASH            0x08000000         0x00080000         xr
*default*        0x00000000         0xffffffff

Linker script and memory map

LOAD C:/ST/STM32CubeIDE_1.16.1/STM32CubeIDE/plugins/com.st.stm32cube.ide.mcu.externaltools.gnu-tools-for-stm32.13.3.rel1.win32_1.0.100.202509120712/tools/bin/../lib/gcc/arm-none-eabi/13.3.1/thumb/v7e-m+fp/hard/crti.o
LOAD C:/ST/STM32CubeIDE_1.16.1/STM32CubeIDE/plugins/com.st.stm32cube.ide.mcu.externaltools.gnu-tools-for-stm32.13.3.rel1.win32_1.0.100.202509120712/tools/bin/../lib/gcc/arm-none-eabi/13.3.1/thumb/v7e-m+fp/hard/crtbegin.o
LOAD C:/ST/STM32CubeIDE_1.16.1/STM32CubeIDE/plugins/com.st.stm32cube.ide.mcu.externaltools.gnu-tools-for-stm32.13.3.rel1.win32_1.0.100.202509120712/tools/bin/../lib/gcc/arm-none-eabi/13.3.1/../../../../arm-none-eabi/lib/thumb/v7e-m+fp/hard/crt0.o
LOAD ./Core/Src/bmp280.o
LOAD ./Core/Src/freertos.o
LOAD ./Core/Src/gps_parser.o
LOAD ./Core/Src/main.o
LOAD ./Core/Src/mav_messages.o
LOAD ./Core/Src/mpu6050.o
LOAD ./Core/Src/stm32f4xx_hal_msp.o
LOAD ./Core/Src/stm32f4xx_hal_timebase_tim.o
LOAD ./Core/Src/stm32f4xx_it.o
LOAD ./Core/Src/syscalls.o
LOAD ./Core/Src/sysmem.o
LOAD ./Core/Src/system_stm32f4xx.o
LOAD ./Core/Startup/startup_stm32f446retx.o
LOAD ./Drivers/STM32F4xx_HAL_Driver/Src/stm32f4xx_hal.o
LOAD ./Drivers/STM32F4xx_HAL_Driver/Src/stm32f4xx_hal_cortex.o
LOAD ./Drivers/STM32F4xx_HAL_Driver/Src/stm32f4xx_hal_dma.o
LOAD ./Drivers/STM32F4xx_HAL_Driver/Src/stm32f4xx_hal_dma_ex.o
LOAD ./Drivers/STM32F4xx_HAL_Driver/Src/stm32f4xx_hal_exti.o
LOAD ./Drivers/STM32F4xx_HAL_Driver/Src/stm32f4xx_hal_flash.o
LOAD ./Drivers/STM32F4xx_HAL_Driver/Src/stm32f4xx_hal_flash_ex.o
LOAD ./Drivers/STM32F4xx_HAL_Driver/Src/stm32f4xx_hal_flash_ramfunc.o
LOAD ./Drivers/STM32F4xx_HAL_Driver/Src/stm32f4xx_hal_gpio.o
LOAD ./Drivers/STM32F4xx_HAL_Driver/Src/stm32f4xx_hal_i2c.o
LOAD ./Drivers/STM32F4xx_HAL_Driver/Src/stm32f4xx_hal_i2c_ex.o
LOAD ./Drivers/STM32F4xx_HAL_Driver/Src/stm32f4xx_hal_pwr.o
LOAD ./Drivers/STM32F4xx_HAL_Driver/Src/stm32f4xx_hal_pwr_ex.o
LOAD ./Drivers/STM32F4xx_HAL_Driver/Src/stm32f4xx_hal_rcc.o
LOAD ./Drivers/STM32F4xx_HAL_Driver/Src/stm32f4xx_hal_rcc_ex.o
LOAD ./Drivers/STM32F4xx_HAL_Driver/Src/stm32f4xx_hal_tim.o
LOAD ./Drivers/STM32F4xx_HAL_Driver/Src/stm32f4xx_hal_tim_ex.o
LOAD ./Drivers/STM32F4xx_HAL_Driver/Src/stm32f4xx_hal_uart.o
LOAD ./Middlewares/Third_Party/FreeRTOS/Source/CMSIS_RTOS_V2/cmsis_os2.o
LOAD ./Middlewares/Third_Party/FreeRTOS/Source/croutine.o
LOAD ./Middlewares/Third_Party/FreeRTOS/Source/event_groups.o
LOAD ./Middlewares/Third_Party/FreeRTOS/Source/list.o
LOAD ./Middlewares/Third_Party/FreeRTOS/Source/queue.o
LOAD ./Middlewares/Third_Party/FreeRTOS/Source/stream_buffer.o
LOAD ./Middlewares/Third_Party/FreeRTOS/Source/tasks.o
LOAD ./Middlewares/Third_Party/FreeRTOS/Source/timers.o
LOAD ./Middlewares/Third_Party/FreeRTOS/Source/portable/GCC/ARM_CM4F/port.o
LOAD ./Middlewares/Third_Party/FreeRTOS/Source/portable/MemMang/heap_4.o
START GROUP
LOAD C:/ST/STM32CubeIDE_1.16.1/STM32CubeIDE/plugins/com.st.stm32cube.ide.mcu.externaltools.gnu-tools-for-stm32.13.3.rel1.win32_1.0.100.202509120712/tools/bin/../lib/gcc/arm-none-eabi/13.3.1/../../../../arm-none-eabi/lib/thumb/v7e-m+fp/hard\libc_nano.a
LOAD C:/ST/STM32CubeIDE_1.16.1/STM32CubeIDE/plugins/com.st.stm32cube.ide.mcu.externaltools.gnu-tools-for-stm32.13.3.rel1.win32_1.0.100.202509120712/tools/bin/../lib/gcc/arm-none-eabi/13.3.1/../../../../arm-none-eabi/lib/thumb/v7e-m+fp/hard\libm.a
END GROUP
START GROUP
LOAD C:/ST/STM32CubeIDE_1.16.1/STM32CubeIDE/plugins/com.st.stm32cube.ide.mcu.externaltools.gnu-tools-for-stm32.13.3.rel1.win32_1.0.100.202509120712/tools/bin/../lib/gcc/arm-none-eabi/13.3.1/thumb/v7e-m+fp/hard\libgcc.a
LOAD C:/ST/STM32CubeIDE_1.16.1/STM32CubeIDE/plugins/com.st.stm32cube.ide.mcu.externaltools.gnu-tools-for-stm32.13.3.rel1.win32_1.0.100.202509120712/tools/bin/../lib/gcc/arm-none-eabi/13.3.1/../../../../arm-none-eabi/lib/thumb/v7e-m+fp/hard\libc_nano.a
END GROUP
START GROUP
LOAD C:/ST/STM32CubeIDE_1.16.1/STM32CubeIDE/plugins/com.st.stm32cube.ide.mcu.externaltools.gnu-tools-for-stm32.13.3.rel1.win32_1.0.100.202509120712/tools/bin/../lib/gcc/arm-none-eabi/13.3.1/thumb/v7e-m+fp/hard\libgcc.a
LOAD C:/ST/STM32CubeIDE_1.16.1/STM32CubeIDE/plugins/com.st.stm32cube.ide.mcu.externaltools.gnu-tools-for-stm32.13.3.rel1.win32_1.0.100.202509120712/tools/bin/../lib/gcc/arm-none-eabi/13.3.1/../../../../arm-none-eabi/lib/thumb/v7e-m+fp/hard\libc_nano.a
LOAD C:/ST/STM32CubeIDE_1.16.1/STM32CubeIDE/plugins/com.st.stm32cube.ide.mcu.externaltools.gnu-tools-for-stm32.13.3.rel1.win32_1.0.100.202509120712/tools/bin/../lib/gcc/arm-none-eabi/13.3.1/../../../../arm-none-eabi/lib/thumb/v7e-m+fp/hard\libnosys.a
END GROUP
START GROUP
LOAD C:/ST/STM32CubeIDE_1.16.1/STM32CubeIDE/plugins/com.st.stm32cube.ide.mcu.externaltools.gnu-tools-for-stm32.13.3.rel1.win32_1.0.100.202509120712/tools/bin/../lib/gcc/arm-none-eabi/13.3.1/thumb/v7e-m+fp/hard\libgcc.a
LOAD C:/ST/STM32CubeIDE_1.16.1/STM32CubeIDE/plugins/com.st.stm32cube.ide.mcu.externaltools.gnu-tools-for-stm32.13.3.rel1.win32_1.0.100.202509120712/tools/bin/../lib/gcc/arm-none-eabi/13.3.1/../../../../arm-none-eabi/lib/thumb/v7e-m+fp/hard\libc_nano.a
LOAD C:/ST/STM32CubeIDE_1.16.1/STM32CubeIDE/plugins/com.st.stm32cube.ide.mcu.externaltools.gnu-tools-for-stm32.13.3.rel1.win32_1.0.100.202509120712/tools/bin/../lib/gcc/arm-none-eabi/13.3.1/../../../../arm-none-eabi/lib/thumb/v7e-m+fp/hard\libnosys.a
END GROUP
LOAD C:/ST/STM32CubeIDE_1.16.1/STM32CubeIDE/plugins/com.st.stm32cube.ide.mcu.externaltools.gnu-tools-for-stm32.13.3.rel1.win32_1.0.100.202509120712/tools/bin/../lib/gcc/arm-none-eabi/13.3.1/thumb/v7e-m+fp/hard/crtend.o
LOAD C:/ST/STM32CubeIDE_1.16.1/STM32CubeIDE/plugins/com.st.stm32cube.ide.mcu.externaltools.gnu-tools-for-stm32.13.3.rel1.win32_1.0.100.202509120712/tools/bin/../lib/gcc/arm-none-eabi/13.3.1/thumb/v7e-m+fp/hard/crtn.o
                0x20020000                        _estack = (ORIGIN (RAM) + LENGTH (RAM))
                0x00000200                        _Min_Heap_Size = 0x200
                0x00000400                        _Min_Stack_Size = 0x400

.isr_vector     0x08000000      0x1c4
                0x08000000                        . = ALIGN (0x4)
 *(.isr_vector)
 .isr_vector    0x08000000      0x1c4 ./Core/Startup/startup_stm32f446retx.o
                0x08000000                g_pfnVectors
                0x080001c4                        . = ALIGN (0x4)

.text           0x080001d0    0x14590
                0x080001d0                        . = ALIGN (0x4)
 *(.text)
 .text          0x080001d0       0x40 C:/ST/STM32CubeIDE_1.16.1/STM32CubeIDE/plugins/com.st.stm32cube.ide.mcu.externaltools.gnu-tools-for-stm32.13.3.rel1.win32_1.0.100.202509120712/tools/bin/../lib/gcc/arm-none-eabi/13.3.1/thumb/v7e-m+fp/hard/crtbegin.o
 .text          0x08000210       0xa0 C:/ST/STM32CubeIDE_1.16.1/STM32CubeIDE/plugins/com.st.stm32cube.ide.mcu.externaltools.gnu-tools-for-stm32.13.3.rel1.win32_1.0.100.202509120712/tools/bin/../lib/gcc/arm-none-eabi/13.3.1/../../../../arm-none-eabi/lib/thumb/v7e-m+fp/hard\libc_nano.a(libc_a-memchr.o)
                0x08000210                memchr
 .text          0x080002b0       0x10 C:/ST/STM32CubeIDE_1.16.1/STM32CubeIDE/plugins/com.st.stm32cube.ide.mcu.externaltools.gnu-tools-for-stm32.13.3.rel1.win32_1.0.100.202509120712/tools/bin/../lib/gcc/arm-none-eabi/13.3.1/../../../../arm-none-eabi/lib/thumb/v7e-m+fp/hard\libc_nano.a(libc_a-strlen.o)
                0x080002b0                strlen
 .text          0x080002c0      0x378 C:/ST/STM32CubeIDE_1.16.1/STM32CubeIDE/plugins/com.st.stm32cube.ide.mcu.externaltools.gnu-tools-for-stm32.13.3.rel1.win32_1.0.100.202509120712/tools/bin/../lib/gcc/arm-none-eabi/13.3.1/thumb/v7e-m+fp/hard\libgcc.a(_arm_addsubdf3.o)
                0x080002c0                __aeabi_drsub
                0x080002c8                __aeabi_dsub
                0x080002c8                __subdf3
                0x080002cc                __aeabi_dadd
                0x080002cc                __adddf3
                0x08000544                __floatunsidf
                0x08000544                __aeabi_ui2d
                0x08000564                __floatsidf
                0x08000564                __aeabi_i2d
                0x08000588                __aeabi_f2d
                0x08000588                __extendsfdf2
                0x080005cc                __floatundidf
                0x080005cc                __aeabi_ul2d
                0x080005dc                __floatdidf
                0x080005dc                __aeabi_l2d
 .text          0x08000638      0x424 C:/ST/STM32CubeIDE_1.16.1/STM32CubeIDE/plugins/com.st.stm32cube.ide.mcu.externaltools.gnu-tools-for-stm32.13.3.rel1.win32_1.0.100.202509120712/tools/bin/../lib/gcc/arm-none-eabi/13.3.1/thumb/v7e-m+fp/hard\libgcc.a(_arm_muldivdf3.o)
                0x08000638                __aeabi_dmul
                0x08000638                __muldf3
                0x0800088c                __divdf3
                0x0800088c                __aeabi_ddiv
 .text          0x08000a5c      0x110 C:/ST/STM32CubeIDE_1.16.1/STM32CubeIDE/plugins/com.st.stm32cube.ide.mcu.externaltools.gnu-tools-for-stm32.13.3.rel1.win32_1.0.100.202509120712/tools/bin/../lib/gcc/arm-none-eabi/13.3.1/thumb/v7e-m+fp/hard\libgcc.a(_arm_cmpdf2.o)
                0x08000a5c                __gtdf2
                0x08000a5c                __gedf2
                0x08000a64                __ltdf2
                0x08000a64                __ledf2
                0x08000a6c                __nedf2
                0x08000a6c                __eqdf2
                0x08000a6c                __cmpdf2
                0x08000ae8                __aeabi_cdrcmple
                0x08000af8                __aeabi_cdcmpeq
                0x08000af8                __aeabi_cdcmple
                0x08000b08                __aeabi_dcmpeq
                0x08000b1c                __aeabi_dcmplt
                0x08000b30                __aeabi_dcmple
                0x08000b44                __aeabi_dcmpge
                0x08000b58                __aeabi_dcmpgt
 .text          0x08000b6c       0x2c C:/ST/STM32CubeIDE_1.16.1/STM32CubeIDE/plugins/com.st.stm32cube.ide.mcu.externaltools.gnu-tools-for-stm32.13.3.rel1.win32_1.0.100.202509120712/tools/bin/../lib/gcc/arm-none-eabi/13.3.1/thumb/v7e-m+fp/hard\libgcc.a(_arm_unorddf2.o)
                0x08000b6c                __unorddf2
                0x08000b6c                __aeabi_dcmpun
 .text          0x08000b98       0x50 C:/ST/STM32CubeIDE_1.16.1/STM32CubeIDE/plugins/com.st.stm32cube.ide.mcu.externaltools.gnu-tools-for-stm32.13.3.rel1.win32_1.0.100.202509120712/tools/bin/../lib/gcc/arm-none-eabi/13.3.1/thumb/v7e-m+fp/hard\libgcc.a(_arm_fixdfsi.o)
                0x08000b98                __aeabi_d2iz
                0x08000b98                __fixdfsi
 .text          0x08000be8       0x40 C:/ST/STM32CubeIDE_1.16.1/STM32CubeIDE/plugins/com.st.stm32cube.ide.mcu.externaltools.gnu-tools-for-stm32.13.3.rel1.win32_1.0.100.202509120712/tools/bin/../lib/gcc/arm-none-eabi/13.3.1/thumb/v7e-m+fp/hard\libgcc.a(_arm_fixunsdfsi.o)
                0x08000be8                __aeabi_d2uiz
                0x08000be8                __fixunsdfsi
 .text          0x08000c28       0xa0 C:/ST/STM32CubeIDE_1.16.1/STM32CubeIDE/plugins/com.st.stm32cube.ide.mcu.externaltools.gnu-tools-for-stm32.13.3.rel1.win32_1.0.100.202509120712/tools/bin/../lib/gcc/arm-none-eabi/13.3.1/thumb/v7e-m+fp/hard\libgcc.a(_arm_truncdfsf2.o)
                0x08000c28                __truncdfsf2
                0x08000c28                __aeabi_d2f
 .text          0x08000cc8       0x30 C:/ST/STM32CubeIDE_1.16.1/STM32CubeIDE/plugins/com.st.stm32cube.ide.mcu.externaltools.gnu-tools-for-stm32.13.3.rel1.win32_1.0.100.202509120712/tools/bin/../lib/gcc/arm-none-eabi/13.3.1/thumb/v7e-m+fp/hard\libgcc.a(_aeabi_uldivmod.o)
                0x08000cc8                __aeabi_uldivmod
 .text          0x08000cf8       0x30 C:/ST/STM32CubeIDE_1.16.1/STM32CubeIDE/plugins/com.st.stm32cube.ide.mcu.externaltools.gnu-tools-for-stm32.13.3.rel1.win32_1.0.100.202509120712/tools/bin/../lib/gcc/arm-none-eabi/13.3.1/thumb/v7e-m+fp/hard\libgcc.a(_fixdfdi.o)
                0x08000cf8                __fixdfdi
                0x08000cf8                __aeabi_d2lz
 .text          0x08000d28       0x3c C:/ST/STM32CubeIDE_1.16.1/STM32CubeIDE/plugins/com.st.stm32cube.ide.mcu.externaltools.gnu-tools-for-stm32.13.3.rel1.win32_1.0.100.202509120712/tools/bin/../lib/gcc/arm-none-eabi/13.3.1/thumb/v7e-m+fp/hard\libgcc.a(_fixunsdfdi.o)
                0x08000d28                __fixunsdfdi
                0x08000d28                __aeabi_d2ulz
 .text          0x08000d64      0x2f8 C:/ST/STM32CubeIDE_1.16.1/STM32CubeIDE/plugins/com.st.stm32cube.ide.mcu.externaltools.gnu-tools-for-stm32.13.3.rel1.win32_1.0.100.202509120712/tools/bin/../lib/gcc/arm-none-eabi/13.3.1/thumb/v7e-m+fp/hard\libgcc.a(_udivmoddi4.o)
                0x08000d64                __udivmoddi4
 .text          0x0800105c        0x4 C:/ST/STM32CubeIDE_1.16.1/STM32CubeIDE/plugins/com.st.stm32cube.ide.mcu.externaltools.gnu-tools-for-stm32.13.3.rel1.win32_1.0.100.202509120712/tools/bin/../lib/gcc/arm-none-eabi/13.3.1/thumb/v7e-m+fp/hard\libgcc.a(_dvmd_tls.o)
                0x0800105c                __aeabi_idiv0
                0x0800105c                __aeabi_ldiv0
 *(.text*)
 .text.bmp_hal_i2c_write
                0x08001060       0x38 ./Core/Src/bmp280.o
                0x08001060                bmp_hal_i2c_write
 .text.bmp_load_calib
                0x08001098      0x164 ./Core/Src/bmp280.o
 .text.temperature
                0x080011fc      0x1dc ./Core/Src/bmp280.o
                0x080011fc                temperature
 .text.pressure
                0x080013d8      0x3a0 ./Core/Src/bmp280.o
                0x080013d8                pressure
 .text.bmp_i2c_setup
                0x08001778       0x18 ./Core/Src/bmp280.o
                0x08001778                bmp_i2c_setup
 .text.altitude_calc
                0x08001790       0xbc ./Core/Src/bmp280.o
                0x08001790                altitude_calc
 .text.nmeaToDecimal
                0x0800184c       0x80 ./Core/Src/gps_parser.o
                0x0800184c                nmeaToDecimal
 .text.gpsValidate
                0x080018cc       0xc4 ./Core/Src/gps_parser.o
                0x080018cc                gpsValidate
 .text.gpsParse
                0x08001990      0x278 ./Core/Src/gps_parser.o
                0x08001990                gpsParse
 .text.__io_putchar
                0x08001c08       0x24 ./Core/Src/main.o
                0x08001c08                __io_putchar
 .text.HAL_TIM_IC_CaptureCallback
                0x08001c2c      0x1c8 ./Core/Src/main.o
                0x08001c2c                HAL_TIM_IC_CaptureCallback
 .text.HAL_UART_RxCpltCallback
                0x08001df4       0x84 ./Core/Src/main.o
                0x08001df4                HAL_UART_RxCpltCallback
 .text.set_raw_ccr
                0x08001e78       0x8c ./Core/Src/main.o
                0x08001e78                set_raw_ccr
 *fill*         0x08001f04        0x4 
 .text.pid_equation
                0x08001f08      0x17c ./Core/Src/main.o
                0x08001f08                pid_equation
 .text.mapRCtoPID
                0x08002084       0x5c ./Core/Src/main.o
                0x08002084                mapRCtoPID
 .text.reset_pid
                0x080020e0       0x88 ./Core/Src/main.o
                0x080020e0                reset_pid
 .text.main     0x08002168      0x1d8 ./Core/Src/main.o
                0x08002168                main
 .text.SystemClock_Config
                0x08002340       0xdc ./Core/Src/main.o
                0x08002340                SystemClock_Config
 .text.MX_I2C1_Init
                0x0800241c       0x5c ./Core/Src/main.o
 .text.MX_I2C3_Init
                0x08002478       0x5c ./Core/Src/main.o
 .text.MX_TIM2_Init
                0x080024d4      0x118 ./Core/Src/main.o
 .text.MX_TIM3_Init
                0x080025ec      0x130 ./Core/Src/main.o
 .text.MX_TIM4_Init
                0x0800271c       0xe0 ./Core/Src/main.o
 .text.MX_TIM9_Init
                0x080027fc       0x74 ./Core/Src/main.o
 .text.MX_TIM10_Init
                0x08002870       0x48 ./Core/Src/main.o
 .text.MX_USART1_UART_Init
                0x080028b8       0x54 ./Core/Src/main.o
 .text.MX_USART2_UART_Init
                0x0800290c       0x54 ./Core/Src/main.o
 .text.MX_USART6_UART_Init
                0x08002960       0x54 ./Core/Src/main.o
 .text.MX_GPIO_Init
                0x080029b4      0x10c ./Core/Src/main.o
 .text.arm_disarm
                0x08002ac0       0xf4 ./Core/Src/main.o
                0x08002ac0                arm_disarm
 .text.mode_handler
                0x08002bb4       0x54 ./Core/Src/main.o
                0x08002bb4                mode_handler
 .text.debounce_task
                0x08002c08       0x24 ./Core/Src/main.o
                0x08002c08                debounce_task
 *fill*         0x08002c2c        0x4 
 .text.quad_mode
                0x08002c30      0xd74 ./Core/Src/main.o
                0x08002c30                quad_mode
 .text.telemetry_task
                0x080039a4       0xb8 ./Core/Src/main.o
                0x080039a4                telemetry_task
 .text.HAL_TIM_PeriodElapsedCallback
                0x08003a5c       0x40 ./Core/Src/main.o
                0x08003a5c                HAL_TIM_PeriodElapsedCallback
 .text.Error_Handler
                0x08003a9c        0xc ./Core/Src/main.o
                0x08003a9c                Error_Handler
 .text.crc_accumulate
                0x08003aa8       0x6a ./Core/Src/mav_messages.o
 .text.crc_init
                0x08003b12       0x1c ./Core/Src/mav_messages.o
 .text.crc_calculate
                0x08003b2e       0x40 ./Core/Src/mav_messages.o
 .text.crc_accumulate_buffer
                0x08003b6e       0x38 ./Core/Src/mav_messages.o
 *fill*         0x08003ba6        0x2 
 .text.mavlink_sha256_init
                0x08003ba8       0x70 ./Core/Src/mav_messages.o
 .text.mavlink_sha256_calc
                0x08003c18      0x3c0 ./Core/Src/mav_messages.o
 .text.mavlink_sha256_update
                0x08003fd8      0x104 ./Core/Src/mav_messages.o
 .text.mavlink_sha256_final_48
                0x080040dc      0x12e ./Core/Src/mav_messages.o
 *fill*         0x0800420a        0x2 
 .text.mavlink_get_channel_status
                0x0800420c       0x28 ./Core/Src/mav_messages.o
 .text.mavlink_sign_packet
                0x08004234       0xcc ./Core/Src/mav_messages.o
 .text._mav_trim_payload
                0x08004300       0x36 ./Core/Src/mav_messages.o
 .text.mavlink_finalize_message_buffer
                0x08004336      0x26e ./Core/Src/mav_messages.o
 .text.mavlink_finalize_message_chan
                0x080045a4       0x48 ./Core/Src/mav_messages.o
 .text.mavlink_finalize_message
                0x080045ec       0x3c ./Core/Src/mav_messages.o
 .text.mavlink_msg_to_send_buffer
                0x08004628      0x1be ./Core/Src/mav_messages.o
 .text.mav_array_memcpy
                0x080047e6       0x30 ./Core/Src/mav_messages.o
 .text.mav_array_assign_char
                0x08004816       0x30 ./Core/Src/mav_messages.o
 .text.mavlink_msg_scaled_pressure_pack
                0x08004846       0x6e ./Core/Src/mav_messages.o
 .text.mavlink_msg_attitude_pack
                0x080048b4       0x8e ./Core/Src/mav_messages.o
 .text.mavlink_msg_vfr_hud_pack
                0x08004942       0x7e ./Core/Src/mav_messages.o
 .text.mavlink_msg_battery_status_pack
                0x080049c0       0xe8 ./Core/Src/mav_messages.o
 .text.mavlink_msg_statustext_pack
                0x08004aa8       0x9c ./Core/Src/mav_messages.o
 .text.mavlink_msg_global_position_int_pack
                0x08004b44       0x7e ./Core/Src/mav_messages.o
 .text.mavlink_msg_heartbeat_pack
                0x08004bc2       0x70 ./Core/Src/mav_messages.o
 *fill*         0x08004c32        0x2 
 .text.send_heartbeat_armed
                0x08004c34       0x58 ./Core/Src/mav_messages.o
                0x08004c34                send_heartbeat_armed
 .text.send_heartbeat_disarmed
                0x08004c8c       0x58 ./Core/Src/mav_messages.o
                0x08004c8c                send_heartbeat_disarmed
 *fill*         0x08004ce4        0x4 
 .text.send_attitude
                0x08004ce8       0xe8 ./Core/Src/mav_messages.o
                0x08004ce8                send_attitude
 .text.send_battery_info
                0x08004dd0      0x164 ./Core/Src/mav_messages.o
                0x08004dd0                send_battery_info
 *fill*         0x08004f34        0x4 
 .text.send_global_position_int
                0x08004f38      0x140 ./Core/Src/mav_messages.o
                0x08004f38                send_global_position_int
 .text.send_vfr_hud
                0x08005078      0x118 ./Core/Src/mav_messages.o
                0x08005078                send_vfr_hud
 .text.send_scaled_pressure
                0x08005190       0xc0 ./Core/Src/mav_messages.o
                0x08005190                send_scaled_pressure
 .text.send_status_text
                0x08005250       0x80 ./Core/Src/mav_messages.o
                0x08005250                send_status_text
 .text.Kalman_Init
                0x080052d0       0x44 ./Core/Src/mpu6050.o
                0x080052d0                Kalman_Init
 .text.mpu_init
                0x08005314       0xdc ./Core/Src/mpu6050.o
                0x08005314                mpu_init
 .text.mpu_roll_pitch_read_accel
                0x080053f0      0x1ac ./Core/Src/mpu6050.o
                0x080053f0                mpu_roll_pitch_read_accel
 .text.mpu_roll_pitch_calibration_accel
                0x0800559c       0xa0 ./Core/Src/mpu6050.o
                0x0800559c                mpu_roll_pitch_calibration_accel
 .text.mpu_gyro_calibration
                0x0800563c       0xdc ./Core/Src/mpu6050.o
                0x0800563c                mpu_gyro_calibration
 .text.mpu_gyro_read
                0x08005718       0xd4 ./Core/Src/mpu6050.o
                0x08005718                mpu_gyro_read
 .text.Kalman_get_angle
                0x080057ec      0x3d6 ./Core/Src/mpu6050.o
                0x080057ec                Kalman_get_angle
 *fill*         0x08005bc2        0x2 
 .text.mpu_get_kalman_angles
                0x08005bc4      0x144 ./Core/Src/mpu6050.o
                0x08005bc4                mpu_get_kalman_angles
 .text.HAL_MspInit
                0x08005d08       0x58 ./Core/Src/stm32f4xx_hal_msp.o
                0x08005d08                HAL_MspInit
 .text.HAL_I2C_MspInit
                0x08005d60      0x140 ./Core/Src/stm32f4xx_hal_msp.o
                0x08005d60                HAL_I2C_MspInit
 .text.HAL_TIM_Base_MspInit
                0x08005ea0      0x13c ./Core/Src/stm32f4xx_hal_msp.o
                0x08005ea0                HAL_TIM_Base_MspInit
 .text.HAL_TIM_MspPostInit
                0x08005fdc      0x138 ./Core/Src/stm32f4xx_hal_msp.o
                0x08005fdc                HAL_TIM_MspPostInit
 .text.HAL_UART_MspInit
                0x08006114      0x174 ./Core/Src/stm32f4xx_hal_msp.o
                0x08006114                HAL_UART_MspInit
 .text.HAL_InitTick
                0x08006288       0xe4 ./Core/Src/stm32f4xx_hal_timebase_tim.o
                0x08006288                HAL_InitTick
 .text.NMI_Handler
                0x0800636c        0x8 ./Core/Src/stm32f4xx_it.o
                0x0800636c                NMI_Handler
 .text.HardFault_Handler
                0x08006374        0x8 ./Core/Src/stm32f4xx_it.o
                0x08006374                HardFault_Handler
 .text.MemManage_Handler
                0x0800637c        0x8 ./Core/Src/stm32f4xx_it.o
                0x0800637c                MemManage_Handler
 .text.BusFault_Handler
                0x08006384        0x8 ./Core/Src/stm32f4xx_it.o
                0x08006384                BusFault_Handler
 .text.UsageFault_Handler
                0x0800638c        0x8 ./Core/Src/stm32f4xx_it.o
                0x0800638c                UsageFault_Handler
 .text.DebugMon_Handler
                0x08006394        0xe ./Core/Src/stm32f4xx_it.o
                0x08006394                DebugMon_Handler
 *fill*         0x080063a2        0x2 
 .text.TIM1_TRG_COM_TIM11_IRQHandler
                0x080063a4       0x14 ./Core/Src/stm32f4xx_it.o
                0x080063a4                TIM1_TRG_COM_TIM11_IRQHandler
 .text.USART1_IRQHandler
                0x080063b8       0x14 ./Core/Src/stm32f4xx_it.o
                0x080063b8                USART1_IRQHandler
 .text._getpid  0x080063cc       0x10 ./Core/Src/syscalls.o
                0x080063cc                _getpid
 .text._kill    0x080063dc       0x20 ./Core/Src/syscalls.o
                0x080063dc                _kill
 .text._exit    0x080063fc       0x16 ./Core/Src/syscalls.o
                0x080063fc                _exit
 .text._read    0x08006412       0x3a ./Core/Src/syscalls.o
                0x08006412                _read
 .text._write   0x0800644c       0x38 ./Core/Src/syscalls.o
                0x0800644c                _write
 .text._close   0x08006484       0x18 ./Core/Src/syscalls.o
                0x08006484                _close
 .text._fstat   0x0800649c       0x20 ./Core/Src/syscalls.o
                0x0800649c                _fstat
 .text._isatty  0x080064bc       0x16 ./Core/Src/syscalls.o
                0x080064bc                _isatty
 .text._lseek   0x080064d2       0x1a ./Core/Src/syscalls.o
                0x080064d2                _lseek
 .text._sbrk    0x080064ec       0x6c ./Core/Src/sysmem.o
                0x080064ec                _sbrk
 .text.SystemInit
                0x08006558       0x24 ./Core/Src/system_stm32f4xx.o
                0x08006558                SystemInit
 .text.Reset_Handler
                0x0800657c       0x50 ./Core/Startup/startup_stm32f446retx.o
                0x0800657c                Reset_Handler
 .text.Default_Handler
                0x080065cc        0x2 ./Core/Startup/startup_stm32f446retx.o
                0x080065cc                RTC_Alarm_IRQHandler
                0x080065cc                EXTI2_IRQHandler
                0x080065cc                TIM8_CC_IRQHandler
                0x080065cc                FMPI2C1_EV_IRQHandler
                0x080065cc                SPI4_IRQHandler
                0x080065cc                TIM1_CC_IRQHandler
                0x080065cc                DMA2_Stream5_IRQHandler
                0x080065cc                DMA1_Stream5_IRQHandler
                0x080065cc                PVD_IRQHandler
                0x080065cc                SDIO_IRQHandler
                0x080065cc                TAMP_STAMP_IRQHandler
                0x080065cc                CAN2_RX1_IRQHandler
                0x080065cc                EXTI3_IRQHandler
                0x080065cc                TIM8_TRG_COM_TIM14_IRQHandler
                0x080065cc                TIM1_UP_TIM10_IRQHandler
                0x080065cc                TIM8_UP_TIM13_IRQHandler
                0x080065cc                I2C3_ER_IRQHandler
                0x080065cc                EXTI0_IRQHandler
                0x080065cc                I2C2_EV_IRQHandler
                0x080065cc                DMA1_Stream2_IRQHandler
                0x080065cc                CAN1_RX0_IRQHandler
                0x080065cc                FPU_IRQHandler
                0x080065cc                OTG_HS_WKUP_IRQHandler
                0x080065cc                CAN2_SCE_IRQHandler
                0x080065cc                DMA2_Stream2_IRQHandler
                0x080065cc                SPI1_IRQHandler
                0x080065cc                TIM6_DAC_IRQHandler
                0x080065cc                TIM1_BRK_TIM9_IRQHandler
                0x080065cc                DCMI_IRQHandler
                0x080065cc                CAN2_RX0_IRQHandler
                0x080065cc                DMA2_Stream3_IRQHandler
                0x080065cc                SAI2_IRQHandler
                0x080065cc                USART6_IRQHandler
                0x080065cc                USART3_IRQHandler
                0x080065cc                CAN1_RX1_IRQHandler
                0x080065cc                UART5_IRQHandler
                0x080065cc                DMA2_Stream0_IRQHandler
                0x080065cc                TIM4_IRQHandler
                0x080065cc                QUADSPI_IRQHandler
                0x080065cc                I2C1_EV_IRQHandler
                0x080065cc                DMA1_Stream6_IRQHandler
                0x080065cc                DMA1_Stream1_IRQHandler
                0x080065cc                UART4_IRQHandler
                0x080065cc                TIM3_IRQHandler
                0x080065cc                RCC_IRQHandler
                0x080065cc                TIM8_BRK_TIM12_IRQHandler
                0x080065cc                Default_Handler
                0x080065cc                CEC_IRQHandler
                0x080065cc                EXTI15_10_IRQHandler
                0x080065cc                ADC_IRQHandler
                0x080065cc                DMA1_Stream7_IRQHandler
                0x080065cc                TIM7_IRQHandler
                0x080065cc                CAN2_TX_IRQHandler
                0x080065cc                TIM5_IRQHandler
                0x080065cc                DMA2_Stream7_IRQHandler
                0x080065cc                I2C3_EV_IRQHandler
                0x080065cc                EXTI9_5_IRQHandler
                0x080065cc                RTC_WKUP_IRQHandler
                0x080065cc                SPDIF_RX_IRQHandler
                0x080065cc                SPI2_IRQHandler
                0x080065cc                OTG_HS_EP1_IN_IRQHandler
                0x080065cc                DMA1_Stream0_IRQHandler
                0x080065cc                CAN1_TX_IRQHandler
                0x080065cc                FMPI2C1_ER_IRQHandler
                0x080065cc                EXTI4_IRQHandler
                0x080065cc                OTG_HS_EP1_OUT_IRQHandler
                0x080065cc                WWDG_IRQHandler
                0x080065cc                TIM2_IRQHandler
                0x080065cc                OTG_FS_WKUP_IRQHandler
                0x080065cc                OTG_HS_IRQHandler
                0x080065cc                EXTI1_IRQHandler
                0x080065cc                USART2_IRQHandler
                0x080065cc                I2C2_ER_IRQHandler
                0x080065cc                DMA2_Stream1_IRQHandler
                0x080065cc                CAN1_SCE_IRQHandler
                0x080065cc                FLASH_IRQHandler
                0x080065cc                DMA2_Stream4_IRQHandler
                0x080065cc                OTG_FS_IRQHandler
                0x080065cc                SPI3_IRQHandler
                0x080065cc                DMA1_Stream4_IRQHandler
                0x080065cc                I2C1_ER_IRQHandler
                0x080065cc                FMC_IRQHandler
                0x080065cc                DMA2_Stream6_IRQHandler
                0x080065cc                SAI1_IRQHandler
                0x080065cc                DMA1_Stream3_IRQHandler
 *fill*         0x080065ce        0x2 
 .text.HAL_Init
                0x080065d0       0x44 ./Drivers/STM32F4xx_HAL_Driver/Src/stm32f4xx_hal.o
                0x080065d0                HAL_Init
 .text.HAL_IncTick
                0x08006614       0x28 ./Drivers/STM32F4xx_HAL_Driver/Src/stm32f4xx_hal.o
                0x08006614                HAL_IncTick
 .text.HAL_GetTick
                0x0800663c       0x18 ./Drivers/STM32F4xx_HAL_Driver/Src/stm32f4xx_hal.o
                0x0800663c                HAL_GetTick
 .text.HAL_Delay
                0x08006654       0x48 ./Drivers/STM32F4xx_HAL_Driver/Src/stm32f4xx_hal.o
                0x08006654                HAL_Delay
 .text.__NVIC_SetPriorityGrouping
                0x0800669c       0x48 ./Drivers/STM32F4xx_HAL_Driver/Src/stm32f4xx_hal_cortex.o
 .text.__NVIC_GetPriorityGrouping
                0x080066e4       0x1c ./Drivers/STM32F4xx_HAL_Driver/Src/stm32f4xx_hal_cortex.o
 .text.__NVIC_EnableIRQ
                0x08006700       0x3c ./Drivers/STM32F4xx_HAL_Driver/Src/stm32f4xx_hal_cortex.o
 .text.__NVIC_SetPriority
                0x0800673c       0x54 ./Drivers/STM32F4xx_HAL_Driver/Src/stm32f4xx_hal_cortex.o
 .text.NVIC_EncodePriority
                0x08006790       0x66 ./Drivers/STM32F4xx_HAL_Driver/Src/stm32f4xx_hal_cortex.o
 .text.HAL_NVIC_SetPriorityGrouping
                0x080067f6       0x16 ./Drivers/STM32F4xx_HAL_Driver/Src/stm32f4xx_hal_cortex.o
                0x080067f6                HAL_NVIC_SetPriorityGrouping
 .text.HAL_NVIC_SetPriority
                0x0800680c       0x38 ./Drivers/STM32F4xx_HAL_Driver/Src/stm32f4xx_hal_cortex.o
                0x0800680c                HAL_NVIC_SetPriority
 .text.HAL_NVIC_EnableIRQ
                0x08006844       0x1c ./Drivers/STM32F4xx_HAL_Driver/Src/stm32f4xx_hal_cortex.o
                0x08006844                HAL_NVIC_EnableIRQ
 .text.HAL_DMA_Abort
                0x08006860       0xe0 ./Drivers/STM32F4xx_HAL_Driver/Src/stm32f4xx_hal_dma.o
                0x08006860                HAL_DMA_Abort
 .text.HAL_DMA_Abort_IT
                0x08006940       0x44 ./Drivers/STM32F4xx_HAL_Driver/Src/stm32f4xx_hal_dma.o
                0x08006940                HAL_DMA_Abort_IT
 .text.HAL_GPIO_Init
                0x08006984      0x328 ./Drivers/STM32F4xx_HAL_Driver/Src/stm32f4xx_hal_gpio.o
                0x08006984                HAL_GPIO_Init
 .text.HAL_GPIO_WritePin
                0x08006cac       0x32 ./Drivers/STM32F4xx_HAL_Driver/Src/stm32f4xx_hal_gpio.o
                0x08006cac                HAL_GPIO_WritePin
 .text.HAL_GPIO_TogglePin
                0x08006cde       0x34 ./Drivers/STM32F4xx_HAL_Driver/Src/stm32f4xx_hal_gpio.o
                0x08006cde                HAL_GPIO_TogglePin
 *fill*         0x08006d12        0x2 
 .text.HAL_I2C_Init
                0x08006d14      0x288 ./Drivers/STM32F4xx_HAL_Driver/Src/stm32f4xx_hal_i2c.o
                0x08006d14                HAL_I2C_Init
 .text.HAL_I2C_Mem_Write
                0x08006f9c      0x1f4 ./Drivers/STM32F4xx_HAL_Driver/Src/stm32f4xx_hal_i2c.o
                0x08006f9c                HAL_I2C_Mem_Write
 .text.HAL_I2C_Mem_Read
                0x08007190      0x464 ./Drivers/STM32F4xx_HAL_Driver/Src/stm32f4xx_hal_i2c.o
                0x08007190                HAL_I2C_Mem_Read
 .text.I2C_RequestMemoryWrite
                0x080075f4      0x12c ./Drivers/STM32F4xx_HAL_Driver/Src/stm32f4xx_hal_i2c.o
 .text.I2C_RequestMemoryRead
                0x08007720      0x1d0 ./Drivers/STM32F4xx_HAL_Driver/Src/stm32f4xx_hal_i2c.o
 .text.I2C_WaitOnFlagUntilTimeout
                0x080078f0       0xf4 ./Drivers/STM32F4xx_HAL_Driver/Src/stm32f4xx_hal_i2c.o
 .text.I2C_WaitOnMasterAddressFlagUntilTimeout
                0x080079e4      0x140 ./Drivers/STM32F4xx_HAL_Driver/Src/stm32f4xx_hal_i2c.o
 .text.I2C_WaitOnTXEFlagUntilTimeout
                0x08007b24       0x90 ./Drivers/STM32F4xx_HAL_Driver/Src/stm32f4xx_hal_i2c.o
 .text.I2C_WaitOnBTFFlagUntilTimeout
                0x08007bb4       0x90 ./Drivers/STM32F4xx_HAL_Driver/Src/stm32f4xx_hal_i2c.o
 .text.I2C_WaitOnRXNEFlagUntilTimeout
                0x08007c44       0xba ./Drivers/STM32F4xx_HAL_Driver/Src/stm32f4xx_hal_i2c.o
 .text.I2C_IsAcknowledgeFailed
                0x08007cfe       0x5e ./Drivers/STM32F4xx_HAL_Driver/Src/stm32f4xx_hal_i2c.o
 .text.HAL_RCC_ClockConfig
                0x08007d5c      0x1cc ./Drivers/STM32F4xx_HAL_Driver/Src/stm32f4xx_hal_rcc.o
                0x08007d5c                HAL_RCC_ClockConfig
 .text.HAL_RCC_GetHCLKFreq
                0x08007f28       0x18 ./Drivers/STM32F4xx_HAL_Driver/Src/stm32f4xx_hal_rcc.o
                0x08007f28                HAL_RCC_GetHCLKFreq
 .text.HAL_RCC_GetPCLK1Freq
                0x08007f40       0x28 ./Drivers/STM32F4xx_HAL_Driver/Src/stm32f4xx_hal_rcc.o
                0x08007f40                HAL_RCC_GetPCLK1Freq
 .text.HAL_RCC_GetPCLK2Freq
                0x08007f68       0x28 ./Drivers/STM32F4xx_HAL_Driver/Src/stm32f4xx_hal_rcc.o
                0x08007f68                HAL_RCC_GetPCLK2Freq
 .text.HAL_RCC_GetClockConfig
                0x08007f90       0x64 ./Drivers/STM32F4xx_HAL_Driver/Src/stm32f4xx_hal_rcc.o
                0x08007f90                HAL_RCC_GetClockConfig
 .text.HAL_RCC_GetSysClockFreq
                0x08007ff4      0x460 ./Drivers/STM32F4xx_HAL_Driver/Src/stm32f4xx_hal_rcc_ex.o
                0x08007ff4                HAL_RCC_GetSysClockFreq
 .text.HAL_RCC_OscConfig
                0x08008454      0x53c ./Drivers/STM32F4xx_HAL_Driver/Src/stm32f4xx_hal_rcc_ex.o
                0x08008454                HAL_RCC_OscConfig
 .text.HAL_TIM_Base_Init
                0x08008990       0x9e ./Drivers/STM32F4xx_HAL_Driver/Src/stm32f4xx_hal_tim.o
                0x08008990                HAL_TIM_Base_Init
 *fill*         0x08008a2e        0x2 
 .text.HAL_TIM_Base_Start
                0x08008a30       0xd0 ./Drivers/STM32F4xx_HAL_Driver/Src/stm32f4xx_hal_tim.o
                0x08008a30                HAL_TIM_Base_Start
 .text.HAL_TIM_Base_Stop
                0x08008b00       0x4e ./Drivers/STM32F4xx_HAL_Driver/Src/stm32f4xx_hal_tim.o
                0x08008b00                HAL_TIM_Base_Stop
 *fill*         0x08008b4e        0x2 
 .text.HAL_TIM_Base_Start_IT
                0x08008b50       0xe0 ./Drivers/STM32F4xx_HAL_Driver/Src/stm32f4xx_hal_tim.o
                0x08008b50                HAL_TIM_Base_Start_IT
 .text.HAL_TIM_PWM_Init
                0x08008c30       0x9e ./Drivers/STM32F4xx_HAL_Driver/Src/stm32f4xx_hal_tim.o
                0x08008c30                HAL_TIM_PWM_Init
 .text.HAL_TIM_PWM_MspInit
                0x08008cce       0x14 ./Drivers/STM32F4xx_HAL_Driver/Src/stm32f4xx_hal_tim.o
                0x08008cce                HAL_TIM_PWM_MspInit
 *fill*         0x08008ce2        0x2 
 .text.HAL_TIM_PWM_Start
                0x08008ce4      0x190 ./Drivers/STM32F4xx_HAL_Driver/Src/stm32f4xx_hal_tim.o
                0x08008ce4                HAL_TIM_PWM_Start
 .text.HAL_TIM_PWM_Stop
                0x08008e74       0xe0 ./Drivers/STM32F4xx_HAL_Driver/Src/stm32f4xx_hal_tim.o
                0x08008e74                HAL_TIM_PWM_Stop
 .text.HAL_TIM_PWM_Start_IT
                0x08008f54      0x22c ./Drivers/STM32F4xx_HAL_Driver/Src/stm32f4xx_hal_tim.o
                0x08008f54                HAL_TIM_PWM_Start_IT
 .text.HAL_TIM_IC_Init
                0x08009180       0x9e ./Drivers/STM32F4xx_HAL_Driver/Src/stm32f4xx_hal_tim.o
                0x08009180                HAL_TIM_IC_Init
 .text.HAL_TIM_IC_MspInit
                0x0800921e       0x14 ./Drivers/STM32F4xx_HAL_Driver/Src/stm32f4xx_hal_tim.o
                0x0800921e                HAL_TIM_IC_MspInit
 .text.HAL_TIM_IRQHandler
                0x08009232      0x1e0 ./Drivers/STM32F4xx_HAL_Driver/Src/stm32f4xx_hal_tim.o
                0x08009232                HAL_TIM_IRQHandler
 .text.HAL_TIM_IC_ConfigChannel
                0x08009412      0x138 ./Drivers/STM32F4xx_HAL_Driver/Src/stm32f4xx_hal_tim.o
                0x08009412                HAL_TIM_IC_ConfigChannel
 *fill*         0x0800954a        0x2 
 .text.HAL_TIM_PWM_ConfigChannel
                0x0800954c      0x184 ./Drivers/STM32F4xx_HAL_Driver/Src/stm32f4xx_hal_tim.o
                0x0800954c                HAL_TIM_PWM_ConfigChannel
 .text.HAL_TIM_ConfigClockSource
                0x080096d0      0x18e ./Drivers/STM32F4xx_HAL_Driver/Src/stm32f4xx_hal_tim.o
                0x080096d0                HAL_TIM_ConfigClockSource
 *fill*         0x0800985e        0x2 
 .text.HAL_TIM_ReadCapturedValue
                0x08009860       0x88 ./Drivers/STM32F4xx_HAL_Driver/Src/stm32f4xx_hal_tim.o
                0x08009860                HAL_TIM_ReadCapturedValue
 .text.HAL_TIM_OC_DelayElapsedCallback
                0x080098e8       0x14 ./Drivers/STM32F4xx_HAL_Driver/Src/stm32f4xx_hal_tim.o
                0x080098e8                HAL_TIM_OC_DelayElapsedCallback
 .text.HAL_TIM_PWM_PulseFinishedCallback
                0x080098fc       0x14 ./Drivers/STM32F4xx_HAL_Driver/Src/stm32f4xx_hal_tim.o
                0x080098fc                HAL_TIM_PWM_PulseFinishedCallback
 .text.HAL_TIM_TriggerCallback
                0x08009910       0x14 ./Drivers/STM32F4xx_HAL_Driver/Src/stm32f4xx_hal_tim.o
                0x08009910                HAL_TIM_TriggerCallback
 .text.TIM_Base_SetConfig
                0x08009924      0x14c ./Drivers/STM32F4xx_HAL_Driver/Src/stm32f4xx_hal_tim.o
                0x08009924                TIM_Base_SetConfig
 .text.TIM_OC1_SetConfig
                0x08009a70       0xe0 ./Drivers/STM32F4xx_HAL_Driver/Src/stm32f4xx_hal_tim.o
 .text.TIM_OC2_SetConfig
                0x08009b50       0xec ./Drivers/STM32F4xx_HAL_Driver/Src/stm32f4xx_hal_tim.o
                0x08009b50                TIM_OC2_SetConfig
 .text.TIM_OC3_SetConfig
                0x08009c3c       0xe8 ./Drivers/STM32F4xx_HAL_Driver/Src/stm32f4xx_hal_tim.o
 .text.TIM_OC4_SetConfig
                0x08009d24       0xac ./Drivers/STM32F4xx_HAL_Driver/Src/stm32f4xx_hal_tim.o
 .text.TIM_TI1_SetConfig
                0x08009dd0       0xe8 ./Drivers/STM32F4xx_HAL_Driver/Src/stm32f4xx_hal_tim.o
                0x08009dd0                TIM_TI1_SetConfig
 .text.TIM_TI1_ConfigInputStage
                0x08009eb8       0x5e ./Drivers/STM32F4xx_HAL_Driver/Src/stm32f4xx_hal_tim.o
 .text.TIM_TI2_SetConfig
                0x08009f16       0x7a ./Drivers/STM32F4xx_HAL_Driver/Src/stm32f4xx_hal_tim.o
 .text.TIM_TI2_ConfigInputStage
                0x08009f90       0x60 ./Drivers/STM32F4xx_HAL_Driver/Src/stm32f4xx_hal_tim.o
 .text.TIM_TI3_SetConfig
                0x08009ff0       0x78 ./Drivers/STM32F4xx_HAL_Driver/Src/stm32f4xx_hal_tim.o
 .text.TIM_TI4_SetConfig
                0x0800a068       0x7a ./Drivers/STM32F4xx_HAL_Driver/Src/stm32f4xx_hal_tim.o
 .text.TIM_ITRx_SetConfig
                0x0800a0e2       0x36 ./Drivers/STM32F4xx_HAL_Driver/Src/stm32f4xx_hal_tim.o
 .text.TIM_ETR_SetConfig
                0x0800a118       0x40 ./Drivers/STM32F4xx_HAL_Driver/Src/stm32f4xx_hal_tim.o
                0x0800a118                TIM_ETR_SetConfig
 .text.TIM_CCxChannelCmd
                0x0800a158       0x4a ./Drivers/STM32F4xx_HAL_Driver/Src/stm32f4xx_hal_tim.o
                0x0800a158                TIM_CCxChannelCmd
 *fill*         0x0800a1a2        0x2 
 .text.HAL_TIMEx_MasterConfigSynchronization
                0x0800a1a4       0xf8 ./Drivers/STM32F4xx_HAL_Driver/Src/stm32f4xx_hal_tim_ex.o
                0x0800a1a4                HAL_TIMEx_MasterConfigSynchronization
 .text.HAL_TIMEx_CommutCallback
                0x0800a29c       0x14 ./Drivers/STM32F4xx_HAL_Driver/Src/stm32f4xx_hal_tim_ex.o
                0x0800a29c                HAL_TIMEx_CommutCallback
 .text.HAL_TIMEx_BreakCallback
                0x0800a2b0       0x14 ./Drivers/STM32F4xx_HAL_Driver/Src/stm32f4xx_hal_tim_ex.o
                0x0800a2b0                HAL_TIMEx_BreakCallback
 .text.HAL_UART_Init
                0x0800a2c4       0xa0 ./Drivers/STM32F4xx_HAL_Driver/Src/stm32f4xx_hal_uart.o
                0x0800a2c4                HAL_UART_Init
 .text.HAL_UART_Transmit
                0x0800a364      0x116 ./Drivers/STM32F4xx_HAL_Driver/Src/stm32f4xx_hal_uart.o
                0x0800a364                HAL_UART_Transmit
 .text.HAL_UART_Receive_IT
                0x0800a47a       0x4a ./Drivers/STM32F4xx_HAL_Driver/Src/stm32f4xx_hal_uart.o
                0x0800a47a                HAL_UART_Receive_IT
 .text.HAL_UART_IRQHandler
                0x0800a4c4      0x554 ./Drivers/STM32F4xx_HAL_Driver/Src/stm32f4xx_hal_uart.o
                0x0800a4c4                HAL_UART_IRQHandler
 .text.HAL_UART_TxCpltCallback
                0x0800aa18       0x14 ./Drivers/STM32F4xx_HAL_Driver/Src/stm32f4xx_hal_uart.o
                0x0800aa18                HAL_UART_TxCpltCallback
 .text.HAL_UART_ErrorCallback
                0x0800aa2c       0x14 ./Drivers/STM32F4xx_HAL_Driver/Src/stm32f4xx_hal_uart.o
                0x0800aa2c                HAL_UART_ErrorCallback
 .text.HAL_UARTEx_RxEventCallback
                0x0800aa40       0x18 ./Drivers/STM32F4xx_HAL_Driver/Src/stm32f4xx_hal_uart.o
                0x0800aa40                HAL_UARTEx_RxEventCallback
 .text.UART_WaitOnFlagUntilTimeout
                0x0800aa58       0xb2 ./Drivers/STM32F4xx_HAL_Driver/Src/stm32f4xx_hal_uart.o
 .text.UART_Start_Receive_IT
                0x0800ab0a       0x74 ./Drivers/STM32F4xx_HAL_Driver/Src/stm32f4xx_hal_uart.o
                0x0800ab0a                UART_Start_Receive_IT
 .text.UART_EndRxTransfer
                0x0800ab7e       0xc6 ./Drivers/STM32F4xx_HAL_Driver/Src/stm32f4xx_hal_uart.o
 .text.UART_DMAAbortOnError
                0x0800ac44       0x22 ./Drivers/STM32F4xx_HAL_Driver/Src/stm32f4xx_hal_uart.o
 .text.UART_Transmit_IT
                0x0800ac66       0xa0 ./Drivers/STM32F4xx_HAL_Driver/Src/stm32f4xx_hal_uart.o
 .text.UART_EndTransmit_IT
                0x0800ad06       0x30 ./Drivers/STM32F4xx_HAL_Driver/Src/stm32f4xx_hal_uart.o
 .text.UART_Receive_IT
                0x0800ad36      0x17c ./Drivers/STM32F4xx_HAL_Driver/Src/stm32f4xx_hal_uart.o
 *fill*         0x0800aeb2        0x2 
 .text.UART_SetConfig
                0x0800aeb4      0x4e8 ./Drivers/STM32F4xx_HAL_Driver/Src/stm32f4xx_hal_uart.o
 .text.__NVIC_SetPriority
                0x0800b39c       0x54 ./Middlewares/Third_Party/FreeRTOS/Source/CMSIS_RTOS_V2/cmsis_os2.o
 .text.SysTick_Handler
                0x0800b3f0       0x20 ./Middlewares/Third_Party/FreeRTOS/Source/CMSIS_RTOS_V2/cmsis_os2.o
                0x0800b3f0                SysTick_Handler
 .text.SVC_Setup
                0x0800b410       0x12 ./Middlewares/Third_Party/FreeRTOS/Source/CMSIS_RTOS_V2/cmsis_os2.o
 *fill*         0x0800b422        0x2 
 .text.osKernelInitialize
                0x0800b424       0x48 ./Middlewares/Third_Party/FreeRTOS/Source/CMSIS_RTOS_V2/cmsis_os2.o
                0x0800b424                osKernelInitialize
 .text.osKernelStart
                0x0800b46c       0x4c ./Middlewares/Third_Party/FreeRTOS/Source/CMSIS_RTOS_V2/cmsis_os2.o
                0x0800b46c                osKernelStart
 .text.osKernelGetTickCount
                0x0800b4b8       0x2a ./Middlewares/Third_Party/FreeRTOS/Source/CMSIS_RTOS_V2/cmsis_os2.o
                0x0800b4b8                osKernelGetTickCount
 .text.osThreadNew
                0x0800b4e2      0x124 ./Middlewares/Third_Party/FreeRTOS/Source/CMSIS_RTOS_V2/cmsis_os2.o
                0x0800b4e2                osThreadNew
 .text.osDelay  0x0800b606       0x36 ./Middlewares/Third_Party/FreeRTOS/Source/CMSIS_RTOS_V2/cmsis_os2.o
                0x0800b606                osDelay
 .text.osEventFlagsNew
                0x0800b63c       0x7e ./Middlewares/Third_Party/FreeRTOS/Source/CMSIS_RTOS_V2/cmsis_os2.o
                0x0800b63c                osEventFlagsNew
 .text.osSemaphoreNew
                0x0800b6ba      0x112 ./Middlewares/Third_Party/FreeRTOS/Source/CMSIS_RTOS_V2/cmsis_os2.o
                0x0800b6ba                osSemaphoreNew
 .text.osSemaphoreAcquire
                0x0800b7cc       0xa4 ./Middlewares/Third_Party/FreeRTOS/Source/CMSIS_RTOS_V2/cmsis_os2.o
                0x0800b7cc                osSemaphoreAcquire
 .text.osSemaphoreRelease
                0x0800b870       0x88 ./Middlewares/Third_Party/FreeRTOS/Source/CMSIS_RTOS_V2/cmsis_os2.o
                0x0800b870                osSemaphoreRelease
 .text.vApplicationGetIdleTaskMemory
                0x0800b8f8       0x34 ./Middlewares/Third_Party/FreeRTOS/Source/CMSIS_RTOS_V2/cmsis_os2.o
                0x0800b8f8                vApplicationGetIdleTaskMemory
 .text.vApplicationGetTimerTaskMemory
                0x0800b92c       0x34 ./Middlewares/Third_Party/FreeRTOS/Source/CMSIS_RTOS_V2/cmsis_os2.o
                0x0800b92c                vApplicationGetTimerTaskMemory
 .text.xEventGroupCreateStatic
                0x0800b960       0x72 ./Middlewares/Third_Party/FreeRTOS/Source/event_groups.o
                0x0800b960                xEventGroupCreateStatic
 .text.xEventGroupCreate
                0x0800b9d2       0x34 ./Middlewares/Third_Party/FreeRTOS/Source/event_groups.o
                0x0800b9d2                xEventGroupCreate
 .text.vListInitialise
                0x0800ba06       0x40 ./Middlewares/Third_Party/FreeRTOS/Source/list.o
                0x0800ba06                vListInitialise
 .text.vListInitialiseItem
                0x0800ba46       0x1a ./Middlewares/Third_Party/FreeRTOS/Source/list.o
                0x0800ba46                vListInitialiseItem
 .text.vListInsertEnd
                0x0800ba60       0x48 ./Middlewares/Third_Party/FreeRTOS/Source/list.o
                0x0800ba60                vListInsertEnd
 .text.vListInsert
                0x0800baa8       0x72 ./Middlewares/Third_Party/FreeRTOS/Source/list.o
                0x0800baa8                vListInsert
 .text.uxListRemove
                0x0800bb1a       0x54 ./Middlewares/Third_Party/FreeRTOS/Source/list.o
                0x0800bb1a                uxListRemove
 *fill*         0x0800bb6e        0x2 
 .text.xQueueGenericReset
                0x0800bb70       0xd4 ./Middlewares/Third_Party/FreeRTOS/Source/queue.o
                0x0800bb70                xQueueGenericReset
 .text.xQueueGenericCreateStatic
                0x0800bc44       0xfa ./Middlewares/Third_Party/FreeRTOS/Source/queue.o
                0x0800bc44                xQueueGenericCreateStatic
 .text.xQueueGenericCreate
                0x0800bd3e       0x76 ./Middlewares/Third_Party/FreeRTOS/Source/queue.o
                0x0800bd3e                xQueueGenericCreate
 .text.prvInitialiseNewQueue
                0x0800bdb4       0x46 ./Middlewares/Third_Party/FreeRTOS/Source/queue.o
 .text.xQueueCreateCountingSemaphoreStatic
                0x0800bdfa       0x72 ./Middlewares/Third_Party/FreeRTOS/Source/queue.o
                0x0800bdfa                xQueueCreateCountingSemaphoreStatic
 .text.xQueueCreateCountingSemaphore
                0x0800be6c       0x6a ./Middlewares/Third_Party/FreeRTOS/Source/queue.o
                0x0800be6c                xQueueCreateCountingSemaphore
 *fill*         0x0800bed6        0x2 
 .text.xQueueGenericSend
                0x0800bed8      0x204 ./Middlewares/Third_Party/FreeRTOS/Source/queue.o
                0x0800bed8                xQueueGenericSend
 .text.xQueueGenericSendFromISR
                0x0800c0dc      0x13c ./Middlewares/Third_Party/FreeRTOS/Source/queue.o
                0x0800c0dc                xQueueGenericSendFromISR
 .text.xQueueGiveFromISR
                0x0800c218      0x120 ./Middlewares/Third_Party/FreeRTOS/Source/queue.o
                0x0800c218                xQueueGiveFromISR
 .text.xQueueReceive
                0x0800c338      0x1c4 ./Middlewares/Third_Party/FreeRTOS/Source/queue.o
                0x0800c338                xQueueReceive
 .text.xQueueSemaphoreTake
                0x0800c4fc      0x220 ./Middlewares/Third_Party/FreeRTOS/Source/queue.o
                0x0800c4fc                xQueueSemaphoreTake
 .text.xQueueReceiveFromISR
                0x0800c71c      0x104 ./Middlewares/Third_Party/FreeRTOS/Source/queue.o
                0x0800c71c                xQueueReceiveFromISR
 .text.vQueueDelete
                0x0800c820       0x48 ./Middlewares/Third_Party/FreeRTOS/Source/queue.o
                0x0800c820                vQueueDelete
 .text.prvGetDisinheritPriorityAfterTimeout
                0x0800c868       0x30 ./Middlewares/Third_Party/FreeRTOS/Source/queue.o
 .text.prvCopyDataToQueue
                0x0800c898       0xd4 ./Middlewares/Third_Party/FreeRTOS/Source/queue.o
 .text.prvCopyDataFromQueue
                0x0800c96c       0x4c ./Middlewares/Third_Party/FreeRTOS/Source/queue.o
 .text.prvUnlockQueue
                0x0800c9b8       0xa4 ./Middlewares/Third_Party/FreeRTOS/Source/queue.o
 .text.prvIsQueueEmpty
                0x0800ca5c       0x2c ./Middlewares/Third_Party/FreeRTOS/Source/queue.o
 .text.prvIsQueueFull
                0x0800ca88       0x30 ./Middlewares/Third_Party/FreeRTOS/Source/queue.o
 .text.vQueueAddToRegistry
                0x0800cab8       0x54 ./Middlewares/Third_Party/FreeRTOS/Source/queue.o
                0x0800cab8                vQueueAddToRegistry
 .text.vQueueUnregisterQueue
                0x0800cb0c       0x54 ./Middlewares/Third_Party/FreeRTOS/Source/queue.o
                0x0800cb0c                vQueueUnregisterQueue
 .text.vQueueWaitForMessageRestricted
                0x0800cb60       0x68 ./Middlewares/Third_Party/FreeRTOS/Source/queue.o
                0x0800cb60                vQueueWaitForMessageRestricted
 .text.xTaskCreateStatic
                0x0800cbc8       0xc0 ./Middlewares/Third_Party/FreeRTOS/Source/tasks.o
                0x0800cbc8                xTaskCreateStatic
 .text.xTaskCreate
                0x0800cc88       0x8a ./Middlewares/Third_Party/FreeRTOS/Source/tasks.o
                0x0800cc88                xTaskCreate
 *fill*         0x0800cd12        0x2 
 .text.prvInitialiseNewTask
                0x0800cd14      0x150 ./Middlewares/Third_Party/FreeRTOS/Source/tasks.o
 .text.prvAddNewTaskToReadyList
                0x0800ce64       0xe0 ./Middlewares/Third_Party/FreeRTOS/Source/tasks.o
 .text.vTaskDelay
                0x0800cf44       0x6c ./Middlewares/Third_Party/FreeRTOS/Source/tasks.o
                0x0800cf44                vTaskDelay
 .text.vTaskStartScheduler
                0x0800cfb0       0xe0 ./Middlewares/Third_Party/FreeRTOS/Source/tasks.o
                0x0800cfb0                vTaskStartScheduler
 .text.vTaskSuspendAll
                0x0800d090       0x1c ./Middlewares/Third_Party/FreeRTOS/Source/tasks.o
                0x0800d090                vTaskSuspendAll
 .text.xTaskResumeAll
                0x0800d0ac      0x13c ./Middlewares/Third_Party/FreeRTOS/Source/tasks.o
                0x0800d0ac                xTaskResumeAll
 .text.xTaskGetTickCount
                0x0800d1e8       0x20 ./Middlewares/Third_Party/FreeRTOS/Source/tasks.o
                0x0800d1e8                xTaskGetTickCount
 .text.xTaskGetTickCountFromISR
                0x0800d208       0x24 ./Middlewares/Third_Party/FreeRTOS/Source/tasks.o
                0x0800d208                xTaskGetTickCountFromISR
 .text.xTaskIncrementTick
                0x0800d22c      0x174 ./Middlewares/Third_Party/FreeRTOS/Source/tasks.o
                0x0800d22c                xTaskIncrementTick
 .text.vTaskSwitchContext
                0x0800d3a0       0xcc ./Middlewares/Third_Party/FreeRTOS/Source/tasks.o
                0x0800d3a0                vTaskSwitchContext
 .text.vTaskPlaceOnEventList
                0x0800d46c       0x4c ./Middlewares/Third_Party/FreeRTOS/Source/tasks.o
                0x0800d46c                vTaskPlaceOnEventList
 .text.vTaskPlaceOnEventListRestricted
                0x0800d4b8       0x58 ./Middlewares/Third_Party/FreeRTOS/Source/tasks.o
                0x0800d4b8                vTaskPlaceOnEventListRestricted
 .text.xTaskRemoveFromEventList
                0x0800d510       0xc8 ./Middlewares/Third_Party/FreeRTOS/Source/tasks.o
                0x0800d510                xTaskRemoveFromEventList
 .text.vTaskInternalSetTimeOutState
                0x0800d5d8       0x2c ./Middlewares/Third_Party/FreeRTOS/Source/tasks.o
                0x0800d5d8                vTaskInternalSetTimeOutState
 .text.xTaskCheckForTimeOut
                0x0800d604       0xc8 ./Middlewares/Third_Party/FreeRTOS/Source/tasks.o
                0x0800d604                xTaskCheckForTimeOut
 .text.vTaskMissedYield
                0x0800d6cc       0x18 ./Middlewares/Third_Party/FreeRTOS/Source/tasks.o
                0x0800d6cc                vTaskMissedYield
 .text.prvIdleTask
                0x0800d6e4       0x30 ./Middlewares/Third_Party/FreeRTOS/Source/tasks.o
 .text.prvInitialiseTaskLists
                0x0800d714       0x80 ./Middlewares/Third_Party/FreeRTOS/Source/tasks.o
 .text.prvCheckTasksWaitingTermination
                0x0800d794       0x5c ./Middlewares/Third_Party/FreeRTOS/Source/tasks.o
 .text.prvDeleteTCB
                0x0800d7f0       0x6a ./Middlewares/Third_Party/FreeRTOS/Source/tasks.o
 *fill*         0x0800d85a        0x2 
 .text.prvResetNextTaskUnblockTime
                0x0800d85c       0x40 ./Middlewares/Third_Party/FreeRTOS/Source/tasks.o
 .text.xTaskGetSchedulerState
                0x0800d89c       0x3c ./Middlewares/Third_Party/FreeRTOS/Source/tasks.o
                0x0800d89c                xTaskGetSchedulerState
 .text.xTaskPriorityInherit
                0x0800d8d8       0xd0 ./Middlewares/Third_Party/FreeRTOS/Source/tasks.o
                0x0800d8d8                xTaskPriorityInherit
 .text.xTaskPriorityDisinherit
                0x0800d9a8       0xe0 ./Middlewares/Third_Party/FreeRTOS/Source/tasks.o
                0x0800d9a8                xTaskPriorityDisinherit
 .text.vTaskPriorityDisinheritAfterTimeout
                0x0800da88      0x108 ./Middlewares/Third_Party/FreeRTOS/Source/tasks.o
                0x0800da88                vTaskPriorityDisinheritAfterTimeout
 .text.pvTaskIncrementMutexHeldCount
                0x0800db90       0x28 ./Middlewares/Third_Party/FreeRTOS/Source/tasks.o
                0x0800db90                pvTaskIncrementMutexHeldCount
 .text.prvAddCurrentTaskToDelayedList
                0x0800dbb8       0xa8 ./Middlewares/Third_Party/FreeRTOS/Source/tasks.o
 .text.xTimerCreateTimerTask
                0x0800dc60       0x94 ./Middlewares/Third_Party/FreeRTOS/Source/timers.o
                0x0800dc60                xTimerCreateTimerTask
 .text.xTimerGenericCommand
                0x0800dcf4       0x9c ./Middlewares/Third_Party/FreeRTOS/Source/timers.o
                0x0800dcf4                xTimerGenericCommand
 .text.prvProcessExpiredTimer
                0x0800dd90       0x9c ./Middlewares/Third_Party/FreeRTOS/Source/timers.o
 .text.prvTimerTask
                0x0800de2c       0x26 ./Middlewares/Third_Party/FreeRTOS/Source/timers.o
 *fill*         0x0800de52        0x2 
 .text.prvProcessTimerOrBlockTask
                0x0800de54       0x9c ./Middlewares/Third_Party/FreeRTOS/Source/timers.o
 .text.prvGetNextExpireTime
                0x0800def0       0x48 ./Middlewares/Third_Party/FreeRTOS/Source/timers.o
 .text.prvSampleTimeNow
                0x0800df38       0x40 ./Middlewares/Third_Party/FreeRTOS/Source/timers.o
 .text.prvInsertTimerInActiveList
                0x0800df78       0x84 ./Middlewares/Third_Party/FreeRTOS/Source/timers.o
 .text.prvProcessReceivedCommands
                0x0800dffc      0x1cc ./Middlewares/Third_Party/FreeRTOS/Source/timers.o
 .text.prvSwitchTimerLists
                0x0800e1c8       0xcc ./Middlewares/Third_Party/FreeRTOS/Source/timers.o
 .text.prvCheckForValidListAndQueue
                0x0800e294       0x80 ./Middlewares/Third_Party/FreeRTOS/Source/timers.o
 .text.pxPortInitialiseStack
                0x0800e314       0x68 ./Middlewares/Third_Party/FreeRTOS/Source/portable/GCC/ARM_CM4F/port.o
                0x0800e314                pxPortInitialiseStack
 .text.prvTaskExitError
                0x0800e37c       0x5c ./Middlewares/Third_Party/FreeRTOS/Source/portable/GCC/ARM_CM4F/port.o
 *fill*         0x0800e3d8        0x8 
 .text.SVC_Handler
                0x0800e3e0       0x28 ./Middlewares/Third_Party/FreeRTOS/Source/portable/GCC/ARM_CM4F/port.o
                0x0800e3e0                SVC_Handler
 .text.prvPortStartFirstTask
                0x0800e408       0x28 ./Middlewares/Third_Party/FreeRTOS/Source/portable/GCC/ARM_CM4F/port.o
 .text.xPortStartScheduler
                0x0800e430      0x148 ./Middlewares/Third_Party/FreeRTOS/Source/portable/GCC/ARM_CM4F/port.o
                0x0800e430                xPortStartScheduler
 .text.vPortEnterCritical
                0x0800e578       0x64 ./Middlewares/Third_Party/FreeRTOS/Source/portable/GCC/ARM_CM4F/port.o
                0x0800e578                vPortEnterCritical
 .text.vPortExitCritical
                0x0800e5dc       0x54 ./Middlewares/Third_Party/FreeRTOS/Source/portable/GCC/ARM_CM4F/port.o
                0x0800e5dc                vPortExitCritical
 .text.PendSV_Handler
                0x0800e630       0x68 ./Middlewares/Third_Party/FreeRTOS/Source/portable/GCC/ARM_CM4F/port.o
                0x0800e630                PendSV_Handler
 .text.xPortSysTickHandler
                0x0800e698       0x44 ./Middlewares/Third_Party/FreeRTOS/Source/portable/GCC/ARM_CM4F/port.o
                0x0800e698                xPortSysTickHandler
 .text.vPortSetupTimerInterrupt
                0x0800e6dc       0x48 ./Middlewares/Third_Party/FreeRTOS/Source/portable/GCC/ARM_CM4F/port.o
                0x0800e6dc                vPortSetupTimerInterrupt
 .text.vPortEnableVFP
                0x0800e724       0x14 ./Middlewares/Third_Party/FreeRTOS/Source/portable/GCC/ARM_CM4F/port.o
 .text.vPortValidateInterruptPriority
                0x0800e738       0x84 ./Middlewares/Third_Party/FreeRTOS/Source/portable/GCC/ARM_CM4F/port.o
                0x0800e738                vPortValidateInterruptPriority
 .text.pvPortMalloc
                0x0800e7bc      0x19c ./Middlewares/Third_Party/FreeRTOS/Source/portable/MemMang/heap_4.o
                0x0800e7bc                pvPortMalloc
 .text.vPortFree
                0x0800e958       0xc8 ./Middlewares/Third_Party/FreeRTOS/Source/portable/MemMang/heap_4.o
                0x0800e958                vPortFree
 .text.prvHeapInit
                0x0800ea20       0xc4 ./Middlewares/Third_Party/FreeRTOS/Source/portable/MemMang/heap_4.o
 .text.prvInsertBlockIntoFreeList
                0x0800eae4       0xb4 ./Middlewares/Third_Party/FreeRTOS/Source/portable/MemMang/heap_4.o
 .text.__cvt    0x0800eb98       0xca C:/ST/STM32CubeIDE_1.16.1/STM32CubeIDE/plugins/com.st.stm32cube.ide.mcu.externaltools.gnu-tools-for-stm32.13.3.rel1.win32_1.0.100.202509120712/tools/bin/../lib/gcc/arm-none-eabi/13.3.1/../../../../arm-none-eabi/lib/thumb/v7e-m+fp/hard\libc_nano.a(libc_a-nano-vfprintf_float.o)
                0x0800eb98                __cvt
 .text.__exponent
                0x0800ec62       0x74 C:/ST/STM32CubeIDE_1.16.1/STM32CubeIDE/plugins/com.st.stm32cube.ide.mcu.externaltools.gnu-tools-for-stm32.13.3.rel1.win32_1.0.100.202509120712/tools/bin/../lib/gcc/arm-none-eabi/13.3.1/../../../../arm-none-eabi/lib/thumb/v7e-m+fp/hard\libc_nano.a(libc_a-nano-vfprintf_float.o)
                0x0800ec62                __exponent
 *fill*         0x0800ecd6        0x2 
 .text._printf_float
                0x0800ecd8      0x454 C:/ST/STM32CubeIDE_1.16.1/STM32CubeIDE/plugins/com.st.stm32cube.ide.mcu.externaltools.gnu-tools-for-stm32.13.3.rel1.win32_1.0.100.202509120712/tools/bin/../lib/gcc/arm-none-eabi/13.3.1/../../../../arm-none-eabi/lib/thumb/v7e-m+fp/hard\libc_nano.a(libc_a-nano-vfprintf_float.o)
                0x0800ecd8                _printf_float
 .text._printf_common
                0x0800f12c       0xda C:/ST/STM32CubeIDE_1.16.1/STM32CubeIDE/plugins/com.st.stm32cube.ide.mcu.externaltools.gnu-tools-for-stm32.13.3.rel1.win32_1.0.100.202509120712/tools/bin/../lib/gcc/arm-none-eabi/13.3.1/../../../../arm-none-eabi/lib/thumb/v7e-m+fp/hard\libc_nano.a(libc_a-nano-vfprintf_i.o)
                0x0800f12c                _printf_common
 *fill*         0x0800f206        0x2 
 .text._printf_i
                0x0800f208      0x23c C:/ST/STM32CubeIDE_1.16.1/STM32CubeIDE/plugins/com.st.stm32cube.ide.mcu.externaltools.gnu-tools-for-stm32.13.3.rel1.win32_1.0.100.202509120712/tools/bin/../lib/gcc/arm-none-eabi/13.3.1/../../../../arm-none-eabi/lib/thumb/v7e-m+fp/hard\libc_nano.a(libc_a-nano-vfprintf_i.o)
                0x0800f208                _printf_i
 .text._scanf_float
                0x0800f444      0x41c C:/ST/STM32CubeIDE_1.16.1/STM32CubeIDE/plugins/com.st.stm32cube.ide.mcu.externaltools.gnu-tools-for-stm32.13.3.rel1.win32_1.0.100.202509120712/tools/bin/../lib/gcc/arm-none-eabi/13.3.1/../../../../arm-none-eabi/lib/thumb/v7e-m+fp/hard\libc_nano.a(libc_a-nano-vfscanf_float.o)
                0x0800f444                _scanf_float
 .text.std      0x0800f860       0x6c C:/ST/STM32CubeIDE_1.16.1/STM32CubeIDE/plugins/com.st.stm32cube.ide.mcu.externaltools.gnu-tools-for-stm32.13.3.rel1.win32_1.0.100.202509120712/tools/bin/../lib/gcc/arm-none-eabi/13.3.1/../../../../arm-none-eabi/lib/thumb/v7e-m+fp/hard\libc_nano.a(libc_a-findfp.o)
 .text.stdio_exit_handler
                0x0800f8cc       0x18 C:/ST/STM32CubeIDE_1.16.1/STM32CubeIDE/plugins/com.st.stm32cube.ide.mcu.externaltools.gnu-tools-for-stm32.13.3.rel1.win32_1.0.100.202509120712/tools/bin/../lib/gcc/arm-none-eabi/13.3.1/../../../../arm-none-eabi/lib/thumb/v7e-m+fp/hard\libc_nano.a(libc_a-findfp.o)
 .text.cleanup_stdio
                0x0800f8e4       0x40 C:/ST/STM32CubeIDE_1.16.1/STM32CubeIDE/plugins/com.st.stm32cube.ide.mcu.externaltools.gnu-tools-for-stm32.13.3.rel1.win32_1.0.100.202509120712/tools/bin/../lib/gcc/arm-none-eabi/13.3.1/../../../../arm-none-eabi/lib/thumb/v7e-m+fp/hard\libc_nano.a(libc_a-findfp.o)
 .text.global_stdio_init.part.0
                0x0800f924       0x3c C:/ST/STM32CubeIDE_1.16.1/STM32CubeIDE/plugins/com.st.stm32cube.ide.mcu.externaltools.gnu-tools-for-stm32.13.3.rel1.win32_1.0.100.202509120712/tools/bin/../lib/gcc/arm-none-eabi/13.3.1/../../../../arm-none-eabi/lib/thumb/v7e-m+fp/hard\libc_nano.a(libc_a-findfp.o)
 .text.__sfp_lock_acquire
                0x0800f960        0xc C:/ST/STM32CubeIDE_1.16.1/STM32CubeIDE/plugins/com.st.stm32cube.ide.mcu.externaltools.gnu-tools-for-stm32.13.3.rel1.win32_1.0.100.202509120712/tools/bin/../lib/gcc/arm-none-eabi/13.3.1/../../../../arm-none-eabi/lib/thumb/v7e-m+fp/hard\libc_nano.a(libc_a-findfp.o)
                0x0800f960                __sfp_lock_acquire
 .text.__sfp_lock_release
                0x0800f96c        0xc C:/ST/STM32CubeIDE_1.16.1/STM32CubeIDE/plugins/com.st.stm32cube.ide.mcu.externaltools.gnu-tools-for-stm32.13.3.rel1.win32_1.0.100.202509120712/tools/bin/../lib/gcc/arm-none-eabi/13.3.1/../../../../arm-none-eabi/lib/thumb/v7e-m+fp/hard\libc_nano.a(libc_a-findfp.o)
                0x0800f96c                __sfp_lock_release
 .text.__sinit  0x0800f978       0x30 C:/ST/STM32CubeIDE_1.16.1/STM32CubeIDE/plugins/com.st.stm32cube.ide.mcu.externaltools.gnu-tools-for-stm32.13.3.rel1.win32_1.0.100.202509120712/tools/bin/../lib/gcc/arm-none-eabi/13.3.1/../../../../arm-none-eabi/lib/thumb/v7e-m+fp/hard\libc_nano.a(libc_a-findfp.o)
                0x0800f978                __sinit
 .text._fwalk_sglue
                0x0800f9a8       0x3c C:/ST/STM32CubeIDE_1.16.1/STM32CubeIDE/plugins/com.st.stm32cube.ide.mcu.externaltools.gnu-tools-for-stm32.13.3.rel1.win32_1.0.100.202509120712/tools/bin/../lib/gcc/arm-none-eabi/13.3.1/../../../../arm-none-eabi/lib/thumb/v7e-m+fp/hard\libc_nano.a(libc_a-fwalk.o)
                0x0800f9a8                _fwalk_sglue
 .text.printf   0x0800f9e4       0x24 C:/ST/STM32CubeIDE_1.16.1/STM32CubeIDE/plugins/com.st.stm32cube.ide.mcu.externaltools.gnu-tools-for-stm32.13.3.rel1.win32_1.0.100.202509120712/tools/bin/../lib/gcc/arm-none-eabi/13.3.1/../../../../arm-none-eabi/lib/thumb/v7e-m+fp/hard\libc_nano.a(libc_a-printf.o)
                0x0800f9e4                iprintf
                0x0800f9e4                printf
 .text._puts_r  0x0800fa08       0xaa C:/ST/STM32CubeIDE_1.16.1/STM32CubeIDE/plugins/com.st.stm32cube.ide.mcu.externaltools.gnu-tools-for-stm32.13.3.rel1.win32_1.0.100.202509120712/tools/bin/../lib/gcc/arm-none-eabi/13.3.1/../../../../arm-none-eabi/lib/thumb/v7e-m+fp/hard\libc_nano.a(libc_a-puts.o)
                0x0800fa08                _puts_r
 *fill*         0x0800fab2        0x2 
 .text.puts     0x0800fab4       0x10 C:/ST/STM32CubeIDE_1.16.1/STM32CubeIDE/plugins/com.st.stm32cube.ide.mcu.externaltools.gnu-tools-for-stm32.13.3.rel1.win32_1.0.100.202509120712/tools/bin/../lib/gcc/arm-none-eabi/13.3.1/../../../../arm-none-eabi/lib/thumb/v7e-m+fp/hard\libc_nano.a(libc_a-puts.o)
                0x0800fab4                puts
 .text.sprintf  0x0800fac4       0x44 C:/ST/STM32CubeIDE_1.16.1/STM32CubeIDE/plugins/com.st.stm32cube.ide.mcu.externaltools.gnu-tools-for-stm32.13.3.rel1.win32_1.0.100.202509120712/tools/bin/../lib/gcc/arm-none-eabi/13.3.1/../../../../arm-none-eabi/lib/thumb/v7e-m+fp/hard\libc_nano.a(libc_a-sprintf.o)
                0x0800fac4                siprintf
                0x0800fac4                sprintf
 .text.sscanf   0x0800fb08       0x58 C:/ST/STM32CubeIDE_1.16.1/STM32CubeIDE/plugins/com.st.stm32cube.ide.mcu.externaltools.gnu-tools-for-stm32.13.3.rel1.win32_1.0.100.202509120712/tools/bin/../lib/gcc/arm-none-eabi/13.3.1/../../../../arm-none-eabi/lib/thumb/v7e-m+fp/hard\libc_nano.a(libc_a-sscanf.o)
                0x0800fb08                siscanf
                0x0800fb08                sscanf
 .text.__sread  0x0800fb60       0x22 C:/ST/STM32CubeIDE_1.16.1/STM32CubeIDE/plugins/com.st.stm32cube.ide.mcu.externaltools.gnu-tools-for-stm32.13.3.rel1.win32_1.0.100.202509120712/tools/bin/../lib/gcc/arm-none-eabi/13.3.1/../../../../arm-none-eabi/lib/thumb/v7e-m+fp/hard\libc_nano.a(libc_a-stdio.o)
                0x0800fb60                __sread
 .text.__seofread
                0x0800fb82        0x4 C:/ST/STM32CubeIDE_1.16.1/STM32CubeIDE/plugins/com.st.stm32cube.ide.mcu.externaltools.gnu-tools-for-stm32.13.3.rel1.win32_1.0.100.202509120712/tools/bin/../lib/gcc/arm-none-eabi/13.3.1/../../../../arm-none-eabi/lib/thumb/v7e-m+fp/hard\libc_nano.a(libc_a-stdio.o)
                0x0800fb82                __seofread
 .text.__swrite
                0x0800fb86       0x38 C:/ST/STM32CubeIDE_1.16.1/STM32CubeIDE/plugins/com.st.stm32cube.ide.mcu.externaltools.gnu-tools-for-stm32.13.3.rel1.win32_1.0.100.202509120712/tools/bin/../lib/gcc/arm-none-eabi/13.3.1/../../../../arm-none-eabi/lib/thumb/v7e-m+fp/hard\libc_nano.a(libc_a-stdio.o)
                0x0800fb86                __swrite
 .text.__sseek  0x0800fbbe       0x24 C:/ST/STM32CubeIDE_1.16.1/STM32CubeIDE/plugins/com.st.stm32cube.ide.mcu.externaltools.gnu-tools-for-stm32.13.3.rel1.win32_1.0.100.202509120712/tools/bin/../lib/gcc/arm-none-eabi/13.3.1/../../../../arm-none-eabi/lib/thumb/v7e-m+fp/hard\libc_nano.a(libc_a-stdio.o)
                0x0800fbbe                __sseek
 .text.__sclose
                0x0800fbe2        0x8 C:/ST/STM32CubeIDE_1.16.1/STM32CubeIDE/plugins/com.st.stm32cube.ide.mcu.externaltools.gnu-tools-for-stm32.13.3.rel1.win32_1.0.100.202509120712/tools/bin/../lib/gcc/arm-none-eabi/13.3.1/../../../../arm-none-eabi/lib/thumb/v7e-m+fp/hard\libc_nano.a(libc_a-stdio.o)
                0x0800fbe2                __sclose
 .text.__swbuf_r
                0x0800fbea       0x7c C:/ST/STM32CubeIDE_1.16.1/STM32CubeIDE/plugins/com.st.stm32cube.ide.mcu.externaltools.gnu-tools-for-stm32.13.3.rel1.win32_1.0.100.202509120712/tools/bin/../lib/gcc/arm-none-eabi/13.3.1/../../../../arm-none-eabi/lib/thumb/v7e-m+fp/hard\libc_nano.a(libc_a-wbuf.o)
                0x0800fbea                __swbuf_r
 *fill*         0x0800fc66        0x2 
 .text.__swsetup_r
                0x0800fc68       0xac C:/ST/STM32CubeIDE_1.16.1/STM32CubeIDE/plugins/com.st.stm32cube.ide.mcu.externaltools.gnu-tools-for-stm32.13.3.rel1.win32_1.0.100.202509120712/tools/bin/../lib/gcc/arm-none-eabi/13.3.1/../../../../arm-none-eabi/lib/thumb/v7e-m+fp/hard\libc_nano.a(libc_a-wsetup.o)
                0x0800fc68                __swsetup_r
 .text.memset   0x0800fd14       0x10 C:/ST/STM32CubeIDE_1.16.1/STM32CubeIDE/plugins/com.st.stm32cube.ide.mcu.externaltools.gnu-tools-for-stm32.13.3.rel1.win32_1.0.100.202509120712/tools/bin/../lib/gcc/arm-none-eabi/13.3.1/../../../../arm-none-eabi/lib/thumb/v7e-m+fp/hard\libc_nano.a(libc_a-memset.o)
                0x0800fd14                memset
 .text.strncmp  0x0800fd24       0x24 C:/ST/STM32CubeIDE_1.16.1/STM32CubeIDE/plugins/com.st.stm32cube.ide.mcu.externaltools.gnu-tools-for-stm32.13.3.rel1.win32_1.0.100.202509120712/tools/bin/../lib/gcc/arm-none-eabi/13.3.1/../../../../arm-none-eabi/lib/thumb/v7e-m+fp/hard\libc_nano.a(libc_a-strncmp.o)
                0x0800fd24                strncmp
 .text.strncpy  0x0800fd48       0x26 C:/ST/STM32CubeIDE_1.16.1/STM32CubeIDE/plugins/com.st.stm32cube.ide.mcu.externaltools.gnu-tools-for-stm32.13.3.rel1.win32_1.0.100.202509120712/tools/bin/../lib/gcc/arm-none-eabi/13.3.1/../../../../arm-none-eabi/lib/thumb/v7e-m+fp/hard\libc_nano.a(libc_a-strncpy.o)
                0x0800fd48                strncpy
 *fill*         0x0800fd6e        0x2 
 .text._localeconv_r
                0x0800fd70        0x8 C:/ST/STM32CubeIDE_1.16.1/STM32CubeIDE/plugins/com.st.stm32cube.ide.mcu.externaltools.gnu-tools-for-stm32.13.3.rel1.win32_1.0.100.202509120712/tools/bin/../lib/gcc/arm-none-eabi/13.3.1/../../../../arm-none-eabi/lib/thumb/v7e-m+fp/hard\libc_nano.a(libc_a-localeconv.o)
                0x0800fd70                _localeconv_r
 .text._close_r
                0x0800fd78       0x20 C:/ST/STM32CubeIDE_1.16.1/STM32CubeIDE/plugins/com.st.stm32cube.ide.mcu.externaltools.gnu-tools-for-stm32.13.3.rel1.win32_1.0.100.202509120712/tools/bin/../lib/gcc/arm-none-eabi/13.3.1/../../../../arm-none-eabi/lib/thumb/v7e-m+fp/hard\libc_nano.a(libc_a-closer.o)
                0x0800fd78                _close_r
 .text._reclaim_reent
                0x0800fd98       0xbc C:/ST/STM32CubeIDE_1.16.1/STM32CubeIDE/plugins/com.st.stm32cube.ide.mcu.externaltools.gnu-tools-for-stm32.13.3.rel1.win32_1.0.100.202509120712/tools/bin/../lib/gcc/arm-none-eabi/13.3.1/../../../../arm-none-eabi/lib/thumb/v7e-m+fp/hard\libc_nano.a(libc_a-reent.o)
                0x0800fd98                _reclaim_reent
 .text._lseek_r
                0x0800fe54       0x24 C:/ST/STM32CubeIDE_1.16.1/STM32CubeIDE/plugins/com.st.stm32cube.ide.mcu.externaltools.gnu-tools-for-stm32.13.3.rel1.win32_1.0.100.202509120712/tools/bin/../lib/gcc/arm-none-eabi/13.3.1/../../../../arm-none-eabi/lib/thumb/v7e-m+fp/hard\libc_nano.a(libc_a-lseekr.o)
                0x0800fe54                _lseek_r
 .text._read_r  0x0800fe78       0x24 C:/ST/STM32CubeIDE_1.16.1/STM32CubeIDE/plugins/com.st.stm32cube.ide.mcu.externaltools.gnu-tools-for-stm32.13.3.rel1.win32_1.0.100.202509120712/tools/bin/../lib/gcc/arm-none-eabi/13.3.1/../../../../arm-none-eabi/lib/thumb/v7e-m+fp/hard\libc_nano.a(libc_a-readr.o)
                0x0800fe78                _read_r
 .text._write_r
                0x0800fe9c       0x24 C:/ST/STM32CubeIDE_1.16.1/STM32CubeIDE/plugins/com.st.stm32cube.ide.mcu.externaltools.gnu-tools-for-stm32.13.3.rel1.win32_1.0.100.202509120712/tools/bin/../lib/gcc/arm-none-eabi/13.3.1/../../../../arm-none-eabi/lib/thumb/v7e-m+fp/hard\libc_nano.a(libc_a-writer.o)
                0x0800fe9c                _write_r
 .text.__errno  0x0800fec0        0xc C:/ST/STM32CubeIDE_1.16.1/STM32CubeIDE/plugins/com.st.stm32cube.ide.mcu.externaltools.gnu-tools-for-stm32.13.3.rel1.win32_1.0.100.202509120712/tools/bin/../lib/gcc/arm-none-eabi/13.3.1/../../../../arm-none-eabi/lib/thumb/v7e-m+fp/hard\libc_nano.a(libc_a-errno.o)
                0x0800fec0                __errno
 .text.__libc_init_array
                0x0800fecc       0x48 C:/ST/STM32CubeIDE_1.16.1/STM32CubeIDE/plugins/com.st.stm32cube.ide.mcu.externaltools.gnu-tools-for-stm32.13.3.rel1.win32_1.0.100.202509120712/tools/bin/../lib/gcc/arm-none-eabi/13.3.1/../../../../arm-none-eabi/lib/thumb/v7e-m+fp/hard\libc_nano.a(libc_a-init.o)
                0x0800fecc                __libc_init_array
 .text.__retarget_lock_init_recursive
                0x0800ff14        0x2 C:/ST/STM32CubeIDE_1.16.1/STM32CubeIDE/plugins/com.st.stm32cube.ide.mcu.externaltools.gnu-tools-for-stm32.13.3.rel1.win32_1.0.100.202509120712/tools/bin/../lib/gcc/arm-none-eabi/13.3.1/../../../../arm-none-eabi/lib/thumb/v7e-m+fp/hard\libc_nano.a(libc_a-lock.o)
                0x0800ff14                __retarget_lock_init_recursive
 .text.__retarget_lock_acquire_recursive
                0x0800ff16        0x2 C:/ST/STM32CubeIDE_1.16.1/STM32CubeIDE/plugins/com.st.stm32cube.ide.mcu.externaltools.gnu-tools-for-stm32.13.3.rel1.win32_1.0.100.202509120712/tools/bin/../lib/gcc/arm-none-eabi/13.3.1/../../../../arm-none-eabi/lib/thumb/v7e-m+fp/hard\libc_nano.a(libc_a-lock.o)
                0x0800ff16                __retarget_lock_acquire_recursive
 .text.__retarget_lock_release_recursive
                0x0800ff18        0x2 C:/ST/STM32CubeIDE_1.16.1/STM32CubeIDE/plugins/com.st.stm32cube.ide.mcu.externaltools.gnu-tools-for-stm32.13.3.rel1.win32_1.0.100.202509120712/tools/bin/../lib/gcc/arm-none-eabi/13.3.1/../../../../arm-none-eabi/lib/thumb/v7e-m+fp/hard\libc_nano.a(libc_a-lock.o)
                0x0800ff18                __retarget_lock_release_recursive
 .text.memcpy   0x0800ff1a       0x1c C:/ST/STM32CubeIDE_1.16.1/STM32CubeIDE/plugins/com.st.stm32cube.ide.mcu.externaltools.gnu-tools-for-stm32.13.3.rel1.win32_1.0.100.202509120712/tools/bin/../lib/gcc/arm-none-eabi/13.3.1/../../../../arm-none-eabi/lib/thumb/v7e-m+fp/hard\libc_nano.a(libc_a-memcpy-stub.o)
                0x0800ff1a                memcpy
 *fill*         0x0800ff36        0x2 
 .text.nanf     0x0800ff38        0xc C:/ST/STM32CubeIDE_1.16.1/STM32CubeIDE/plugins/com.st.stm32cube.ide.mcu.externaltools.gnu-tools-for-stm32.13.3.rel1.win32_1.0.100.202509120712/tools/bin/../lib/gcc/arm-none-eabi/13.3.1/../../../../arm-none-eabi/lib/thumb/v7e-m+fp/hard\libc_nano.a(libm_a-sf_nan.o)
                0x0800ff38                nanf
 .text.quorem   0x0800ff44      0x110 C:/ST/STM32CubeIDE_1.16.1/STM32CubeIDE/plugins/com.st.stm32cube.ide.mcu.externaltools.gnu-tools-for-stm32.13.3.rel1.win32_1.0.100.202509120712/tools/bin/../lib/gcc/arm-none-eabi/13.3.1/../../../../arm-none-eabi/lib/thumb/v7e-m+fp/hard\libc_nano.a(libc_a-dtoa.o)
 *fill*         0x08010054        0x4 
 .text._dtoa_r  0x08010058      0xba0 C:/ST/STM32CubeIDE_1.16.1/STM32CubeIDE/plugins/com.st.stm32cube.ide.mcu.externaltools.gnu-tools-for-stm32.13.3.rel1.win32_1.0.100.202509120712/tools/bin/../lib/gcc/arm-none-eabi/13.3.1/../../../../arm-none-eabi/lib/thumb/v7e-m+fp/hard\libc_nano.a(libc_a-dtoa.o)
                0x08010058                _dtoa_r
 .text._free_r  0x08010bf8       0x94 C:/ST/STM32CubeIDE_1.16.1/STM32CubeIDE/plugins/com.st.stm32cube.ide.mcu.externaltools.gnu-tools-for-stm32.13.3.rel1.win32_1.0.100.202509120712/tools/bin/../lib/gcc/arm-none-eabi/13.3.1/../../../../arm-none-eabi/lib/thumb/v7e-m+fp/hard\libc_nano.a(libc_a-freer.o)
                0x08010bf8                _free_r
 .text.malloc   0x08010c8c       0x10 C:/ST/STM32CubeIDE_1.16.1/STM32CubeIDE/plugins/com.st.stm32cube.ide.mcu.externaltools.gnu-tools-for-stm32.13.3.rel1.win32_1.0.100.202509120712/tools/bin/../lib/gcc/arm-none-eabi/13.3.1/../../../../arm-none-eabi/lib/thumb/v7e-m+fp/hard\libc_nano.a(libc_a-malloc.o)
                0x08010c8c                malloc
 .text.sbrk_aligned
                0x08010c9c       0x44 C:/ST/STM32CubeIDE_1.16.1/STM32CubeIDE/plugins/com.st.stm32cube.ide.mcu.externaltools.gnu-tools-for-stm32.13.3.rel1.win32_1.0.100.202509120712/tools/bin/../lib/gcc/arm-none-eabi/13.3.1/../../../../arm-none-eabi/lib/thumb/v7e-m+fp/hard\libc_nano.a(libc_a-mallocr.o)
 .text._malloc_r
                0x08010ce0      0x100 C:/ST/STM32CubeIDE_1.16.1/STM32CubeIDE/plugins/com.st.stm32cube.ide.mcu.externaltools.gnu-tools-for-stm32.13.3.rel1.win32_1.0.100.202509120712/tools/bin/../lib/gcc/arm-none-eabi/13.3.1/../../../../arm-none-eabi/lib/thumb/v7e-m+fp/hard\libc_nano.a(libc_a-mallocr.o)
                0x08010ce0                _malloc_r
 .text.__malloc_lock
                0x08010de0        0xc C:/ST/STM32CubeIDE_1.16.1/STM32CubeIDE/plugins/com.st.stm32cube.ide.mcu.externaltools.gnu-tools-for-stm32.13.3.rel1.win32_1.0.100.202509120712/tools/bin/../lib/gcc/arm-none-eabi/13.3.1/../../../../arm-none-eabi/lib/thumb/v7e-m+fp/hard\libc_nano.a(libc_a-mlock.o)
                0x08010de0                __malloc_lock
 .text.__malloc_unlock
                0x08010dec        0xc C:/ST/STM32CubeIDE_1.16.1/STM32CubeIDE/plugins/com.st.stm32cube.ide.mcu.externaltools.gnu-tools-for-stm32.13.3.rel1.win32_1.0.100.202509120712/tools/bin/../lib/gcc/arm-none-eabi/13.3.1/../../../../arm-none-eabi/lib/thumb/v7e-m+fp/hard\libc_nano.a(libc_a-mlock.o)
                0x08010dec                __malloc_unlock
 .text._Balloc  0x08010df8       0x80 C:/ST/STM32CubeIDE_1.16.1/STM32CubeIDE/plugins/com.st.stm32cube.ide.mcu.externaltools.gnu-tools-for-stm32.13.3.rel1.win32_1.0.100.202509120712/tools/bin/../lib/gcc/arm-none-eabi/13.3.1/../../../../arm-none-eabi/lib/thumb/v7e-m+fp/hard\libc_nano.a(libc_a-mprec.o)
                0x08010df8                _Balloc
 .text._Bfree   0x08010e78       0x44 C:/ST/STM32CubeIDE_1.16.1/STM32CubeIDE/plugins/com.st.stm32cube.ide.mcu.externaltools.gnu-tools-for-stm32.13.3.rel1.win32_1.0.100.202509120712/tools/bin/../lib/gcc/arm-none-eabi/13.3.1/../../../../arm-none-eabi/lib/thumb/v7e-m+fp/hard\libc_nano.a(libc_a-mprec.o)
                0x08010e78                _Bfree
 .text.__multadd
                0x08010ebc       0x8c C:/ST/STM32CubeIDE_1.16.1/STM32CubeIDE/plugins/com.st.stm32cube.ide.mcu.externaltools.gnu-tools-for-stm32.13.3.rel1.win32_1.0.100.202509120712/tools/bin/../lib/gcc/arm-none-eabi/13.3.1/../../../../arm-none-eabi/lib/thumb/v7e-m+fp/hard\libc_nano.a(libc_a-mprec.o)
                0x08010ebc                __multadd
 .text.__s2b    0x08010f48       0x94 C:/ST/STM32CubeIDE_1.16.1/STM32CubeIDE/plugins/com.st.stm32cube.ide.mcu.externaltools.gnu-tools-for-stm32.13.3.rel1.win32_1.0.100.202509120712/tools/bin/../lib/gcc/arm-none-eabi/13.3.1/../../../../arm-none-eabi/lib/thumb/v7e-m+fp/hard\libc_nano.a(libc_a-mprec.o)
                0x08010f48                __s2b
 .text.__hi0bits
                0x08010fdc       0x3e C:/ST/STM32CubeIDE_1.16.1/STM32CubeIDE/plugins/com.st.stm32cube.ide.mcu.externaltools.gnu-tools-for-stm32.13.3.rel1.win32_1.0.100.202509120712/tools/bin/../lib/gcc/arm-none-eabi/13.3.1/../../../../arm-none-eabi/lib/thumb/v7e-m+fp/hard\libc_nano.a(libc_a-mprec.o)
                0x08010fdc                __hi0bits
 .text.__lo0bits
                0x0801101a       0x5a C:/ST/STM32CubeIDE_1.16.1/STM32CubeIDE/plugins/com.st.stm32cube.ide.mcu.externaltools.gnu-tools-for-stm32.13.3.rel1.win32_1.0.100.202509120712/tools/bin/../lib/gcc/arm-none-eabi/13.3.1/../../../../arm-none-eabi/lib/thumb/v7e-m+fp/hard\libc_nano.a(libc_a-mprec.o)
                0x0801101a                __lo0bits
 .text.__i2b    0x08011074       0x2c C:/ST/STM32CubeIDE_1.16.1/STM32CubeIDE/plugins/com.st.stm32cube.ide.mcu.externaltools.gnu-tools-for-stm32.13.3.rel1.win32_1.0.100.202509120712/tools/bin/../lib/gcc/arm-none-eabi/13.3.1/../../../../arm-none-eabi/lib/thumb/v7e-m+fp/hard\libc_nano.a(libc_a-mprec.o)
                0x08011074                __i2b
 .text.__multiply
                0x080110a0      0x144 C:/ST/STM32CubeIDE_1.16.1/STM32CubeIDE/plugins/com.st.stm32cube.ide.mcu.externaltools.gnu-tools-for-stm32.13.3.rel1.win32_1.0.100.202509120712/tools/bin/../lib/gcc/arm-none-eabi/13.3.1/../../../../arm-none-eabi/lib/thumb/v7e-m+fp/hard\libc_nano.a(libc_a-mprec.o)
                0x080110a0                __multiply
 .text.__pow5mult
                0x080111e4       0xb4 C:/ST/STM32CubeIDE_1.16.1/STM32CubeIDE/plugins/com.st.stm32cube.ide.mcu.externaltools.gnu-tools-for-stm32.13.3.rel1.win32_1.0.100.202509120712/tools/bin/../lib/gcc/arm-none-eabi/13.3.1/../../../../arm-none-eabi/lib/thumb/v7e-m+fp/hard\libc_nano.a(libc_a-mprec.o)
                0x080111e4                __pow5mult
 .text.__lshift
                0x08011298       0xd8 C:/ST/STM32CubeIDE_1.16.1/STM32CubeIDE/plugins/com.st.stm32cube.ide.mcu.externaltools.gnu-tools-for-stm32.13.3.rel1.win32_1.0.100.202509120712/tools/bin/../lib/gcc/arm-none-eabi/13.3.1/../../../../arm-none-eabi/lib/thumb/v7e-m+fp/hard\libc_nano.a(libc_a-mprec.o)
                0x08011298                __lshift
 .text.__mcmp   0x08011370       0x36 C:/ST/STM32CubeIDE_1.16.1/STM32CubeIDE/plugins/com.st.stm32cube.ide.mcu.externaltools.gnu-tools-for-stm32.13.3.rel1.win32_1.0.100.202509120712/tools/bin/../lib/gcc/arm-none-eabi/13.3.1/../../../../arm-none-eabi/lib/thumb/v7e-m+fp/hard\libc_nano.a(libc_a-mprec.o)
                0x08011370                __mcmp
 *fill*         0x080113a6        0x2 
 .text.__mdiff  0x080113a8      0x128 C:/ST/STM32CubeIDE_1.16.1/STM32CubeIDE/plugins/com.st.stm32cube.ide.mcu.externaltools.gnu-tools-for-stm32.13.3.rel1.win32_1.0.100.202509120712/tools/bin/../lib/gcc/arm-none-eabi/13.3.1/../../../../arm-none-eabi/lib/thumb/v7e-m+fp/hard\libc_nano.a(libc_a-mprec.o)
                0x080113a8                __mdiff
 .text.__ulp    0x080114d0       0x4c C:/ST/STM32CubeIDE_1.16.1/STM32CubeIDE/plugins/com.st.stm32cube.ide.mcu.externaltools.gnu-tools-for-stm32.13.3.rel1.win32_1.0.100.202509120712/tools/bin/../lib/gcc/arm-none-eabi/13.3.1/../../../../arm-none-eabi/lib/thumb/v7e-m+fp/hard\libc_nano.a(libc_a-mprec.o)
                0x080114d0                __ulp
 .text.__b2d    0x0801151c       0x94 C:/ST/STM32CubeIDE_1.16.1/STM32CubeIDE/plugins/com.st.stm32cube.ide.mcu.externaltools.gnu-tools-for-stm32.13.3.rel1.win32_1.0.100.202509120712/tools/bin/../lib/gcc/arm-none-eabi/13.3.1/../../../../arm-none-eabi/lib/thumb/v7e-m+fp/hard\libc_nano.a(libc_a-mprec.o)
                0x0801151c                __b2d
 .text.__d2b    0x080115b0       0xb0 C:/ST/STM32CubeIDE_1.16.1/STM32CubeIDE/plugins/com.st.stm32cube.ide.mcu.externaltools.gnu-tools-for-stm32.13.3.rel1.win32_1.0.100.202509120712/tools/bin/../lib/gcc/arm-none-eabi/13.3.1/../../../../arm-none-eabi/lib/thumb/v7e-m+fp/hard\libc_nano.a(libc_a-mprec.o)
                0x080115b0                __d2b
 .text.__ratio  0x08011660       0x64 C:/ST/STM32CubeIDE_1.16.1/STM32CubeIDE/plugins/com.st.stm32cube.ide.mcu.externaltools.gnu-tools-for-stm32.13.3.rel1.win32_1.0.100.202509120712/tools/bin/../lib/gcc/arm-none-eabi/13.3.1/../../../../arm-none-eabi/lib/thumb/v7e-m+fp/hard\libc_nano.a(libc_a-mprec.o)
                0x08011660                __ratio
 .text.__copybits
                0x080116c4       0x46 C:/ST/STM32CubeIDE_1.16.1/STM32CubeIDE/plugins/com.st.stm32cube.ide.mcu.externaltools.gnu-tools-for-stm32.13.3.rel1.win32_1.0.100.202509120712/tools/bin/../lib/gcc/arm-none-eabi/13.3.1/../../../../arm-none-eabi/lib/thumb/v7e-m+fp/hard\libc_nano.a(libc_a-mprec.o)
                0x080116c4                __copybits
 .text.__any_on
                0x0801170a       0x42 C:/ST/STM32CubeIDE_1.16.1/STM32CubeIDE/plugins/com.st.stm32cube.ide.mcu.externaltools.gnu-tools-for-stm32.13.3.rel1.win32_1.0.100.202509120712/tools/bin/../lib/gcc/arm-none-eabi/13.3.1/../../../../arm-none-eabi/lib/thumb/v7e-m+fp/hard\libc_nano.a(libc_a-mprec.o)
                0x0801170a                __any_on
 .text.sulp     0x0801174c       0x3c C:/ST/STM32CubeIDE_1.16.1/STM32CubeIDE/plugins/com.st.stm32cube.ide.mcu.externaltools.gnu-tools-for-stm32.13.3.rel1.win32_1.0.100.202509120712/tools/bin/../lib/gcc/arm-none-eabi/13.3.1/../../../../arm-none-eabi/lib/thumb/v7e-m+fp/hard\libc_nano.a(libc_a-strtod.o)
 .text._strtod_l
                0x08011788      0xbc8 C:/ST/STM32CubeIDE_1.16.1/STM32CubeIDE/plugins/com.st.stm32cube.ide.mcu.externaltools.gnu-tools-for-stm32.13.3.rel1.win32_1.0.100.202509120712/tools/bin/../lib/gcc/arm-none-eabi/13.3.1/../../../../arm-none-eabi/lib/thumb/v7e-m+fp/hard\libc_nano.a(libc_a-strtod.o)
                0x08011788                _strtod_l
 .text._strtod_r
                0x08012350        0xc C:/ST/STM32CubeIDE_1.16.1/STM32CubeIDE/plugins/com.st.stm32cube.ide.mcu.externaltools.gnu-tools-for-stm32.13.3.rel1.win32_1.0.100.202509120712/tools/bin/../lib/gcc/arm-none-eabi/13.3.1/../../../../arm-none-eabi/lib/thumb/v7e-m+fp/hard\libc_nano.a(libc_a-strtod.o)
                0x08012350                _strtod_r
 .text._strtol_l.isra.0
                0x0801235c       0xf4 C:/ST/STM32CubeIDE_1.16.1/STM32CubeIDE/plugins/com.st.stm32cube.ide.mcu.externaltools.gnu-tools-for-stm32.13.3.rel1.win32_1.0.100.202509120712/tools/bin/../lib/gcc/arm-none-eabi/13.3.1/../../../../arm-none-eabi/lib/thumb/v7e-m+fp/hard\libc_nano.a(libc_a-strtol.o)
 .text._strtol_r
                0x08012450        0x4 C:/ST/STM32CubeIDE_1.16.1/STM32CubeIDE/plugins/com.st.stm32cube.ide.mcu.externaltools.gnu-tools-for-stm32.13.3.rel1.win32_1.0.100.202509120712/tools/bin/../lib/gcc/arm-none-eabi/13.3.1/../../../../arm-none-eabi/lib/thumb/v7e-m+fp/hard\libc_nano.a(libc_a-strtol.o)
                0x08012450                _strtol_r
 .text.__ssputs_r
                0x08012454       0xb6 C:/ST/STM32CubeIDE_1.16.1/STM32CubeIDE/plugins/com.st.stm32cube.ide.mcu.externaltools.gnu-tools-for-stm32.13.3.rel1.win32_1.0.100.202509120712/tools/bin/../lib/gcc/arm-none-eabi/13.3.1/../../../../arm-none-eabi/lib/thumb/v7e-m+fp/hard\libc_nano.a(libc_a-nano-svfprintf.o)
                0x08012454                __ssputs_r
 *fill*         0x0801250a        0x2 
 .text._svfprintf_r
                0x0801250c      0x1f8 C:/ST/STM32CubeIDE_1.16.1/STM32CubeIDE/plugins/com.st.stm32cube.ide.mcu.externaltools.gnu-tools-for-stm32.13.3.rel1.win32_1.0.100.202509120712/tools/bin/../lib/gcc/arm-none-eabi/13.3.1/../../../../arm-none-eabi/lib/thumb/v7e-m+fp/hard\libc_nano.a(libc_a-nano-svfprintf.o)
                0x0801250c                _svfiprintf_r
                0x0801250c                _svfprintf_r
 .text._sungetc_r
                0x08012704       0x7a C:/ST/STM32CubeIDE_1.16.1/STM32CubeIDE/plugins/com.st.stm32cube.ide.mcu.externaltools.gnu-tools-for-stm32.13.3.rel1.win32_1.0.100.202509120712/tools/bin/../lib/gcc/arm-none-eabi/13.3.1/../../../../arm-none-eabi/lib/thumb/v7e-m+fp/hard\libc_nano.a(libc_a-nano-svfscanf.o)
                0x08012704                _sungetc_r
 .text.__ssrefill_r
                0x0801277e       0x3a C:/ST/STM32CubeIDE_1.16.1/STM32CubeIDE/plugins/com.st.stm32cube.ide.mcu.externaltools.gnu-tools-for-stm32.13.3.rel1.win32_1.0.100.202509120712/tools/bin/../lib/gcc/arm-none-eabi/13.3.1/../../../../arm-none-eabi/lib/thumb/v7e-m+fp/hard\libc_nano.a(libc_a-nano-svfscanf.o)
                0x0801277e                __ssrefill_r
 .text.__ssvfscanf_r
                0x080127b8      0x2ec C:/ST/STM32CubeIDE_1.16.1/STM32CubeIDE/plugins/com.st.stm32cube.ide.mcu.externaltools.gnu-tools-for-stm32.13.3.rel1.win32_1.0.100.202509120712/tools/bin/../lib/gcc/arm-none-eabi/13.3.1/../../../../arm-none-eabi/lib/thumb/v7e-m+fp/hard\libc_nano.a(libc_a-nano-svfscanf.o)
                0x080127b8                __ssvfiscanf_r
                0x080127b8                __ssvfscanf_r
 .text.__sfputc_r
                0x08012aa4       0x2e C:/ST/STM32CubeIDE_1.16.1/STM32CubeIDE/plugins/com.st.stm32cube.ide.mcu.externaltools.gnu-tools-for-stm32.13.3.rel1.win32_1.0.100.202509120712/tools/bin/../lib/gcc/arm-none-eabi/13.3.1/../../../../arm-none-eabi/lib/thumb/v7e-m+fp/hard\libc_nano.a(libc_a-nano-vfprintf.o)
 .text.__sfputs_r
                0x08012ad2       0x24 C:/ST/STM32CubeIDE_1.16.1/STM32CubeIDE/plugins/com.st.stm32cube.ide.mcu.externaltools.gnu-tools-for-stm32.13.3.rel1.win32_1.0.100.202509120712/tools/bin/../lib/gcc/arm-none-eabi/13.3.1/../../../../arm-none-eabi/lib/thumb/v7e-m+fp/hard\libc_nano.a(libc_a-nano-vfprintf.o)
                0x08012ad2                __sfputs_r
 *fill*         0x08012af6        0x2 
 .text._vfprintf_r
                0x08012af8      0x230 C:/ST/STM32CubeIDE_1.16.1/STM32CubeIDE/plugins/com.st.stm32cube.ide.mcu.externaltools.gnu-tools-for-stm32.13.3.rel1.win32_1.0.100.202509120712/tools/bin/../lib/gcc/arm-none-eabi/13.3.1/../../../../arm-none-eabi/lib/thumb/v7e-m+fp/hard\libc_nano.a(libc_a-nano-vfprintf.o)
                0x08012af8                _vfprintf_r
                0x08012af8                _vfiprintf_r
 .text._scanf_chars
                0x08012d28       0xb4 C:/ST/STM32CubeIDE_1.16.1/STM32CubeIDE/plugins/com.st.stm32cube.ide.mcu.externaltools.gnu-tools-for-stm32.13.3.rel1.win32_1.0.100.202509120712/tools/bin/../lib/gcc/arm-none-eabi/13.3.1/../../../../arm-none-eabi/lib/thumb/v7e-m+fp/hard\libc_nano.a(libc_a-nano-vfscanf_i.o)
                0x08012d28                _scanf_chars
 .text._scanf_i
                0x08012ddc      0x1e8 C:/ST/STM32CubeIDE_1.16.1/STM32CubeIDE/plugins/com.st.stm32cube.ide.mcu.externaltools.gnu-tools-for-stm32.13.3.rel1.win32_1.0.100.202509120712/tools/bin/../lib/gcc/arm-none-eabi/13.3.1/../../../../arm-none-eabi/lib/thumb/v7e-m+fp/hard\libc_nano.a(libc_a-nano-vfscanf_i.o)
                0x08012ddc                _scanf_i
 .text.__sflush_r
                0x08012fc4      0x108 C:/ST/STM32CubeIDE_1.16.1/STM32CubeIDE/plugins/com.st.stm32cube.ide.mcu.externaltools.gnu-tools-for-stm32.13.3.rel1.win32_1.0.100.202509120712/tools/bin/../lib/gcc/arm-none-eabi/13.3.1/../../../../arm-none-eabi/lib/thumb/v7e-m+fp/hard\libc_nano.a(libc_a-fflush.o)
                0x08012fc4                __sflush_r
 .text._fflush_r
                0x080130cc       0x50 C:/ST/STM32CubeIDE_1.16.1/STM32CubeIDE/plugins/com.st.stm32cube.ide.mcu.externaltools.gnu-tools-for-stm32.13.3.rel1.win32_1.0.100.202509120712/tools/bin/../lib/gcc/arm-none-eabi/13.3.1/../../../../arm-none-eabi/lib/thumb/v7e-m+fp/hard\libc_nano.a(libc_a-fflush.o)
                0x080130cc                _fflush_r
 .text.__swhatbuf_r
                0x0801311c       0x4c C:/ST/STM32CubeIDE_1.16.1/STM32CubeIDE/plugins/com.st.stm32cube.ide.mcu.externaltools.gnu-tools-for-stm32.13.3.rel1.win32_1.0.100.202509120712/tools/bin/../lib/gcc/arm-none-eabi/13.3.1/../../../../arm-none-eabi/lib/thumb/v7e-m+fp/hard\libc_nano.a(libc_a-makebuf.o)
                0x0801311c                __swhatbuf_r
 .text.__smakebuf_r
                0x08013168       0x78 C:/ST/STM32CubeIDE_1.16.1/STM32CubeIDE/plugins/com.st.stm32cube.ide.mcu.externaltools.gnu-tools-for-stm32.13.3.rel1.win32_1.0.100.202509120712/tools/bin/../lib/gcc/arm-none-eabi/13.3.1/../../../../arm-none-eabi/lib/thumb/v7e-m+fp/hard\libc_nano.a(libc_a-makebuf.o)
                0x08013168                __smakebuf_r