../Core/Src/main.c:200:1:__io_putchar	16	static
../Core/Src/main.c:208:6:HAL_TIM_IC_CaptureCallback	32	static
../Core/Src/main.c:267:6:HAL_UART_RxCpltCallback	16	static
../Core/Src/main.c:284:6:HAL_ADC_ConvCpltCallback	16	static
../Core/Src/main.c:293:10:mapRCtoMotor	24	static
../Core/Src/main.c:305:6:setServoAngle	32	static
../Core/Src/main.c:338:5:main	8	static
../Core/Src/main.c:435:6:SystemClock_Config	88	static
../Core/Src/main.c:483:13:MX_ADC1_Init	24	static
../Core/Src/main.c:535:13:MX_I2C1_Init	8	static
../Core/Src/main.c:569:13:MX_TIM2_Init	64	static
../Core/Src/main.c:640:13:MX_TIM3_Init	64	static
../Core/Src/main.c:711:13:MX_TIM4_Init	48	static
../Core/Src/main.c:769:13:MX_USART1_UART_Init	8	static
../Core/Src/main.c:802:13:MX_USART2_UART_Init	8	static
../Core/Src/main.c:835:13:MX_USART6_UART_Init	8	static
../Core/Src/main.c:868:13:MX_GPIO_Init	48	static
../Core/Src/main.c:921:6:servo_mapping	24	static
../Core/Src/main.c:1011:6:telemetry_task	16	static
../Core/Src/main.c:1062:6:arm_disarm	16	static
../Core/Src/main.c:1100:6:HAL_TIM_PeriodElapsedCallback	16	static
../Core/Src/main.c:1117:6:Error_Handler	4	static,ignoring_inline_asm
