../Core/Src/main.c:401:1:__io_putchar	16	static
../Core/Src/main.c:409:6:HAL_GPIO_EXTI_Callback	16	static
../Core/Src/main.c:419:6:HAL_TIM_IC_CaptureCallback	32	static
../Core/Src/main.c:501:10:map_rc_to_motor	24	static
../Core/Src/main.c:515:7:negative_range	16	static
../Core/Src/main.c:520:7:range_converter	40	static
../Core/Src/main.c:537:6:set_servo_angle	32	static
../Core/Src/main.c:581:6:set_raw_ccr	16	static
../Core/Src/main.c:613:6:pid_equation	56	static
../Core/Src/main.c:645:7:map_rc_to_pid	16	static
../Core/Src/main.c:657:6:reset_pid	4	static
../Core/Src/main.c:672:6:servo_test_sweep	16	static
../Core/Src/main.c:717:6:motor_check	24	static
../Core/Src/main.c:767:5:main	16	static
../Core/Src/main.c:904:6:SystemClock_Config	88	static
../Core/Src/main.c:951:13:MX_I2C1_Init	8	static
../Core/Src/main.c:985:13:MX_TIM2_Init	64	static
../Core/Src/main.c:1052:13:MX_TIM3_Init	64	static
../Core/Src/main.c:1123:13:MX_TIM4_Init	48	static
../Core/Src/main.c:1181:13:MX_TIM9_Init	24	static
../Core/Src/main.c:1219:13:MX_TIM10_Init	8	static
../Core/Src/main.c:1250:13:MX_USART1_UART_Init	8	static
../Core/Src/main.c:1283:13:MX_USART2_UART_Init	8	static
../Core/Src/main.c:1316:13:MX_USART6_UART_Init	8	static
../Core/Src/main.c:1349:13:MX_GPIO_Init	40	static
../Core/Src/main.c:1407:6:arm_disarm	24	static,ignoring_inline_asm
../Core/Src/main.c:1474:6:mode_handler	32	static,ignoring_inline_asm
../Core/Src/main.c:1554:6:debounce_task	16	static
../Core/Src/main.c:1575:6:quad_mode	48	static
../Core/Src/main.c:1931:6:telemetry_task	16	static
../Core/Src/main.c:1982:6:fw_mode	40	static
../Core/Src/main.c:2101:6:vtol_task	16	static
../Core/Src/main.c:2119:6:HAL_TIM_PeriodElapsedCallback	16	static
../Core/Src/main.c:2141:6:Error_Handler	4	static,ignoring_inline_asm
