../Core/Src/main.c:379:1:__io_putchar	16	static
../Core/Src/main.c:387:6:HAL_GPIO_EXTI_Callback	16	static
../Core/Src/main.c:397:6:HAL_TIM_IC_CaptureCallback	32	static
../Core/Src/main.c:475:6:HAL_UART_RxCpltCallback	16	static
../Core/Src/main.c:491:10:mapRCtoMotor	24	static
../Core/Src/main.c:503:7:negative_range	16	static
../Core/Src/main.c:507:7:range_converter	40	static
../Core/Src/main.c:522:6:setServoAngle	32	static
../Core/Src/main.c:549:6:set_raw_ccr	16	static
../Core/Src/main.c:568:6:pid_equation	56	static
../Core/Src/main.c:587:7:mapRCtoPID	16	static
../Core/Src/main.c:595:6:reset_pid	4	static
../Core/Src/main.c:610:6:servo_test_sweep	16	static
../Core/Src/main.c:657:6:motor_check	24	static
../Core/Src/main.c:710:5:main	16	static
../Core/Src/main.c:848:6:SystemClock_Config	88	static
../Core/Src/main.c:895:13:MX_I2C1_Init	8	static
../Core/Src/main.c:929:13:MX_TIM2_Init	64	static
../Core/Src/main.c:996:13:MX_TIM3_Init	64	static
../Core/Src/main.c:1067:13:MX_TIM4_Init	48	static
../Core/Src/main.c:1125:13:MX_TIM9_Init	24	static
../Core/Src/main.c:1163:13:MX_TIM10_Init	8	static
../Core/Src/main.c:1194:13:MX_USART1_UART_Init	8	static
../Core/Src/main.c:1227:13:MX_USART2_UART_Init	8	static
../Core/Src/main.c:1260:13:MX_USART6_UART_Init	8	static
../Core/Src/main.c:1293:13:MX_GPIO_Init	40	static
../Core/Src/main.c:1351:6:arm_disarm	24	static,ignoring_inline_asm
../Core/Src/main.c:1411:6:mode_handler	32	static,ignoring_inline_asm
../Core/Src/main.c:1476:6:debounce_task	16	static
../Core/Src/main.c:1496:6:quad_mode	40	static
../Core/Src/main.c:1774:6:telemetry_task	16	static
../Core/Src/main.c:1826:6:fw_mode	40	static
../Core/Src/main.c:1931:6:vtol_task	16	static
../Core/Src/main.c:1949:6:HAL_TIM_PeriodElapsedCallback	16	static
../Core/Src/main.c:1971:6:Error_Handler	4	static,ignoring_inline_asm
