../Core/Inc/mavlink/common/../checksum.h:35:20:crc_accumulate	24	static
../Core/Inc/mavlink/common/../checksum.h:52:20:crc_init	16	static
../Core/Inc/mavlink/common/../checksum.h:65:24:crc_calculate	24	static
../Core/Inc/mavlink/common/../checksum.h:85:20:crc_accumulate_buffer	32	static
../Core/Inc/mavlink/common/../mavlink_sha256.h:91:21:mavlink_sha256_init	16	static
../Core/Inc/mavlink/common/../mavlink_sha256.h:105:20:mavlink_sha256_calc	320	static
../Core/Inc/mavlink/common/../mavlink_sha256.h:152:21:mavlink_sha256_update	120	static
../Core/Inc/mavlink/common/../mavlink_sha256.h:192:21:mavlink_sha256_final_48	104	static
../Core/Inc/mavlink/common/../mavlink_helpers.h:23:34:mavlink_get_channel_status	16	static
../Core/Inc/mavlink/common/../mavlink_helpers.h:73:24:mavlink_sign_packet	144	static
../Core/Inc/mavlink/common/../mavlink_helpers.h:111:24:_mav_trim_payload	16	static
../Core/Inc/mavlink/common/../mavlink_helpers.h:223:25:mavlink_finalize_message_buffer	80	static
../Core/Inc/mavlink/common/../mavlink_helpers.h:292:25:mavlink_finalize_message_chan	40	static
../Core/Inc/mavlink/common/../mavlink_helpers.h:302:25:mavlink_finalize_message	32	static
../Core/Inc/mavlink/common/../mavlink_helpers.h:447:25:mavlink_msg_to_send_buffer	32	static
../Core/Inc/mavlink/common/../protocol.h:173:20:mav_array_memcpy	24	static
../Core/Inc/mavlink/common/./mavlink_msg_gps_raw_int.h:107:24:mavlink_msg_gps_raw_int_pack	96	static
../Core/Inc/mavlink/common/./mavlink_msg_attitude.h:71:24:mavlink_msg_attitude_pack	88	static
../Core/Inc/mavlink/common/./mavlink_msg_battery_status.h:100:24:mavlink_msg_battery_status_pack	96	static
../Core/Inc/mavlink/common/../standard/./mavlink_msg_global_position_int.h:79:24:mavlink_msg_global_position_int_pack	64	static
../Core/Inc/mavlink/common/../standard/../minimal/./mavlink_msg_heartbeat.h:66:24:mavlink_msg_heartbeat_pack	40	static
../Core/Src/mav_messages.c:54:6:send_heartbeat_armed	600	static
../Core/Src/mav_messages.c:66:6:send_heartbeat_disarmed	600	static
../Core/Src/mav_messages.c:78:6:send_attitude	600	static
../Core/Src/mav_messages.c:94:6:send_battery_info	672	static
../Core/Src/mav_messages.c:133:6:send_gps_raw_int	720	static
../Core/Src/mav_messages.c:174:6:send_global_position_int	648	static
