../Core/Src/main.c:339:2:__io_putchar	16	static
../Core/Src/main.c:347:7:HAL_GPIO_EXTI_Callback	16	static
../Core/Src/main.c:357:7:HAL_TIM_IC_CaptureCallback	32	static
../Core/Src/main.c:431:7:HAL_UART_RxCpltCallback	16	static
../Core/Src/main.c:456:11:mapRCtoMotor	24	static
../Core/Src/main.c:468:8:negative_range	16	static
../Core/Src/main.c:472:7:setServoAngle	32	static
../Core/Src/main.c:499:7:set_raw_ccr	16	static
../Core/Src/main.c:518:7:pid_equation	56	static
../Core/Src/main.c:538:8:mapRCtoPID	16	static
../Core/Src/main.c:546:7:reset_pid	4	static
../Core/Src/main.c:561:7:servo_test_sweep	16	static
../Core/Src/main.c:614:5:main	16	static
../Core/Src/main.c:762:6:SystemClock_Config	88	static
../Core/Src/main.c:809:13:MX_ADC1_Init	24	static
../Core/Src/main.c:861:13:MX_I2C1_Init	8	static
../Core/Src/main.c:895:13:MX_TIM2_Init	64	static
../Core/Src/main.c:966:13:MX_TIM3_Init	64	static
../Core/Src/main.c:1037:13:MX_TIM4_Init	48	static
../Core/Src/main.c:1095:13:MX_TIM9_Init	24	static
../Core/Src/main.c:1133:13:MX_TIM10_Init	8	static
../Core/Src/main.c:1164:13:MX_USART1_UART_Init	8	static
../Core/Src/main.c:1197:13:MX_USART2_UART_Init	8	static
../Core/Src/main.c:1230:13:MX_USART6_UART_Init	8	static
../Core/Src/main.c:1263:13:MX_GPIO_Init	40	static
../Core/Src/main.c:1319:6:arm_disarm	24	static,ignoring_inline_asm
../Core/Src/main.c:1378:6:mode_handler	24	static,ignoring_inline_asm
../Core/Src/main.c:1413:6:debounce_task	16	static
../Core/Src/main.c:1432:6:quad_mode	48	static
../Core/Src/main.c:1921:6:telemetry_task	40	static
../Core/Src/main.c:1971:6:HAL_TIM_PeriodElapsedCallback	16	static
../Core/Src/main.c:1992:6:Error_Handler	4	static,ignoring_inline_asm
