../Core/Src/main.c:202:1:__io_putchar	16	static
../Core/Src/main.c:210:6:HAL_TIM_IC_CaptureCallback	32	static
../Core/Src/main.c:269:6:HAL_UART_RxCpltCallback	16	static
../Core/Src/main.c:286:6:HAL_ADC_ConvCpltCallback	16	static
../Core/Src/main.c:295:10:mapRCtoMotor	24	static
../Core/Src/main.c:307:6:setServoAngle	32	static
../Core/Src/main.c:340:5:main	8	static
../Core/Src/main.c:438:6:SystemClock_Config	88	static
../Core/Src/main.c:486:13:MX_ADC1_Init	24	static
../Core/Src/main.c:538:13:MX_I2C1_Init	8	static
../Core/Src/main.c:572:13:MX_TIM2_Init	64	static
../Core/Src/main.c:643:13:MX_TIM3_Init	64	static
../Core/Src/main.c:714:13:MX_TIM4_Init	48	static
../Core/Src/main.c:772:13:MX_USART1_UART_Init	8	static
../Core/Src/main.c:805:13:MX_USART2_UART_Init	8	static
../Core/Src/main.c:838:13:MX_USART3_UART_Init	8	static
../Core/Src/main.c:871:13:MX_USART6_UART_Init	8	static
../Core/Src/main.c:904:13:MX_GPIO_Init	48	static
../Core/Src/main.c:957:6:servo_mapping	24	static
../Core/Src/main.c:1047:6:telemetry_task	16	static
../Core/Src/main.c:1094:6:arm_disarm	16	static
../Core/Src/main.c:1132:6:HAL_TIM_PeriodElapsedCallback	16	static
../Core/Src/main.c:1150:6:Error_Handler	4	static,ignoring_inline_asm
