../Core/Src/main.c:314:1:__io_putchar	16	static
../Core/Src/main.c:322:6:HAL_TIM_IC_CaptureCallback	32	static
../Core/Src/main.c:396:6:HAL_UART_RxCpltCallback	16	static
../Core/Src/main.c:412:10:mapRCtoMotor	24	static
../Core/Src/main.c:424:7:negative_range	16	static
../Core/Src/main.c:428:6:setServoAngle	32	static
../Core/Src/main.c:455:6:set_raw_ccr	16	static
../Core/Src/main.c:474:6:pid_equation	56	static
../Core/Src/main.c:494:7:mapRCtoPID	16	static
../Core/Src/main.c:502:6:reset_pid	4	static
../Core/Src/main.c:518:6:servo_test_sweep	16	static
../Core/Src/main.c:571:5:main	16	static
../Core/Src/main.c:714:6:SystemClock_Config	88	static
../Core/Src/main.c:759:13:MX_I2C1_Init	8	static
../Core/Src/main.c:791:13:MX_I2C3_Init	8	static
../Core/Src/main.c:823:13:MX_TIM2_Init	64	static
../Core/Src/main.c:886:13:MX_TIM3_Init	64	static
../Core/Src/main.c:953:13:MX_TIM4_Init	48	static
../Core/Src/main.c:1006:13:MX_TIM9_Init	24	static
../Core/Src/main.c:1041:13:MX_TIM10_Init	8	static
../Core/Src/main.c:1070:13:MX_USART1_UART_Init	8	static
../Core/Src/main.c:1101:13:MX_USART2_UART_Init	8	static
../Core/Src/main.c:1132:13:MX_USART6_UART_Init	8	static
../Core/Src/main.c:1163:13:MX_GPIO_Init	48	static
../Core/Src/main.c:1218:6:arm_disarm	24	static,ignoring_inline_asm
../Core/Src/main.c:1274:6:mode_handler	24	static,ignoring_inline_asm
../Core/Src/main.c:1306:6:debounce_task	16	static
../Core/Src/main.c:1323:6:quad_mode	48	static
../Core/Src/main.c:1797:6:telemetry_task	16	static
../Core/Src/main.c:1854:6:HAL_TIM_PeriodElapsedCallback	16	static
../Core/Src/main.c:1873:6:Error_Handler	4	static,ignoring_inline_asm
