../Core/Src/main.c:356:1:__io_putchar	16	static
../Core/Src/main.c:364:6:HAL_TIM_IC_CaptureCallback	32	static
../Core/Src/main.c:438:6:HAL_UART_RxCpltCallback	16	static
../Core/Src/main.c:454:10:mapRCtoMotor	24	static
../Core/Src/main.c:466:7:negative_range	16	static
../Core/Src/main.c:470:6:setServoAngle	32	static
../Core/Src/main.c:497:6:set_raw_ccr	16	static
../Core/Src/main.c:516:6:pid_equation	56	static
../Core/Src/main.c:535:7:mapRCtoPID	16	static
../Core/Src/main.c:543:6:reset_pid	4	static
../Core/Src/main.c:558:6:servo_test_sweep	16	static
../Core/Src/main.c:605:6:motor_check	24	static
../Core/Src/main.c:652:5:main	16	static
../Core/Src/main.c:795:6:SystemClock_Config	88	static
../Core/Src/main.c:840:13:MX_I2C1_Init	8	static
../Core/Src/main.c:872:13:MX_I2C3_Init	8	static
../Core/Src/main.c:904:13:MX_TIM2_Init	64	static
../Core/Src/main.c:967:13:MX_TIM3_Init	64	static
../Core/Src/main.c:1034:13:MX_TIM4_Init	48	static
../Core/Src/main.c:1087:13:MX_TIM9_Init	24	static
../Core/Src/main.c:1122:13:MX_TIM10_Init	8	static
../Core/Src/main.c:1151:13:MX_USART1_UART_Init	8	static
../Core/Src/main.c:1182:13:MX_USART2_UART_Init	8	static
../Core/Src/main.c:1213:13:MX_USART6_UART_Init	8	static
../Core/Src/main.c:1244:13:MX_GPIO_Init	48	static
../Core/Src/main.c:1298:6:arm_disarm	24	static,ignoring_inline_asm
../Core/Src/main.c:1358:6:mode_handler	32	static,ignoring_inline_asm
../Core/Src/main.c:1422:6:debounce_task	16	static
../Core/Src/main.c:1442:6:quad_mode	40	static
../Core/Src/main.c:1706:6:telemetry_task	16	static
../Core/Src/main.c:1758:6:fw_mode	16	static
../Core/Src/main.c:1774:6:vtol_task	16	static
../Core/Src/main.c:1791:6:HAL_TIM_PeriodElapsedCallback	16	static
../Core/Src/main.c:1811:6:Error_Handler	4	static,ignoring_inline_asm
