../Core/Src/main.c:364:1:__io_putchar	16	static
../Core/Src/main.c:372:6:HAL_TIM_IC_CaptureCallback	32	static
../Core/Src/main.c:446:6:HAL_UART_RxCpltCallback	16	static
../Core/Src/main.c:462:10:mapRCtoMotor	24	static
../Core/Src/main.c:474:7:negative_range	16	static
../Core/Src/main.c:478:6:setServoAngle	32	static
../Core/Src/main.c:505:6:set_raw_ccr	16	static
../Core/Src/main.c:524:6:pid_equation	56	static
../Core/Src/main.c:543:7:mapRCtoPID	16	static
../Core/Src/main.c:551:6:reset_pid	4	static
../Core/Src/main.c:566:6:servo_test_sweep	16	static
../Core/Src/main.c:613:6:motor_check	24	static
../Core/Src/main.c:660:5:main	16	static
../Core/Src/main.c:803:6:SystemClock_Config	88	static
../Core/Src/main.c:848:13:MX_I2C1_Init	8	static
../Core/Src/main.c:880:13:MX_I2C3_Init	8	static
../Core/Src/main.c:912:13:MX_TIM2_Init	64	static
../Core/Src/main.c:975:13:MX_TIM3_Init	64	static
../Core/Src/main.c:1042:13:MX_TIM4_Init	48	static
../Core/Src/main.c:1095:13:MX_TIM9_Init	24	static
../Core/Src/main.c:1130:13:MX_TIM10_Init	8	static
../Core/Src/main.c:1159:13:MX_USART1_UART_Init	8	static
../Core/Src/main.c:1190:13:MX_USART2_UART_Init	8	static
../Core/Src/main.c:1221:13:MX_USART6_UART_Init	8	static
../Core/Src/main.c:1252:13:MX_GPIO_Init	48	static
../Core/Src/main.c:1306:6:arm_disarm	24	static,ignoring_inline_asm
../Core/Src/main.c:1368:6:mode_handler	32	static,ignoring_inline_asm
../Core/Src/main.c:1432:6:debounce_task	16	static
../Core/Src/main.c:1452:6:quad_mode	40	static
../Core/Src/main.c:1717:6:telemetry_task	16	static
../Core/Src/main.c:1769:6:fw_mode	40	static
../Core/Src/main.c:1874:6:vtol_task	16	static
../Core/Src/main.c:1883:7:range_converter	40	static
../Core/Src/main.c:1906:6:HAL_TIM_PeriodElapsedCallback	16	static
../Core/Src/main.c:1926:6:Error_Handler	4	static,ignoring_inline_asm
