../Core/Src/main.c:188:6:HAL_TIM_IC_CaptureCallback	32	static
../Core/Src/main.c:251:6:set_raw_ccr	16	static
../Core/Src/main.c:270:6:pid_equation	56	static
../Core/Src/main.c:290:7:vertical_velocity	24	static
../Core/Src/main.c:308:1:__io_putchar	16	static
../Core/Src/main.c:316:10:mapRCtoMotor	24	static
../Core/Src/main.c:328:10:micros	4	static
../Core/Src/main.c:332:7:mapRCtoPID	16	static
../Core/Src/main.c:340:6:reset_pid	4	static
../Core/Src/main.c:360:5:main	40	static
../Core/Src/main.c:675:6:SystemClock_Config	88	static
../Core/Src/main.c:719:13:MX_I2C1_Init	8	static
../Core/Src/main.c:751:13:MX_TIM2_Init	64	static
../Core/Src/main.c:810:13:MX_TIM3_Init	64	static
../Core/Src/main.c:872:13:MX_TIM4_Init	48	static
../Core/Src/main.c:924:13:MX_TIM10_Init	8	static
../Core/Src/main.c:953:13:MX_USART2_UART_Init	8	static
../Core/Src/main.c:984:13:MX_GPIO_Init	40	static
../Core/Src/main.c:1026:6:Error_Handler	4	static,ignoring_inline_asm
