00:22:08 **** Incremental Build of configuration Debug for project bmp_test ****
make -j16 all 
arm-none-eabi-gcc "../Core/Src/mpu6050.c" -mcpu=cortex-m4 -std=gnu11 -g3 -DDEBUG -DUSE_HAL_DRIVER -DSTM32F411xE -c -I../Core/Inc -I../Drivers/STM32F4xx_HAL_Driver/Inc -I../Drivers/STM32F4xx_HAL_Driver/Inc/Legacy -I../Drivers/CMSIS/Device/ST/STM32F4xx/Include -I../Drivers/CMSIS/Include -I../Middlewares/Third_Party/FreeRTOS/Source/include -I../Middlewares/Third_Party/FreeRTOS/Source/CMSIS_RTOS_V2 -I../Middlewares/Third_Party/FreeRTOS/Source/portable/GCC/ARM_CM4F -O0 -ffunction-sections -fdata-sections -Wall -fstack-usage -fcyclomatic-complexity -MMD -MP -MF"Core/Src/mpu6050.d" -MT"Core/Src/mpu6050.o" --specs=nano.specs -mfpu=fpv4-sp-d16 -mfloat-abi=hard -mthumb -o "Core/Src/mpu6050.o"
arm-none-eabi-gcc -o "bmp_test.elf" @"objects.list"   -mcpu=cortex-m4 -T"C:\Embedded stuff\Marut_workspace_stm32\bmp_test_aryan (1).zip_expanded\bmp_test\STM32F411CCUX_FLASH.ld" --specs=nosys.specs -Wl,-Map="bmp_test.map" -Wl,--gc-sections -static --specs=nano.specs -mfpu=fpv4-sp-d16 -mfloat-abi=hard -mthumb -u _printf_float -u _scanf_float -Wl,--start-group -lc -lm -Wl,--end-group
Finished building target: bmp_test.elf
 
arm-none-eabi-size  bmp_test.elf 
arm-none-eabi-objdump -h -S bmp_test.elf  > "bmp_test.list"
   text	   data	    bss	    dec	    hex	filename
  64596	    544	  58208	 123348	  1e1d4	bmp_test.elf
Finished building: default.size.stdout
 
Finished building: bmp_test.list
 

00:22:09 Build Finished. 0 errors, 0 warnings. (took 1s.27ms)

