22:37:41 **** Incremental Build of configuration Debug for project FCU_Quad_StabilizeMode ****
make -j16 all 
arm-none-eabi-gcc "../Core/Src/main.c" -mcpu=cortex-m4 -std=gnu11 -g3 -DDEBUG -DUSE_HAL_DRIVER -DSTM32F411xE -c -I../Core/Inc -I../Drivers/STM32F4xx_HAL_Driver/Inc -I../Drivers/STM32F4xx_HAL_Driver/Inc/Legacy -I../Drivers/CMSIS/Device/ST/STM32F4xx/Include -I../Drivers/CMSIS/Include -O0 -ffunction-sections -fdata-sections -Wall -fstack-usage -fcyclomatic-complexity -MMD -MP -MF"Core/Src/main.d" -MT"Core/Src/main.o" --specs=nano.specs -mfpu=fpv4-sp-d16 -mfloat-abi=hard -mthumb -o "Core/Src/main.o"
arm-none-eabi-gcc -o "FCU_Quad_StabilizeMode.elf" @"objects.list"   -mcpu=cortex-m4 -T"C:\Embedded stuff\Marut_workspace_stm32\FCU_Quad_StabilizeMode\STM32F411CCUX_FLASH.ld" --specs=nosys.specs -Wl,-Map="FCU_Quad_StabilizeMode.map" -Wl,--gc-sections -static --specs=nano.specs -mfpu=fpv4-sp-d16 -mfloat-abi=hard -mthumb -u _printf_float -u _scanf_float -Wl,--start-group -lc -lm -Wl,--end-group
Finished building target: FCU_Quad_StabilizeMode.elf
 
arm-none-eabi-size  FCU_Quad_StabilizeMode.elf 
arm-none-eabi-objdump -h -S FCU_Quad_StabilizeMode.elf  > "FCU_Quad_StabilizeMode.list"
   text	   data	    bss	    dec	    hex	filename
  48264	    584	   2600	  51448	   c8f8	FCU_Quad_StabilizeMode.elf
Finished building: default.size.stdout
 
Finished building: FCU_Quad_StabilizeMode.list
 

22:37:43 Build Finished. 0 errors, 0 warnings. (took 2s.54ms)

