22:24:53 **** Incremental Build of configuration Debug for project Marut_GroundFILL ****
make -j16 all 
arm-none-eabi-gcc "../Core/Src/main.c" -mcpu=cortex-m4 -std=gnu11 -g3 -DDEBUG -DUSE_HAL_DRIVER -DSTM32F411xE -c -I../Core/Inc -I../Drivers/STM32F4xx_HAL_Driver/Inc -I../Drivers/STM32F4xx_HAL_Driver/Inc/Legacy -I../Middlewares/Third_Party/FreeRTOS/Source/include -I../Middlewares/Third_Party/FreeRTOS/Source/CMSIS_RTOS_V2 -I../Middlewares/Third_Party/FreeRTOS/Source/portable/GCC/ARM_CM4F -I../Drivers/CMSIS/Device/ST/STM32F4xx/Include -I../Drivers/CMSIS/Include -O0 -ffunction-sections -fdata-sections -Wall -fstack-usage -fcyclomatic-complexity -MMD -MP -MF"Core/Src/main.d" -MT"Core/Src/main.o" --specs=nano.specs -mfpu=fpv4-sp-d16 -mfloat-abi=hard -mthumb -o "Core/Src/main.o"
arm-none-eabi-gcc "../Core/Src/stm32f4xx_hal_msp.c" -mcpu=cortex-m4 -std=gnu11 -g3 -DDEBUG -DUSE_HAL_DRIVER -DSTM32F411xE -c -I../Core/Inc -I../Drivers/STM32F4xx_HAL_Driver/Inc -I../Drivers/STM32F4xx_HAL_Driver/Inc/Legacy -I../Middlewares/Third_Party/FreeRTOS/Source/include -I../Middlewares/Third_Party/FreeRTOS/Source/CMSIS_RTOS_V2 -I../Middlewares/Third_Party/FreeRTOS/Source/portable/GCC/ARM_CM4F -I../Drivers/CMSIS/Device/ST/STM32F4xx/Include -I../Drivers/CMSIS/Include -O0 -ffunction-sections -fdata-sections -Wall -fstack-usage -fcyclomatic-complexity -MMD -MP -MF"Core/Src/stm32f4xx_hal_msp.d" -MT"Core/Src/stm32f4xx_hal_msp.o" --specs=nano.specs -mfpu=fpv4-sp-d16 -mfloat-abi=hard -mthumb -o "Core/Src/stm32f4xx_hal_msp.o"
In file included from ../Core/Inc/mavlink/common/common.h:2903,
                 from ../Core/Inc/mavlink/common/mavlink.h:32,
                 from ../Core/Src/main.c:32:
../Core/Inc/mavlink/common/./mavlink_msg_set_attitude_target.h: In function 'mavlink_msg_set_attitude_target_encode':
../Core/Inc/mavlink/common/./mavlink_msg_set_attitude_target.h:241:240: warning: taking address of packed member of 'struct __mavlink_set_attitude_target_t' may result in an unaligned pointer value [-Waddress-of-packed-member]
  241 |     return mavlink_msg_set_attitude_target_pack(system_id, component_id, msg, set_attitude_target->time_boot_ms, set_attitude_target->target_system, set_attitude_target->target_component, set_attitude_target->type_mask, set_attitude_target->q, set_attitude_target->body_roll_rate, set_attitude_target->body_pitch_rate, set_attitude_target->body_yaw_rate, set_attitude_target->thrust, set_attitude_target->thrust_body);
      |                                                                                                                                                                                                                             ~~~~~~~~~~~~~~~~~~~^~~
../Core/Inc/mavlink/common/./mavlink_msg_set_attitude_target.h:241:404: warning: taking address of packed member of 'struct __mavlink_set_attitude_target_t' may result in an unaligned pointer value [-Waddress-of-packed-member]
  241 |     return mavlink_msg_set_attitude_target_pack(system_id, component_id, msg, set_attitude_target->time_boot_ms, set_attitude_target->target_system, set_attitude_target->target_component, set_attitude_target->type_mask, set_attitude_target->q, set_attitude_target->body_roll_rate, set_attitude_target->body_pitch_rate, set_attitude_target->body_yaw_rate, set_attitude_target->thrust, set_attitude_target->thrust_body);
      |                                                                                                                                                                                                                                                                                                                                                                                                 ~~~~~~~~~~~~~~~~~~~^~~~~~~~~~~~~
../Core/Inc/mavlink/common/./mavlink_msg_set_attitude_target.h: In function 'mavlink_msg_set_attitude_target_encode_chan':
../Core/Inc/mavlink/common/./mavlink_msg_set_attitude_target.h:255:251: warning: taking address of packed member of 'struct __mavlink_set_attitude_target_t' may result in an unaligned pointer value [-Waddress-of-packed-member]
  255 |     return mavlink_msg_set_attitude_target_pack_chan(system_id, component_id, chan, msg, set_attitude_target->time_boot_ms, set_attitude_target->target_system, set_attitude_target->target_component, set_attitude_target->type_mask, set_attitude_target->q, set_attitude_target->body_roll_rate, set_attitude_target->body_pitch_rate, set_attitude_target->body_yaw_rate, set_attitude_target->thrust, set_attitude_target->thrust_body);
      |                                                                                                                                                                                                                                        ~~~~~~~~~~~~~~~~~~~^~~
../Core/Inc/mavlink/common/./mavlink_msg_set_attitude_target.h:255:415: warning: taking address of packed member of 'struct __mavlink_set_attitude_target_t' may result in an unaligned pointer value [-Waddress-of-packed-member]
  255 |     return mavlink_msg_set_attitude_target_pack_chan(system_id, component_id, chan, msg, set_attitude_target->time_boot_ms, set_attitude_target->target_system, set_attitude_target->target_component, set_attitude_target->type_mask, set_attitude_target->q, set_attitude_target->body_roll_rate, set_attitude_target->body_pitch_rate, set_attitude_target->body_yaw_rate, set_attitude_target->thrust, set_attitude_target->thrust_body);
      |                                                                                                                                                                                                                                                                                                                                                                                                            ~~~~~~~~~~~~~~~~~~~^~~~~~~~~~~~~
../Core/Inc/mavlink/common/./mavlink_msg_set_attitude_target.h: In function 'mavlink_msg_set_attitude_target_encode_status':
../Core/Inc/mavlink/common/./mavlink_msg_set_attitude_target.h:269:257: warning: taking address of packed member of 'struct __mavlink_set_attitude_target_t' may result in an unaligned pointer value [-Waddress-of-packed-member]
  269 |     return mavlink_msg_set_attitude_target_pack_status(system_id, component_id, _status, msg,  set_attitude_target->time_boot_ms, set_attitude_target->target_system, set_attitude_target->target_component, set_attitude_target->type_mask, set_attitude_target->q, set_attitude_target->body_roll_rate, set_attitude_target->body_pitch_rate, set_attitude_target->body_yaw_rate, set_attitude_target->thrust, set_attitude_target->thrust_body);
      |                                                                                                                                                                                                                                              ~~~~~~~~~~~~~~~~~~~^~~
../Core/Inc/mavlink/common/./mavlink_msg_set_attitude_target.h:269:421: warning: taking address of packed member of 'struct __mavlink_set_attitude_target_t' may result in an unaligned pointer value [-Waddress-of-packed-member]
  269 |     return mavlink_msg_set_attitude_target_pack_status(system_id, component_id, _status, msg,  set_attitude_target->time_boot_ms, set_attitude_target->target_system, set_attitude_target->target_component, set_attitude_target->type_mask, set_attitude_target->q, set_attitude_target->body_roll_rate, set_attitude_target->body_pitch_rate, set_attitude_target->body_yaw_rate, set_attitude_target->thrust, set_attitude_target->thrust_body);
      |                                                                                                                                                                                                                                                                                                                                                                                                                  ~~~~~~~~~~~~~~~~~~~^~~~~~~~~~~~~
In file included from ../Core/Inc/mavlink/common/common.h:2946:
../Core/Inc/mavlink/common/./mavlink_msg_distance_sensor.h: In function 'mavlink_msg_distance_sensor_encode':
../Core/Inc/mavlink/common/./mavlink_msg_distance_sensor.h:264:385: warning: taking address of packed member of 'struct __mavlink_distance_sensor_t' may result in an unaligned pointer value [-Waddress-of-packed-member]
  264 |     return mavlink_msg_distance_sensor_pack(system_id, component_id, msg, distance_sensor->time_boot_ms, distance_sensor->min_distance, distance_sensor->max_distance, distance_sensor->current_distance, distance_sensor->type, distance_sensor->id, distance_sensor->orientation, distance_sensor->covariance, distance_sensor->horizontal_fov, distance_sensor->vertical_fov, distance_sensor->quaternion, distance_sensor->signal_quality);
      |                                                                                                                                                                                                                                                                                                                                                                                  ~~~~~~~~~~~~~~~^~~~~~~~~~~~
../Core/Inc/mavlink/common/./mavlink_msg_distance_sensor.h: In function 'mavlink_msg_distance_sensor_encode_chan':
../Core/Inc/mavlink/common/./mavlink_msg_distance_sensor.h:278:396: warning: taking address of packed member of 'struct __mavlink_distance_sensor_t' may result in an unaligned pointer value [-Waddress-of-packed-member]
  278 |     return mavlink_msg_distance_sensor_pack_chan(system_id, component_id, chan, msg, distance_sensor->time_boot_ms, distance_sensor->min_distance, distance_sensor->max_distance, distance_sensor->current_distance, distance_sensor->type, distance_sensor->id, distance_sensor->orientation, distance_sensor->covariance, distance_sensor->horizontal_fov, distance_sensor->vertical_fov, distance_sensor->quaternion, distance_sensor->signal_quality);
      |                                                                                                                                                                                                                                                                                                                                                                                             ~~~~~~~~~~~~~~~^~~~~~~~~~~~
../Core/Inc/mavlink/common/./mavlink_msg_distance_sensor.h: In function 'mavlink_msg_distance_sensor_encode_status':
../Core/Inc/mavlink/common/./mavlink_msg_distance_sensor.h:292:402: warning: taking address of packed member of 'struct __mavlink_distance_sensor_t' may result in an unaligned pointer value [-Waddress-of-packed-member]
  292 |     return mavlink_msg_distance_sensor_pack_status(system_id, component_id, _status, msg,  distance_sensor->time_boot_ms, distance_sensor->min_distance, distance_sensor->max_distance, distance_sensor->current_distance, distance_sensor->type, distance_sensor->id, distance_sensor->orientation, distance_sensor->covariance, distance_sensor->horizontal_fov, distance_sensor->vertical_fov, distance_sensor->quaternion, distance_sensor->signal_quality);
      |                                                                                                                                                                                                                                                                                                                                                                                                   ~~~~~~~~~~~~~~~^~~~~~~~~~~~
In file included from ../Core/Inc/mavlink/common/common.h:2960:
../Core/Inc/mavlink/common/./mavlink_msg_battery_status.h: In function 'mavlink_msg_battery_status_encode':
../Core/Inc/mavlink/common/./mavlink_msg_battery_status.h:289:193: warning: taking address of packed member of 'struct __mavlink_battery_status_t' may result in an unaligned pointer value [-Waddress-of-packed-member]
  289 |     return mavlink_msg_battery_status_pack(system_id, component_id, msg, battery_status->id, battery_status->battery_function, battery_status->type, battery_status->temperature, battery_status->voltages, battery_status->current_battery, battery_status->current_consumed, battery_status->energy_consumed, battery_status->battery_remaining, battery_status->time_remaining, battery_status->charge_state, battery_status->voltages_ext, battery_status->mode, battery_status->fault_bitmask);
      |                                                                                                                                                                                   ~~~~~~~~~~~~~~^~~~~~~~~~
../Core/Inc/mavlink/common/./mavlink_msg_battery_status.h:289:416: warning: taking address of packed member of 'struct __mavlink_battery_status_t' may result in an unaligned pointer value [-Waddress-of-packed-member]
  289 |     return mavlink_msg_battery_status_pack(system_id, component_id, msg, battery_status->id, battery_status->battery_function, battery_status->type, battery_status->temperature, battery_status->voltages, battery_status->current_battery, battery_status->current_consumed, battery_status->energy_consumed, battery_status->battery_remaining, battery_status->time_remaining, battery_status->charge_state, battery_status->voltages_ext, battery_status->mode, battery_status->fault_bitmask);
      |                                                                                                                                                                                                                                                                                                                                                                                                                  ~~~~~~~~~~~~~~^~~~~~~~~~~~~~
../Core/Inc/mavlink/common/./mavlink_msg_battery_status.h: In function 'mavlink_msg_battery_status_encode_chan':
../Core/Inc/mavlink/common/./mavlink_msg_battery_status.h:303:204: warning: taking address of packed member of 'struct __mavlink_battery_status_t' may result in an unaligned pointer value [-Waddress-of-packed-member]
  303 |     return mavlink_msg_battery_status_pack_chan(system_id, component_id, chan, msg, battery_status->id, battery_status->battery_function, battery_status->type, battery_status->temperature, battery_status->voltages, battery_status->current_battery, battery_status->current_consumed, battery_status->energy_consumed, battery_status->battery_remaining, battery_status->time_remaining, battery_status->charge_state, battery_status->voltages_ext, battery_status->mode, battery_status->fault_bitmask);
      |                                                                                                                                                                                              ~~~~~~~~~~~~~~^~~~~~~~~~
../Core/Inc/mavlink/common/./mavlink_msg_battery_status.h:303:427: warning: taking address of packed member of 'struct __mavlink_battery_status_t' may result in an unaligned pointer value [-Waddress-of-packed-member]
  303 |     return mavlink_msg_battery_status_pack_chan(system_id, component_id, chan, msg, battery_status->id, battery_status->battery_function, battery_status->type, battery_status->temperature, battery_status->voltages, battery_status->current_battery, battery_status->current_consumed, battery_status->energy_consumed, battery_status->battery_remaining, battery_status->time_remaining, battery_status->charge_state, battery_status->voltages_ext, battery_status->mode, battery_status->fault_bitmask);
      |                                                                                                                                                                                                                                                                                                                                                                                                                             ~~~~~~~~~~~~~~^~~~~~~~~~~~~~
../Core/Inc/mavlink/common/./mavlink_msg_battery_status.h: In function 'mavlink_msg_battery_status_encode_status':
../Core/Inc/mavlink/common/./mavlink_msg_battery_status.h:317:210: warning: taking address of packed member of 'struct __mavlink_battery_status_t' may result in an unaligned pointer value [-Waddress-of-packed-member]
  317 |     return mavlink_msg_battery_status_pack_status(system_id, component_id, _status, msg,  battery_status->id, battery_status->battery_function, battery_status->type, battery_status->temperature, battery_status->voltages, battery_status->current_battery, battery_status->current_consumed, battery_status->energy_consumed, battery_status->battery_remaining, battery_status->time_remaining, battery_status->charge_state, battery_status->voltages_ext, battery_status->mode, battery_status->fault_bitmask);
      |                                                                                                                                                                                                    ~~~~~~~~~~~~~~^~~~~~~~~~
../Core/Inc/mavlink/common/./mavlink_msg_battery_status.h:317:433: warning: taking address of packed member of 'struct __mavlink_battery_status_t' may result in an unaligned pointer value [-Waddress-of-packed-member]
  317 |     return mavlink_msg_battery_status_pack_status(system_id, component_id, _status, msg,  battery_status->id, battery_status->battery_function, battery_status->type, battery_status->temperature, battery_status->voltages, battery_status->current_battery, battery_status->current_consumed, battery_status->energy_consumed, battery_status->battery_remaining, battery_status->time_remaining, battery_status->charge_state, battery_status->voltages_ext, battery_status->mode, battery_status->fault_bitmask);
      |                                                                                                                                                                                                                                                                                                                                                                                                                                   ~~~~~~~~~~~~~~^~~~~~~~~~~~~~
In file included from ../Core/Inc/mavlink/common/common.h:2961:
../Core/Inc/mavlink/common/./mavlink_msg_landing_target.h: In function 'mavlink_msg_landing_target_encode':
../Core/Inc/mavlink/common/./mavlink_msg_landing_target.h:288:347: warning: taking address of packed member of 'struct __mavlink_landing_target_t' may result in an unaligned pointer value [-Waddress-of-packed-member]
  288 |     return mavlink_msg_landing_target_pack(system_id, component_id, msg, landing_target->time_usec, landing_target->target_num, landing_target->frame, landing_target->angle_x, landing_target->angle_y, landing_target->distance, landing_target->size_x, landing_target->size_y, landing_target->x, landing_target->y, landing_target->z, landing_target->q, landing_target->type, landing_target->position_valid);
      |                                                                                                                                                                                                                                                                                                                                             ~~~~~~~~~~~~~~^~~
../Core/Inc/mavlink/common/./mavlink_msg_landing_target.h: In function 'mavlink_msg_landing_target_encode_chan':
../Core/Inc/mavlink/common/./mavlink_msg_landing_target.h:302:358: warning: taking address of packed member of 'struct __mavlink_landing_target_t' may result in an unaligned pointer value [-Waddress-of-packed-member]
  302 |     return mavlink_msg_landing_target_pack_chan(system_id, component_id, chan, msg, landing_target->time_usec, landing_target->target_num, landing_target->frame, landing_target->angle_x, landing_target->angle_y, landing_target->distance, landing_target->size_x, landing_target->size_y, landing_target->x, landing_target->y, landing_target->z, landing_target->q, landing_target->type, landing_target->position_valid);
      |                                                                                                                                                                                                                                                                                                                                                        ~~~~~~~~~~~~~~^~~
../Core/Inc/mavlink/common/./mavlink_msg_landing_target.h: In function 'mavlink_msg_landing_target_encode_status':
../Core/Inc/mavlink/common/./mavlink_msg_landing_target.h:316:364: warning: taking address of packed member of 'struct __mavlink_landing_target_t' may result in an unaligned pointer value [-Waddress-of-packed-member]
  316 |     return mavlink_msg_landing_target_pack_status(system_id, component_id, _status, msg,  landing_target->time_usec, landing_target->target_num, landing_target->frame, landing_target->angle_x, landing_target->angle_y, landing_target->distance, landing_target->size_x, landing_target->size_y, landing_target->x, landing_target->y, landing_target->z, landing_target->q, landing_target->type, landing_target->position_valid);
      |                                                                                                                                                                                                                                                                                                                                                              ~~~~~~~~~~~~~~^~~
In file included from ../Core/Inc/mavlink/common/common.h:2972:
../Core/Inc/mavlink/common/./mavlink_msg_home_position.h: In function 'mavlink_msg_home_position_encode':
../Core/Inc/mavlink/common/./mavlink_msg_home_position.h:268:216: warning: taking address of packed member of 'struct __mavlink_home_position_t' may result in an unaligned pointer value [-Waddress-of-packed-member]
  268 |     return mavlink_msg_home_position_pack(system_id, component_id, msg, home_position->latitude, home_position->longitude, home_position->altitude, home_position->x, home_position->y, home_position->z, home_position->q, home_position->approach_x, home_position->approach_y, home_position->approach_z, home_position->time_usec);
      |                                                                                                                                                                                                           ~~~~~~~~~~~~~^~~
../Core/Inc/mavlink/common/./mavlink_msg_home_position.h: In function 'mavlink_msg_home_position_encode_chan':
../Core/Inc/mavlink/common/./mavlink_msg_home_position.h:282:227: warning: taking address of packed member of 'struct __mavlink_home_position_t' may result in an unaligned pointer value [-Waddress-of-packed-member]
  282 |     return mavlink_msg_home_position_pack_chan(system_id, component_id, chan, msg, home_position->latitude, home_position->longitude, home_position->altitude, home_position->x, home_position->y, home_position->z, home_position->q, home_position->approach_x, home_position->approach_y, home_position->approach_z, home_position->time_usec);
      |                                                                                                                                                                                                                      ~~~~~~~~~~~~~^~~
../Core/Inc/mavlink/common/./mavlink_msg_home_position.h: In function 'mavlink_msg_home_position_encode_status':
../Core/Inc/mavlink/common/./mavlink_msg_home_position.h:296:233: warning: taking address of packed member of 'struct __mavlink_home_position_t' may result in an unaligned pointer value [-Waddress-of-packed-member]
  296 |     return mavlink_msg_home_position_pack_status(system_id, component_id, _status, msg,  home_position->latitude, home_position->longitude, home_position->altitude, home_position->x, home_position->y, home_position->z, home_position->q, home_position->approach_x, home_position->approach_y, home_position->approach_z, home_position->time_usec);
      |                                                                                                                                                                                                                            ~~~~~~~~~~~~~^~~
In file included from ../Core/Inc/mavlink/common/common.h:2973:
../Core/Inc/mavlink/common/./mavlink_msg_set_home_position.h: In function 'mavlink_msg_set_home_position_encode':
../Core/Inc/mavlink/common/./mavlink_msg_set_home_position.h:264:282: warning: taking address of packed member of 'struct __mavlink_set_home_position_t' may result in an unaligned pointer value [-Waddress-of-packed-member]
  264 |     return mavlink_msg_set_home_position_pack(system_id, component_id, msg, set_home_position->target_system, set_home_position->latitude, set_home_position->longitude, set_home_position->altitude, set_home_position->x, set_home_position->y, set_home_position->z, set_home_position->q, set_home_position->approach_x, set_home_position->approach_y, set_home_position->approach_z, set_home_position->time_usec);
      |                                                                                                                                                                                                                                                                         ~~~~~~~~~~~~~~~~~^~~
../Core/Inc/mavlink/common/./mavlink_msg_set_home_position.h: In function 'mavlink_msg_set_home_position_encode_chan':
../Core/Inc/mavlink/common/./mavlink_msg_set_home_position.h:278:293: warning: taking address of packed member of 'struct __mavlink_set_home_position_t' may result in an unaligned pointer value [-Waddress-of-packed-member]
  278 |     return mavlink_msg_set_home_position_pack_chan(system_id, component_id, chan, msg, set_home_position->target_system, set_home_position->latitude, set_home_position->longitude, set_home_position->altitude, set_home_position->x, set_home_position->y, set_home_position->z, set_home_position->q, set_home_position->approach_x, set_home_position->approach_y, set_home_position->approach_z, set_home_position->time_usec);
      |                                                                                                                                                                                                                                                                                    ~~~~~~~~~~~~~~~~~^~~
../Core/Inc/mavlink/common/./mavlink_msg_set_home_position.h: In function 'mavlink_msg_set_home_position_encode_status':
../Core/Inc/mavlink/common/./mavlink_msg_set_home_position.h:292:299: warning: taking address of packed member of 'struct __mavlink_set_home_position_t' may result in an unaligned pointer value [-Waddress-of-packed-member]
  292 |     return mavlink_msg_set_home_position_pack_status(system_id, component_id, _status, msg,  set_home_position->target_system, set_home_position->latitude, set_home_position->longitude, set_home_position->altitude, set_home_position->x, set_home_position->y, set_home_position->z, set_home_position->q, set_home_position->approach_x, set_home_position->approach_y, set_home_position->approach_z, set_home_position->time_usec);
      |                                                                                                                                                                                                                                                                                          ~~~~~~~~~~~~~~~~~^~~
In file included from ../Core/Inc/mavlink/common/common.h:3010:
../Core/Inc/mavlink/common/./mavlink_msg_autopilot_state_for_gimbal_device.h: In function 'mavlink_msg_autopilot_state_for_gimbal_device_encode':
../Core/Inc/mavlink/common/./mavlink_msg_autopilot_state_for_gimbal_device.h:276:278: warning: taking address of packed member of 'struct __mavlink_autopilot_state_for_gimbal_device_t' may result in an unaligned pointer value [-Waddress-of-packed-member]
  276 |     return mavlink_msg_autopilot_state_for_gimbal_device_pack(system_id, component_id, msg, autopilot_state_for_gimbal_device->target_system, autopilot_state_for_gimbal_device->target_component, autopilot_state_for_gimbal_device->time_boot_us, autopilot_state_for_gimbal_device->q, autopilot_state_for_gimbal_device->q_estimated_delay_us, autopilot_state_for_gimbal_device->vx, autopilot_state_for_gimbal_device->vy, autopilot_state_for_gimbal_device->vz, autopilot_state_for_gimbal_device->v_estimated_delay_us, autopilot_state_for_gimbal_device->feed_forward_angular_velocity_z, autopilot_state_for_gimbal_device->estimator_status, autopilot_state_for_gimbal_device->landed_state, autopilot_state_for_gimbal_device->angular_velocity_z);
      |                                                                                                                                                                                                                                                     ~~~~~~~~~~~~~~~~~~~~~~~~~~~~~~~~~^~~
../Core/Inc/mavlink/common/./mavlink_msg_autopilot_state_for_gimbal_device.h: In function 'mavlink_msg_autopilot_state_for_gimbal_device_encode_chan':
../Core/Inc/mavlink/common/./mavlink_msg_autopilot_state_for_gimbal_device.h:290:289: warning: taking address of packed member of 'struct __mavlink_autopilot_state_for_gimbal_device_t' may result in an unaligned pointer value [-Waddress-of-packed-member]
  290 |     return mavlink_msg_autopilot_state_for_gimbal_device_pack_chan(system_id, component_id, chan, msg, autopilot_state_for_gimbal_device->target_system, autopilot_state_for_gimbal_device->target_component, autopilot_state_for_gimbal_device->time_boot_us, autopilot_state_for_gimbal_device->q, autopilot_state_for_gimbal_device->q_estimated_delay_us, autopilot_state_for_gimbal_device->vx, autopilot_state_for_gimbal_device->vy, autopilot_state_for_gimbal_device->vz, autopilot_state_for_gimbal_device->v_estimated_delay_us, autopilot_state_for_gimbal_device->feed_forward_angular_velocity_z, autopilot_state_for_gimbal_device->estimator_status, autopilot_state_for_gimbal_device->landed_state, autopilot_state_for_gimbal_device->angular_velocity_z);
      |                                                                                                                                                                                                                                                                ~~~~~~~~~~~~~~~~~~~~~~~~~~~~~~~~~^~~
../Core/Inc/mavlink/common/./mavlink_msg_autopilot_state_for_gimbal_device.h: In function 'mavlink_msg_autopilot_state_for_gimbal_device_encode_status':
../Core/Inc/mavlink/common/./mavlink_msg_autopilot_state_for_gimbal_device.h:304:295: warning: taking address of packed member of 'struct __mavlink_autopilot_state_for_gimbal_device_t' may result in an unaligned pointer value [-Waddress-of-packed-member]
  304 |     return mavlink_msg_autopilot_state_for_gimbal_device_pack_status(system_id, component_id, _status, msg,  autopilot_state_for_gimbal_device->target_system, autopilot_state_for_gimbal_device->target_component, autopilot_state_for_gimbal_device->time_boot_us, autopilot_state_for_gimbal_device->q, autopilot_state_for_gimbal_device->q_estimated_delay_us, autopilot_state_for_gimbal_device->vx, autopilot_state_for_gimbal_device->vy, autopilot_state_for_gimbal_device->vz, autopilot_state_for_gimbal_device->v_estimated_delay_us, autopilot_state_for_gimbal_device->feed_forward_angular_velocity_z, autopilot_state_for_gimbal_device->estimator_status, autopilot_state_for_gimbal_device->landed_state, autopilot_state_for_gimbal_device->angular_velocity_z);
      |                                                                                                                                                                                                                                                                      ~~~~~~~~~~~~~~~~~~~~~~~~~~~~~~~~~^~~
In file included from ../Core/Inc/mavlink/common/common.h:3024:
../Core/Inc/mavlink/common/./mavlink_msg_obstacle_distance.h: In function 'mavlink_msg_obstacle_distance_encode':
../Core/Inc/mavlink/common/./mavlink_msg_obstacle_distance.h:228:156: warning: taking address of packed member of 'struct __mavlink_obstacle_distance_t' may result in an unaligned pointer value [-Waddress-of-packed-member]
  228 |     return mavlink_msg_obstacle_distance_pack(system_id, component_id, msg, obstacle_distance->time_usec, obstacle_distance->sensor_type, obstacle_distance->distances, obstacle_distance->increment, obstacle_distance->min_distance, obstacle_distance->max_distance, obstacle_distance->increment_f, obstacle_distance->angle_offset, obstacle_distance->frame);
      |                                                                                                                                           ~~~~~~~~~~~~~~~~~^~~~~~~~~~~
../Core/Inc/mavlink/common/./mavlink_msg_obstacle_distance.h: In function 'mavlink_msg_obstacle_distance_encode_chan':
../Core/Inc/mavlink/common/./mavlink_msg_obstacle_distance.h:242:167: warning: taking address of packed member of 'struct __mavlink_obstacle_distance_t' may result in an unaligned pointer value [-Waddress-of-packed-member]
  242 |     return mavlink_msg_obstacle_distance_pack_chan(system_id, component_id, chan, msg, obstacle_distance->time_usec, obstacle_distance->sensor_type, obstacle_distance->distances, obstacle_distance->increment, obstacle_distance->min_distance, obstacle_distance->max_distance, obstacle_distance->increment_f, obstacle_distance->angle_offset, obstacle_distance->frame);
      |                                                                                                                                                      ~~~~~~~~~~~~~~~~~^~~~~~~~~~~
../Core/Inc/mavlink/common/./mavlink_msg_obstacle_distance.h: In function 'mavlink_msg_obstacle_distance_encode_status':
../Core/Inc/mavlink/common/./mavlink_msg_obstacle_distance.h:256:173: warning: taking address of packed member of 'struct __mavlink_obstacle_distance_t' may result in an unaligned pointer value [-Waddress-of-packed-member]
  256 |     return mavlink_msg_obstacle_distance_pack_status(system_id, component_id, _status, msg,  obstacle_distance->time_usec, obstacle_distance->sensor_type, obstacle_distance->distances, obstacle_distance->increment, obstacle_distance->min_distance, obstacle_distance->max_distance, obstacle_distance->increment_f, obstacle_distance->angle_offset, obstacle_distance->frame);
      |                                                                                                                                                            ~~~~~~~~~~~~~~~~~^~~~~~~~~~~
../Core/Src/main.c: In function 'quad_mode':
../Core/Src/main.c:1488:17: warning: 'memcpy' writing 20 bytes into a region of size 16 overflows the destination [-Wstringop-overflow=]
 1488 |                 memcpy(display_channels, (void*) ppm_ready_channels,
      |                 ^~~~~~~~~~~~~~~~~~~~~~~~~~~~~~~~~~~~~~~~~~~~~~~~~~~~
 1489 |                                 sizeof(ppm_ready_channels));
      |                                 ~~~~~~~~~~~~~~~~~~~~~~~~~~~
../Core/Src/main.c:184:10: note: destination object 'display_channels' of size 16
  184 | uint16_t display_channels[8];
      |          ^~~~~~~~~~~~~~~~
arm-none-eabi-gcc -o "Marut_GroundFILL.elf" @"objects.list"   -mcpu=cortex-m4 -T"C:\Embedded stuff\Marut_workspace_stm32\Marut_GroundFILL\STM32F411CEUX_FLASH.ld" --specs=nosys.specs -Wl,-Map="Marut_GroundFILL.map" -Wl,--gc-sections -static --specs=nano.specs -mfpu=fpv4-sp-d16 -mfloat-abi=hard -mthumb -u _printf_float -u _scanf_float -Wl,--start-group -lc -lm -Wl,--end-group
Finished building target: Marut_GroundFILL.elf
 
arm-none-eabi-size  Marut_GroundFILL.elf 
arm-none-eabi-objdump -h -S Marut_GroundFILL.elf  > "Marut_GroundFILL.list"
   text	   data	    bss	    dec	    hex	filename
  79096	    640	 101792	 181528	  2c518	Marut_GroundFILL.elf
Finished building: default.size.stdout
 
Finished building: Marut_GroundFILL.list
 
22:25:01 **** Incremental Build of configuration Debug for project Marut_GroundFILL ****
make -j16 all 
arm-none-eabi-size  Marut_GroundFILL.elf 
   text	   data	    bss	    dec	    hex	filename
  79096	    640	 101792	 181528	  2c518	Marut_GroundFILL.elf
Finished building: default.size.stdout
 
22:29:34 **** Incremental Build of configuration Debug for project Marut_GroundFILL ****
make -j16 all 
arm-none-eabi-gcc "../Core/Src/main.c" -mcpu=cortex-m4 -std=gnu11 -g3 -DDEBUG -DUSE_HAL_DRIVER -DSTM32F411xE -c -I../Core/Inc -I../Drivers/STM32F4xx_HAL_Driver/Inc -I../Drivers/STM32F4xx_HAL_Driver/Inc/Legacy -I../Middlewares/Third_Party/FreeRTOS/Source/include -I../Middlewares/Third_Party/FreeRTOS/Source/CMSIS_RTOS_V2 -I../Middlewares/Third_Party/FreeRTOS/Source/portable/GCC/ARM_CM4F -I../Drivers/CMSIS/Device/ST/STM32F4xx/Include -I../Drivers/CMSIS/Include -O0 -ffunction-sections -fdata-sections -Wall -fstack-usage -fcyclomatic-complexity -MMD -MP -MF"Core/Src/main.d" -MT"Core/Src/main.o" --specs=nano.specs -mfpu=fpv4-sp-d16 -mfloat-abi=hard -mthumb -o "Core/Src/main.o"
arm-none-eabi-gcc "../Core/Src/stm32f4xx_it.c" -mcpu=cortex-m4 -std=gnu11 -g3 -DDEBUG -DUSE_HAL_DRIVER -DSTM32F411xE -c -I../Core/Inc -I../Drivers/STM32F4xx_HAL_Driver/Inc -I../Drivers/STM32F4xx_HAL_Driver/Inc/Legacy -I../Middlewares/Third_Party/FreeRTOS/Source/include -I../Middlewares/Third_Party/FreeRTOS/Source/CMSIS_RTOS_V2 -I../Middlewares/Third_Party/FreeRTOS/Source/portable/GCC/ARM_CM4F -I../Drivers/CMSIS/Device/ST/STM32F4xx/Include -I../Drivers/CMSIS/Include -O0 -ffunction-sections -fdata-sections -Wall -fstack-usage -fcyclomatic-complexity -MMD -MP -MF"Core/Src/stm32f4xx_it.d" -MT"Core/Src/stm32f4xx_it.o" --specs=nano.specs -mfpu=fpv4-sp-d16 -mfloat-abi=hard -mthumb -o "Core/Src/stm32f4xx_it.o"
In file included from ../Core/Inc/mavlink/common/common.h:2903,
                 from ../Core/Inc/mavlink/common/mavlink.h:32,
                 from ../Core/Src/main.c:32:
../Core/Inc/mavlink/common/./mavlink_msg_set_attitude_target.h: In function 'mavlink_msg_set_attitude_target_encode':
../Core/Inc/mavlink/common/./mavlink_msg_set_attitude_target.h:241:240: warning: taking address of packed member of 'struct __mavlink_set_attitude_target_t' may result in an unaligned pointer value [-Waddress-of-packed-member]
  241 |     return mavlink_msg_set_attitude_target_pack(system_id, component_id, msg, set_attitude_target->time_boot_ms, set_attitude_target->target_system, set_attitude_target->target_component, set_attitude_target->type_mask, set_attitude_target->q, set_attitude_target->body_roll_rate, set_attitude_target->body_pitch_rate, set_attitude_target->body_yaw_rate, set_attitude_target->thrust, set_attitude_target->thrust_body);
      |                                                                                                                                                                                                                             ~~~~~~~~~~~~~~~~~~~^~~
../Core/Inc/mavlink/common/./mavlink_msg_set_attitude_target.h:241:404: warning: taking address of packed member of 'struct __mavlink_set_attitude_target_t' may result in an unaligned pointer value [-Waddress-of-packed-member]
  241 |     return mavlink_msg_set_attitude_target_pack(system_id, component_id, msg, set_attitude_target->time_boot_ms, set_attitude_target->target_system, set_attitude_target->target_component, set_attitude_target->type_mask, set_attitude_target->q, set_attitude_target->body_roll_rate, set_attitude_target->body_pitch_rate, set_attitude_target->body_yaw_rate, set_attitude_target->thrust, set_attitude_target->thrust_body);
      |                                                                                                                                                                                                                                                                                                                                                                                                 ~~~~~~~~~~~~~~~~~~~^~~~~~~~~~~~~
../Core/Inc/mavlink/common/./mavlink_msg_set_attitude_target.h: In function 'mavlink_msg_set_attitude_target_encode_chan':
../Core/Inc/mavlink/common/./mavlink_msg_set_attitude_target.h:255:251: warning: taking address of packed member of 'struct __mavlink_set_attitude_target_t' may result in an unaligned pointer value [-Waddress-of-packed-member]
  255 |     return mavlink_msg_set_attitude_target_pack_chan(system_id, component_id, chan, msg, set_attitude_target->time_boot_ms, set_attitude_target->target_system, set_attitude_target->target_component, set_attitude_target->type_mask, set_attitude_target->q, set_attitude_target->body_roll_rate, set_attitude_target->body_pitch_rate, set_attitude_target->body_yaw_rate, set_attitude_target->thrust, set_attitude_target->thrust_body);
      |                                                                                                                                                                                                                                        ~~~~~~~~~~~~~~~~~~~^~~
../Core/Inc/mavlink/common/./mavlink_msg_set_attitude_target.h:255:415: warning: taking address of packed member of 'struct __mavlink_set_attitude_target_t' may result in an unaligned pointer value [-Waddress-of-packed-member]
  255 |     return mavlink_msg_set_attitude_target_pack_chan(system_id, component_id, chan, msg, set_attitude_target->time_boot_ms, set_attitude_target->target_system, set_attitude_target->target_component, set_attitude_target->type_mask, set_attitude_target->q, set_attitude_target->body_roll_rate, set_attitude_target->body_pitch_rate, set_attitude_target->body_yaw_rate, set_attitude_target->thrust, set_attitude_target->thrust_body);
      |                                                                                                                                                                                                                                                                                                                                                                                                            ~~~~~~~~~~~~~~~~~~~^~~~~~~~~~~~~
../Core/Inc/mavlink/common/./mavlink_msg_set_attitude_target.h: In function 'mavlink_msg_set_attitude_target_encode_status':
../Core/Inc/mavlink/common/./mavlink_msg_set_attitude_target.h:269:257: warning: taking address of packed member of 'struct __mavlink_set_attitude_target_t' may result in an unaligned pointer value [-Waddress-of-packed-member]
  269 |     return mavlink_msg_set_attitude_target_pack_status(system_id, component_id, _status, msg,  set_attitude_target->time_boot_ms, set_attitude_target->target_system, set_attitude_target->target_component, set_attitude_target->type_mask, set_attitude_target->q, set_attitude_target->body_roll_rate, set_attitude_target->body_pitch_rate, set_attitude_target->body_yaw_rate, set_attitude_target->thrust, set_attitude_target->thrust_body);
      |                                                                                                                                                                                                                                              ~~~~~~~~~~~~~~~~~~~^~~
../Core/Inc/mavlink/common/./mavlink_msg_set_attitude_target.h:269:421: warning: taking address of packed member of 'struct __mavlink_set_attitude_target_t' may result in an unaligned pointer value [-Waddress-of-packed-member]
  269 |     return mavlink_msg_set_attitude_target_pack_status(system_id, component_id, _status, msg,  set_attitude_target->time_boot_ms, set_attitude_target->target_system, set_attitude_target->target_component, set_attitude_target->type_mask, set_attitude_target->q, set_attitude_target->body_roll_rate, set_attitude_target->body_pitch_rate, set_attitude_target->body_yaw_rate, set_attitude_target->thrust, set_attitude_target->thrust_body);
      |                                                                                                                                                                                                                                                                                                                                                                                                                  ~~~~~~~~~~~~~~~~~~~^~~~~~~~~~~~~
In file included from ../Core/Inc/mavlink/common/common.h:2946:
../Core/Inc/mavlink/common/./mavlink_msg_distance_sensor.h: In function 'mavlink_msg_distance_sensor_encode':
../Core/Inc/mavlink/common/./mavlink_msg_distance_sensor.h:264:385: warning: taking address of packed member of 'struct __mavlink_distance_sensor_t' may result in an unaligned pointer value [-Waddress-of-packed-member]
  264 |     return mavlink_msg_distance_sensor_pack(system_id, component_id, msg, distance_sensor->time_boot_ms, distance_sensor->min_distance, distance_sensor->max_distance, distance_sensor->current_distance, distance_sensor->type, distance_sensor->id, distance_sensor->orientation, distance_sensor->covariance, distance_sensor->horizontal_fov, distance_sensor->vertical_fov, distance_sensor->quaternion, distance_sensor->signal_quality);
      |                                                                                                                                                                                                                                                                                                                                                                                  ~~~~~~~~~~~~~~~^~~~~~~~~~~~
../Core/Inc/mavlink/common/./mavlink_msg_distance_sensor.h: In function 'mavlink_msg_distance_sensor_encode_chan':
../Core/Inc/mavlink/common/./mavlink_msg_distance_sensor.h:278:396: warning: taking address of packed member of 'struct __mavlink_distance_sensor_t' may result in an unaligned pointer value [-Waddress-of-packed-member]
  278 |     return mavlink_msg_distance_sensor_pack_chan(system_id, component_id, chan, msg, distance_sensor->time_boot_ms, distance_sensor->min_distance, distance_sensor->max_distance, distance_sensor->current_distance, distance_sensor->type, distance_sensor->id, distance_sensor->orientation, distance_sensor->covariance, distance_sensor->horizontal_fov, distance_sensor->vertical_fov, distance_sensor->quaternion, distance_sensor->signal_quality);
      |                                                                                                                                                                                                                                                                                                                                                                                             ~~~~~~~~~~~~~~~^~~~~~~~~~~~
../Core/Inc/mavlink/common/./mavlink_msg_distance_sensor.h: In function 'mavlink_msg_distance_sensor_encode_status':
../Core/Inc/mavlink/common/./mavlink_msg_distance_sensor.h:292:402: warning: taking address of packed member of 'struct __mavlink_distance_sensor_t' may result in an unaligned pointer value [-Waddress-of-packed-member]
  292 |     return mavlink_msg_distance_sensor_pack_status(system_id, component_id, _status, msg,  distance_sensor->time_boot_ms, distance_sensor->min_distance, distance_sensor->max_distance, distance_sensor->current_distance, distance_sensor->type, distance_sensor->id, distance_sensor->orientation, distance_sensor->covariance, distance_sensor->horizontal_fov, distance_sensor->vertical_fov, distance_sensor->quaternion, distance_sensor->signal_quality);
      |                                                                                                                                                                                                                                                                                                                                                                                                   ~~~~~~~~~~~~~~~^~~~~~~~~~~~
In file included from ../Core/Inc/mavlink/common/common.h:2960:
../Core/Inc/mavlink/common/./mavlink_msg_battery_status.h: In function 'mavlink_msg_battery_status_encode':
../Core/Inc/mavlink/common/./mavlink_msg_battery_status.h:289:193: warning: taking address of packed member of 'struct __mavlink_battery_status_t' may result in an unaligned pointer value [-Waddress-of-packed-member]
  289 |     return mavlink_msg_battery_status_pack(system_id, component_id, msg, battery_status->id, battery_status->battery_function, battery_status->type, battery_status->temperature, battery_status->voltages, battery_status->current_battery, battery_status->current_consumed, battery_status->energy_consumed, battery_status->battery_remaining, battery_status->time_remaining, battery_status->charge_state, battery_status->voltages_ext, battery_status->mode, battery_status->fault_bitmask);
      |                                                                                                                                                                                   ~~~~~~~~~~~~~~^~~~~~~~~~
../Core/Inc/mavlink/common/./mavlink_msg_battery_status.h:289:416: warning: taking address of packed member of 'struct __mavlink_battery_status_t' may result in an unaligned pointer value [-Waddress-of-packed-member]
  289 |     return mavlink_msg_battery_status_pack(system_id, component_id, msg, battery_status->id, battery_status->battery_function, battery_status->type, battery_status->temperature, battery_status->voltages, battery_status->current_battery, battery_status->current_consumed, battery_status->energy_consumed, battery_status->battery_remaining, battery_status->time_remaining, battery_status->charge_state, battery_status->voltages_ext, battery_status->mode, battery_status->fault_bitmask);
      |                                                                                                                                                                                                                                                                                                                                                                                                                  ~~~~~~~~~~~~~~^~~~~~~~~~~~~~
../Core/Inc/mavlink/common/./mavlink_msg_battery_status.h: In function 'mavlink_msg_battery_status_encode_chan':
../Core/Inc/mavlink/common/./mavlink_msg_battery_status.h:303:204: warning: taking address of packed member of 'struct __mavlink_battery_status_t' may result in an unaligned pointer value [-Waddress-of-packed-member]
  303 |     return mavlink_msg_battery_status_pack_chan(system_id, component_id, chan, msg, battery_status->id, battery_status->battery_function, battery_status->type, battery_status->temperature, battery_status->voltages, battery_status->current_battery, battery_status->current_consumed, battery_status->energy_consumed, battery_status->battery_remaining, battery_status->time_remaining, battery_status->charge_state, battery_status->voltages_ext, battery_status->mode, battery_status->fault_bitmask);
      |                                                                                                                                                                                              ~~~~~~~~~~~~~~^~~~~~~~~~
../Core/Inc/mavlink/common/./mavlink_msg_battery_status.h:303:427: warning: taking address of packed member of 'struct __mavlink_battery_status_t' may result in an unaligned pointer value [-Waddress-of-packed-member]
  303 |     return mavlink_msg_battery_status_pack_chan(system_id, component_id, chan, msg, battery_status->id, battery_status->battery_function, battery_status->type, battery_status->temperature, battery_status->voltages, battery_status->current_battery, battery_status->current_consumed, battery_status->energy_consumed, battery_status->battery_remaining, battery_status->time_remaining, battery_status->charge_state, battery_status->voltages_ext, battery_status->mode, battery_status->fault_bitmask);
      |                                                                                                                                                                                                                                                                                                                                                                                                                             ~~~~~~~~~~~~~~^~~~~~~~~~~~~~
../Core/Inc/mavlink/common/./mavlink_msg_battery_status.h: In function 'mavlink_msg_battery_status_encode_status':
../Core/Inc/mavlink/common/./mavlink_msg_battery_status.h:317:210: warning: taking address of packed member of 'struct __mavlink_battery_status_t' may result in an unaligned pointer value [-Waddress-of-packed-member]
  317 |     return mavlink_msg_battery_status_pack_status(system_id, component_id, _status, msg,  battery_status->id, battery_status->battery_function, battery_status->type, battery_status->temperature, battery_status->voltages, battery_status->current_battery, battery_status->current_consumed, battery_status->energy_consumed, battery_status->battery_remaining, battery_status->time_remaining, battery_status->charge_state, battery_status->voltages_ext, battery_status->mode, battery_status->fault_bitmask);
      |                                                                                                                                                                                                    ~~~~~~~~~~~~~~^~~~~~~~~~
../Core/Inc/mavlink/common/./mavlink_msg_battery_status.h:317:433: warning: taking address of packed member of 'struct __mavlink_battery_status_t' may result in an unaligned pointer value [-Waddress-of-packed-member]
  317 |     return mavlink_msg_battery_status_pack_status(system_id, component_id, _status, msg,  battery_status->id, battery_status->battery_function, battery_status->type, battery_status->temperature, battery_status->voltages, battery_status->current_battery, battery_status->current_consumed, battery_status->energy_consumed, battery_status->battery_remaining, battery_status->time_remaining, battery_status->charge_state, battery_status->voltages_ext, battery_status->mode, battery_status->fault_bitmask);
      |                                                                                                                                                                                                                                                                                                                                                                                                                                   ~~~~~~~~~~~~~~^~~~~~~~~~~~~~
In file included from ../Core/Inc/mavlink/common/common.h:2961:
../Core/Inc/mavlink/common/./mavlink_msg_landing_target.h: In function 'mavlink_msg_landing_target_encode':
../Core/Inc/mavlink/common/./mavlink_msg_landing_target.h:288:347: warning: taking address of packed member of 'struct __mavlink_landing_target_t' may result in an unaligned pointer value [-Waddress-of-packed-member]
  288 |     return mavlink_msg_landing_target_pack(system_id, component_id, msg, landing_target->time_usec, landing_target->target_num, landing_target->frame, landing_target->angle_x, landing_target->angle_y, landing_target->distance, landing_target->size_x, landing_target->size_y, landing_target->x, landing_target->y, landing_target->z, landing_target->q, landing_target->type, landing_target->position_valid);
      |                                                                                                                                                                                                                                                                                                                                             ~~~~~~~~~~~~~~^~~
../Core/Inc/mavlink/common/./mavlink_msg_landing_target.h: In function 'mavlink_msg_landing_target_encode_chan':
../Core/Inc/mavlink/common/./mavlink_msg_landing_target.h:302:358: warning: taking address of packed member of 'struct __mavlink_landing_target_t' may result in an unaligned pointer value [-Waddress-of-packed-member]
  302 |     return mavlink_msg_landing_target_pack_chan(system_id, component_id, chan, msg, landing_target->time_usec, landing_target->target_num, landing_target->frame, landing_target->angle_x, landing_target->angle_y, landing_target->distance, landing_target->size_x, landing_target->size_y, landing_target->x, landing_target->y, landing_target->z, landing_target->q, landing_target->type, landing_target->position_valid);
      |                                                                                                                                                                                                                                                                                                                                                        ~~~~~~~~~~~~~~^~~
../Core/Inc/mavlink/common/./mavlink_msg_landing_target.h: In function 'mavlink_msg_landing_target_encode_status':
../Core/Inc/mavlink/common/./mavlink_msg_landing_target.h:316:364: warning: taking address of packed member of 'struct __mavlink_landing_target_t' may result in an unaligned pointer value [-Waddress-of-packed-member]
  316 |     return mavlink_msg_landing_target_pack_status(system_id, component_id, _status, msg,  landing_target->time_usec, landing_target->target_num, landing_target->frame, landing_target->angle_x, landing_target->angle_y, landing_target->distance, landing_target->size_x, landing_target->size_y, landing_target->x, landing_target->y, landing_target->z, landing_target->q, landing_target->type, landing_target->position_valid);
      |                                                                                                                                                                                                                                                                                                                                                              ~~~~~~~~~~~~~~^~~
In file included from ../Core/Inc/mavlink/common/common.h:2972:
../Core/Inc/mavlink/common/./mavlink_msg_home_position.h: In function 'mavlink_msg_home_position_encode':
../Core/Inc/mavlink/common/./mavlink_msg_home_position.h:268:216: warning: taking address of packed member of 'struct __mavlink_home_position_t' may result in an unaligned pointer value [-Waddress-of-packed-member]
  268 |     return mavlink_msg_home_position_pack(system_id, component_id, msg, home_position->latitude, home_position->longitude, home_position->altitude, home_position->x, home_position->y, home_position->z, home_position->q, home_position->approach_x, home_position->approach_y, home_position->approach_z, home_position->time_usec);
      |                                                                                                                                                                                                           ~~~~~~~~~~~~~^~~
../Core/Inc/mavlink/common/./mavlink_msg_home_position.h: In function 'mavlink_msg_home_position_encode_chan':
../Core/Inc/mavlink/common/./mavlink_msg_home_position.h:282:227: warning: taking address of packed member of 'struct __mavlink_home_position_t' may result in an unaligned pointer value [-Waddress-of-packed-member]
  282 |     return mavlink_msg_home_position_pack_chan(system_id, component_id, chan, msg, home_position->latitude, home_position->longitude, home_position->altitude, home_position->x, home_position->y, home_position->z, home_position->q, home_position->approach_x, home_position->approach_y, home_position->approach_z, home_position->time_usec);
      |                                                                                                                                                                                                                      ~~~~~~~~~~~~~^~~
../Core/Inc/mavlink/common/./mavlink_msg_home_position.h: In function 'mavlink_msg_home_position_encode_status':
../Core/Inc/mavlink/common/./mavlink_msg_home_position.h:296:233: warning: taking address of packed member of 'struct __mavlink_home_position_t' may result in an unaligned pointer value [-Waddress-of-packed-member]
  296 |     return mavlink_msg_home_position_pack_status(system_id, component_id, _status, msg,  home_position->latitude, home_position->longitude, home_position->altitude, home_position->x, home_position->y, home_position->z, home_position->q, home_position->approach_x, home_position->approach_y, home_position->approach_z, home_position->time_usec);
      |                                                                                                                                                                                                                            ~~~~~~~~~~~~~^~~
In file included from ../Core/Inc/mavlink/common/common.h:2973:
../Core/Inc/mavlink/common/./mavlink_msg_set_home_position.h: In function 'mavlink_msg_set_home_position_encode':
../Core/Inc/mavlink/common/./mavlink_msg_set_home_position.h:264:282: warning: taking address of packed member of 'struct __mavlink_set_home_position_t' may result in an unaligned pointer value [-Waddress-of-packed-member]
  264 |     return mavlink_msg_set_home_position_pack(system_id, component_id, msg, set_home_position->target_system, set_home_position->latitude, set_home_position->longitude, set_home_position->altitude, set_home_position->x, set_home_position->y, set_home_position->z, set_home_position->q, set_home_position->approach_x, set_home_position->approach_y, set_home_position->approach_z, set_home_position->time_usec);
      |                                                                                                                                                                                                                                                                         ~~~~~~~~~~~~~~~~~^~~
../Core/Inc/mavlink/common/./mavlink_msg_set_home_position.h: In function 'mavlink_msg_set_home_position_encode_chan':
../Core/Inc/mavlink/common/./mavlink_msg_set_home_position.h:278:293: warning: taking address of packed member of 'struct __mavlink_set_home_position_t' may result in an unaligned pointer value [-Waddress-of-packed-member]
  278 |     return mavlink_msg_set_home_position_pack_chan(system_id, component_id, chan, msg, set_home_position->target_system, set_home_position->latitude, set_home_position->longitude, set_home_position->altitude, set_home_position->x, set_home_position->y, set_home_position->z, set_home_position->q, set_home_position->approach_x, set_home_position->approach_y, set_home_position->approach_z, set_home_position->time_usec);
      |                                                                                                                                                                                                                                                                                    ~~~~~~~~~~~~~~~~~^~~
../Core/Inc/mavlink/common/./mavlink_msg_set_home_position.h: In function 'mavlink_msg_set_home_position_encode_status':
../Core/Inc/mavlink/common/./mavlink_msg_set_home_position.h:292:299: warning: taking address of packed member of 'struct __mavlink_set_home_position_t' may result in an unaligned pointer value [-Waddress-of-packed-member]
  292 |     return mavlink_msg_set_home_position_pack_status(system_id, component_id, _status, msg,  set_home_position->target_system, set_home_position->latitude, set_home_position->longitude, set_home_position->altitude, set_home_position->x, set_home_position->y, set_home_position->z, set_home_position->q, set_home_position->approach_x, set_home_position->approach_y, set_home_position->approach_z, set_home_position->time_usec);
      |                                                                                                                                                                                                                                                                                          ~~~~~~~~~~~~~~~~~^~~
In file included from ../Core/Inc/mavlink/common/common.h:3010:
../Core/Inc/mavlink/common/./mavlink_msg_autopilot_state_for_gimbal_device.h: In function 'mavlink_msg_autopilot_state_for_gimbal_device_encode':
../Core/Inc/mavlink/common/./mavlink_msg_autopilot_state_for_gimbal_device.h:276:278: warning: taking address of packed member of 'struct __mavlink_autopilot_state_for_gimbal_device_t' may result in an unaligned pointer value [-Waddress-of-packed-member]
  276 |     return mavlink_msg_autopilot_state_for_gimbal_device_pack(system_id, component_id, msg, autopilot_state_for_gimbal_device->target_system, autopilot_state_for_gimbal_device->target_component, autopilot_state_for_gimbal_device->time_boot_us, autopilot_state_for_gimbal_device->q, autopilot_state_for_gimbal_device->q_estimated_delay_us, autopilot_state_for_gimbal_device->vx, autopilot_state_for_gimbal_device->vy, autopilot_state_for_gimbal_device->vz, autopilot_state_for_gimbal_device->v_estimated_delay_us, autopilot_state_for_gimbal_device->feed_forward_angular_velocity_z, autopilot_state_for_gimbal_device->estimator_status, autopilot_state_for_gimbal_device->landed_state, autopilot_state_for_gimbal_device->angular_velocity_z);
      |                                                                                                                                                                                                                                                     ~~~~~~~~~~~~~~~~~~~~~~~~~~~~~~~~~^~~
../Core/Inc/mavlink/common/./mavlink_msg_autopilot_state_for_gimbal_device.h: In function 'mavlink_msg_autopilot_state_for_gimbal_device_encode_chan':
../Core/Inc/mavlink/common/./mavlink_msg_autopilot_state_for_gimbal_device.h:290:289: warning: taking address of packed member of 'struct __mavlink_autopilot_state_for_gimbal_device_t' may result in an unaligned pointer value [-Waddress-of-packed-member]
  290 |     return mavlink_msg_autopilot_state_for_gimbal_device_pack_chan(system_id, component_id, chan, msg, autopilot_state_for_gimbal_device->target_system, autopilot_state_for_gimbal_device->target_component, autopilot_state_for_gimbal_device->time_boot_us, autopilot_state_for_gimbal_device->q, autopilot_state_for_gimbal_device->q_estimated_delay_us, autopilot_state_for_gimbal_device->vx, autopilot_state_for_gimbal_device->vy, autopilot_state_for_gimbal_device->vz, autopilot_state_for_gimbal_device->v_estimated_delay_us, autopilot_state_for_gimbal_device->feed_forward_angular_velocity_z, autopilot_state_for_gimbal_device->estimator_status, autopilot_state_for_gimbal_device->landed_state, autopilot_state_for_gimbal_device->angular_velocity_z);
      |                                                                                                                                                                                                                                                                ~~~~~~~~~~~~~~~~~~~~~~~~~~~~~~~~~^~~
../Core/Inc/mavlink/common/./mavlink_msg_autopilot_state_for_gimbal_device.h: In function 'mavlink_msg_autopilot_state_for_gimbal_device_encode_status':
../Core/Inc/mavlink/common/./mavlink_msg_autopilot_state_for_gimbal_device.h:304:295: warning: taking address of packed member of 'struct __mavlink_autopilot_state_for_gimbal_device_t' may result in an unaligned pointer value [-Waddress-of-packed-member]
  304 |     return mavlink_msg_autopilot_state_for_gimbal_device_pack_status(system_id, component_id, _status, msg,  autopilot_state_for_gimbal_device->target_system, autopilot_state_for_gimbal_device->target_component, autopilot_state_for_gimbal_device->time_boot_us, autopilot_state_for_gimbal_device->q, autopilot_state_for_gimbal_device->q_estimated_delay_us, autopilot_state_for_gimbal_device->vx, autopilot_state_for_gimbal_device->vy, autopilot_state_for_gimbal_device->vz, autopilot_state_for_gimbal_device->v_estimated_delay_us, autopilot_state_for_gimbal_device->feed_forward_angular_velocity_z, autopilot_state_for_gimbal_device->estimator_status, autopilot_state_for_gimbal_device->landed_state, autopilot_state_for_gimbal_device->angular_velocity_z);
      |                                                                                                                                                                                                                                                                      ~~~~~~~~~~~~~~~~~~~~~~~~~~~~~~~~~^~~
In file included from ../Core/Inc/mavlink/common/common.h:3024:
../Core/Inc/mavlink/common/./mavlink_msg_obstacle_distance.h: In function 'mavlink_msg_obstacle_distance_encode':
../Core/Inc/mavlink/common/./mavlink_msg_obstacle_distance.h:228:156: warning: taking address of packed member of 'struct __mavlink_obstacle_distance_t' may result in an unaligned pointer value [-Waddress-of-packed-member]
  228 |     return mavlink_msg_obstacle_distance_pack(system_id, component_id, msg, obstacle_distance->time_usec, obstacle_distance->sensor_type, obstacle_distance->distances, obstacle_distance->increment, obstacle_distance->min_distance, obstacle_distance->max_distance, obstacle_distance->increment_f, obstacle_distance->angle_offset, obstacle_distance->frame);
      |                                                                                                                                           ~~~~~~~~~~~~~~~~~^~~~~~~~~~~
../Core/Inc/mavlink/common/./mavlink_msg_obstacle_distance.h: In function 'mavlink_msg_obstacle_distance_encode_chan':
../Core/Inc/mavlink/common/./mavlink_msg_obstacle_distance.h:242:167: warning: taking address of packed member of 'struct __mavlink_obstacle_distance_t' may result in an unaligned pointer value [-Waddress-of-packed-member]
  242 |     return mavlink_msg_obstacle_distance_pack_chan(system_id, component_id, chan, msg, obstacle_distance->time_usec, obstacle_distance->sensor_type, obstacle_distance->distances, obstacle_distance->increment, obstacle_distance->min_distance, obstacle_distance->max_distance, obstacle_distance->increment_f, obstacle_distance->angle_offset, obstacle_distance->frame);
      |                                                                                                                                                      ~~~~~~~~~~~~~~~~~^~~~~~~~~~~
../Core/Inc/mavlink/common/./mavlink_msg_obstacle_distance.h: In function 'mavlink_msg_obstacle_distance_encode_status':
../Core/Inc/mavlink/common/./mavlink_msg_obstacle_distance.h:256:173: warning: taking address of packed member of 'struct __mavlink_obstacle_distance_t' may result in an unaligned pointer value [-Waddress-of-packed-member]
  256 |     return mavlink_msg_obstacle_distance_pack_status(system_id, component_id, _status, msg,  obstacle_distance->time_usec, obstacle_distance->sensor_type, obstacle_distance->distances, obstacle_distance->increment, obstacle_distance->min_distance, obstacle_distance->max_distance, obstacle_distance->increment_f, obstacle_distance->angle_offset, obstacle_distance->frame);
      |                                                                                                                                                            ~~~~~~~~~~~~~~~~~^~~~~~~~~~~
../Core/Src/main.c: In function 'quad_mode':
../Core/Src/main.c:1492:17: warning: 'memcpy' writing 20 bytes into a region of size 16 overflows the destination [-Wstringop-overflow=]
 1492 |                 memcpy(display_channels, (void*) ppm_ready_channels,
      |                 ^~~~~~~~~~~~~~~~~~~~~~~~~~~~~~~~~~~~~~~~~~~~~~~~~~~~
 1493 |                                 sizeof(ppm_ready_channels));
      |                                 ~~~~~~~~~~~~~~~~~~~~~~~~~~~
../Core/Src/main.c:184:10: note: destination object 'display_channels' of size 16
  184 | uint16_t display_channels[8];
      |          ^~~~~~~~~~~~~~~~
arm-none-eabi-gcc -o "Marut_GroundFILL.elf" @"objects.list"   -mcpu=cortex-m4 -T"C:\Embedded stuff\Marut_workspace_stm32\Marut_GroundFILL\STM32F411CEUX_FLASH.ld" --specs=nosys.specs -Wl,-Map="Marut_GroundFILL.map" -Wl,--gc-sections -static --specs=nano.specs -mfpu=fpv4-sp-d16 -mfloat-abi=hard -mthumb -u _printf_float -u _scanf_float -Wl,--start-group -lc -lm -Wl,--end-group
Finished building target: Marut_GroundFILL.elf
 
arm-none-eabi-size  Marut_GroundFILL.elf 
arm-none-eabi-objdump -h -S Marut_GroundFILL.elf  > "Marut_GroundFILL.list"
   text	   data	    bss	    dec	    hex	filename
  79224	    640	 101792	 181656	  2c598	Marut_GroundFILL.elf
Finished building: default.size.stdout
 
Finished building: Marut_GroundFILL.list
 
22:33:33 **** Incremental Build of configuration Debug for project Marut_GroundFILL ****
make -j16 all 
arm-none-eabi-gcc "../Core/Src/main.c" -mcpu=cortex-m4 -std=gnu11 -g3 -DDEBUG -DUSE_HAL_DRIVER -DSTM32F411xE -c -I../Core/Inc -I../Drivers/STM32F4xx_HAL_Driver/Inc -I../Drivers/STM32F4xx_HAL_Driver/Inc/Legacy -I../Middlewares/Third_Party/FreeRTOS/Source/include -I../Middlewares/Third_Party/FreeRTOS/Source/CMSIS_RTOS_V2 -I../Middlewares/Third_Party/FreeRTOS/Source/portable/GCC/ARM_CM4F -I../Drivers/CMSIS/Device/ST/STM32F4xx/Include -I../Drivers/CMSIS/Include -O0 -ffunction-sections -fdata-sections -Wall -fstack-usage -fcyclomatic-complexity -MMD -MP -MF"Core/Src/main.d" -MT"Core/Src/main.o" --specs=nano.specs -mfpu=fpv4-sp-d16 -mfloat-abi=hard -mthumb -o "Core/Src/main.o"
In file included from ../Core/Inc/mavlink/common/common.h:2903,
                 from ../Core/Inc/mavlink/common/mavlink.h:32,
                 from ../Core/Src/main.c:32:
../Core/Inc/mavlink/common/./mavlink_msg_set_attitude_target.h: In function 'mavlink_msg_set_attitude_target_encode':
../Core/Inc/mavlink/common/./mavlink_msg_set_attitude_target.h:241:240: warning: taking address of packed member of 'struct __mavlink_set_attitude_target_t' may result in an unaligned pointer value [-Waddress-of-packed-member]
  241 |     return mavlink_msg_set_attitude_target_pack(system_id, component_id, msg, set_attitude_target->time_boot_ms, set_attitude_target->target_system, set_attitude_target->target_component, set_attitude_target->type_mask, set_attitude_target->q, set_attitude_target->body_roll_rate, set_attitude_target->body_pitch_rate, set_attitude_target->body_yaw_rate, set_attitude_target->thrust, set_attitude_target->thrust_body);
      |                                                                                                                                                                                                                             ~~~~~~~~~~~~~~~~~~~^~~
../Core/Inc/mavlink/common/./mavlink_msg_set_attitude_target.h:241:404: warning: taking address of packed member of 'struct __mavlink_set_attitude_target_t' may result in an unaligned pointer value [-Waddress-of-packed-member]
  241 |     return mavlink_msg_set_attitude_target_pack(system_id, component_id, msg, set_attitude_target->time_boot_ms, set_attitude_target->target_system, set_attitude_target->target_component, set_attitude_target->type_mask, set_attitude_target->q, set_attitude_target->body_roll_rate, set_attitude_target->body_pitch_rate, set_attitude_target->body_yaw_rate, set_attitude_target->thrust, set_attitude_target->thrust_body);
      |                                                                                                                                                                                                                                                                                                                                                                                                 ~~~~~~~~~~~~~~~~~~~^~~~~~~~~~~~~
../Core/Inc/mavlink/common/./mavlink_msg_set_attitude_target.h: In function 'mavlink_msg_set_attitude_target_encode_chan':
../Core/Inc/mavlink/common/./mavlink_msg_set_attitude_target.h:255:251: warning: taking address of packed member of 'struct __mavlink_set_attitude_target_t' may result in an unaligned pointer value [-Waddress-of-packed-member]
  255 |     return mavlink_msg_set_attitude_target_pack_chan(system_id, component_id, chan, msg, set_attitude_target->time_boot_ms, set_attitude_target->target_system, set_attitude_target->target_component, set_attitude_target->type_mask, set_attitude_target->q, set_attitude_target->body_roll_rate, set_attitude_target->body_pitch_rate, set_attitude_target->body_yaw_rate, set_attitude_target->thrust, set_attitude_target->thrust_body);
      |                                                                                                                                                                                                                                        ~~~~~~~~~~~~~~~~~~~^~~
../Core/Inc/mavlink/common/./mavlink_msg_set_attitude_target.h:255:415: warning: taking address of packed member of 'struct __mavlink_set_attitude_target_t' may result in an unaligned pointer value [-Waddress-of-packed-member]
  255 |     return mavlink_msg_set_attitude_target_pack_chan(system_id, component_id, chan, msg, set_attitude_target->time_boot_ms, set_attitude_target->target_system, set_attitude_target->target_component, set_attitude_target->type_mask, set_attitude_target->q, set_attitude_target->body_roll_rate, set_attitude_target->body_pitch_rate, set_attitude_target->body_yaw_rate, set_attitude_target->thrust, set_attitude_target->thrust_body);
      |                                                                                                                                                                                                                                                                                                                                                                                                            ~~~~~~~~~~~~~~~~~~~^~~~~~~~~~~~~
../Core/Inc/mavlink/common/./mavlink_msg_set_attitude_target.h: In function 'mavlink_msg_set_attitude_target_encode_status':
../Core/Inc/mavlink/common/./mavlink_msg_set_attitude_target.h:269:257: warning: taking address of packed member of 'struct __mavlink_set_attitude_target_t' may result in an unaligned pointer value [-Waddress-of-packed-member]
  269 |     return mavlink_msg_set_attitude_target_pack_status(system_id, component_id, _status, msg,  set_attitude_target->time_boot_ms, set_attitude_target->target_system, set_attitude_target->target_component, set_attitude_target->type_mask, set_attitude_target->q, set_attitude_target->body_roll_rate, set_attitude_target->body_pitch_rate, set_attitude_target->body_yaw_rate, set_attitude_target->thrust, set_attitude_target->thrust_body);
      |                                                                                                                                                                                                                                              ~~~~~~~~~~~~~~~~~~~^~~
../Core/Inc/mavlink/common/./mavlink_msg_set_attitude_target.h:269:421: warning: taking address of packed member of 'struct __mavlink_set_attitude_target_t' may result in an unaligned pointer value [-Waddress-of-packed-member]
[...]
  317 |     return mavlink_msg_battery_status_pack_status(system_id, component_id, _status, msg,  battery_status->id, battery_status->battery_function, battery_status->type, battery_status->temperature, battery_status->voltages, battery_status->current_battery, battery_status->current_consumed, battery_status->energy_consumed, battery_status->battery_remaining, battery_status->time_remaining, battery_status->charge_state, battery_status->voltages_ext, battery_status->mode, battery_status->fault_bitmask);
      |                                                                                                                                                                                                    ~~~~~~~~~~~~~~^~~~~~~~~~
../Core/Inc/mavlink/common/./mavlink_msg_battery_status.h:317:433: warning: taking address of packed member of 'struct __mavlink_battery_status_t' may result in an unaligned pointer value [-Waddress-of-packed-member]
  317 |     return mavlink_msg_battery_status_pack_status(system_id, component_id, _status, msg,  battery_status->id, battery_status->battery_function, battery_status->type, battery_status->temperature, battery_status->voltages, battery_status->current_battery, battery_status->current_consumed, battery_status->energy_consumed, battery_status->battery_remaining, battery_status->time_remaining, battery_status->charge_state, battery_status->voltages_ext, battery_status->mode, battery_status->fault_bitmask);
      |                                                                                                                                                                                                                                                                                                                                                                                                                                   ~~~~~~~~~~~~~~^~~~~~~~~~~~~~
In file included from ../Core/Inc/mavlink/common/common.h:2961:
../Core/Inc/mavlink/common/./mavlink_msg_landing_target.h: In function 'mavlink_msg_landing_target_encode':
../Core/Inc/mavlink/common/./mavlink_msg_landing_target.h:288:347: warning: taking address of packed member of 'struct __mavlink_landing_target_t' may result in an unaligned pointer value [-Waddress-of-packed-member]
  288 |     return mavlink_msg_landing_target_pack(system_id, component_id, msg, landing_target->time_usec, landing_target->target_num, landing_target->frame, landing_target->angle_x, landing_target->angle_y, landing_target->distance, landing_target->size_x, landing_target->size_y, landing_target->x, landing_target->y, landing_target->z, landing_target->q, landing_target->type, landing_target->position_valid);
      |                                                                                                                                                                                                                                                                                                                                             ~~~~~~~~~~~~~~^~~
../Core/Inc/mavlink/common/./mavlink_msg_landing_target.h: In function 'mavlink_msg_landing_target_encode_chan':
../Core/Inc/mavlink/common/./mavlink_msg_landing_target.h:302:358: warning: taking address of packed member of 'struct __mavlink_landing_target_t' may result in an unaligned pointer value [-Waddress-of-packed-member]
  302 |     return mavlink_msg_landing_target_pack_chan(system_id, component_id, chan, msg, landing_target->time_usec, landing_target->target_num, landing_target->frame, landing_target->angle_x, landing_target->angle_y, landing_target->distance, landing_target->size_x, landing_target->size_y, landing_target->x, landing_target->y, landing_target->z, landing_target->q, landing_target->type, landing_target->position_valid);
      |                                                                                                                                                                                                                                                                                                                                                        ~~~~~~~~~~~~~~^~~
../Core/Inc/mavlink/common/./mavlink_msg_landing_target.h: In function 'mavlink_msg_landing_target_encode_status':
../Core/Inc/mavlink/common/./mavlink_msg_landing_target.h:316:364: warning: taking address of packed member of 'struct __mavlink_landing_target_t' may result in an unaligned pointer value [-Waddress-of-packed-member]
  316 |     return mavlink_msg_landing_target_pack_status(system_id, component_id, _status, msg,  landing_target->time_usec, landing_target->target_num, landing_target->frame, landing_target->angle_x, landing_target->angle_y, landing_target->distance, landing_target->size_x, landing_target->size_y, landing_target->x, landing_target->y, landing_target->z, landing_target->q, landing_target->type, landing_target->position_valid);
      |                                                                                                                                                                                                                                                                                                                                                              ~~~~~~~~~~~~~~^~~
In file included from ../Core/Inc/mavlink/common/common.h:2972:
../Core/Inc/mavlink/common/./mavlink_msg_home_position.h: In function 'mavlink_msg_home_position_encode':
../Core/Inc/mavlink/common/./mavlink_msg_home_position.h:268:216: warning: taking address of packed member of 'struct __mavlink_home_position_t' may result in an unaligned pointer value [-Waddress-of-packed-member]
  268 |     return mavlink_msg_home_position_pack(system_id, component_id, msg, home_position->latitude, home_position->longitude, home_position->altitude, home_position->x, home_position->y, home_position->z, home_position->q, home_position->approach_x, home_position->approach_y, home_position->approach_z, home_position->time_usec);
      |                                                                                                                                                                                                           ~~~~~~~~~~~~~^~~
../Core/Inc/mavlink/common/./mavlink_msg_home_position.h: In function 'mavlink_msg_home_position_encode_chan':
../Core/Inc/mavlink/common/./mavlink_msg_home_position.h:282:227: warning: taking address of packed member of 'struct __mavlink_home_position_t' may result in an unaligned pointer value [-Waddress-of-packed-member]
  282 |     return mavlink_msg_home_position_pack_chan(system_id, component_id, chan, msg, home_position->latitude, home_position->longitude, home_position->altitude, home_position->x, home_position->y, home_position->z, home_position->q, home_position->approach_x, home_position->approach_y, home_position->approach_z, home_position->time_usec);
      |                                                                                                                                                                                                                      ~~~~~~~~~~~~~^~~
../Core/Inc/mavlink/common/./mavlink_msg_home_position.h: In function 'mavlink_msg_home_position_encode_status':
../Core/Inc/mavlink/common/./mavlink_msg_home_position.h:296:233: warning: taking address of packed member of 'struct __mavlink_home_position_t' may result in an unaligned pointer value [-Waddress-of-packed-member]
  296 |     return mavlink_msg_home_position_pack_status(system_id, component_id, _status, msg,  home_position->latitude, home_position->longitude, home_position->altitude, home_position->x, home_position->y, home_position->z, home_position->q, home_position->approach_x, home_position->approach_y, home_position->approach_z, home_position->time_usec);
      |                                                                                                                                                                                                                            ~~~~~~~~~~~~~^~~
In file included from ../Core/Inc/mavlink/common/common.h:2973:
../Core/Inc/mavlink/common/./mavlink_msg_set_home_position.h: In function 'mavlink_msg_set_home_position_encode':
../Core/Inc/mavlink/common/./mavlink_msg_set_home_position.h:264:282: warning: taking address of packed member of 'struct __mavlink_set_home_position_t' may result in an unaligned pointer value [-Waddress-of-packed-member]
  264 |     return mavlink_msg_set_home_position_pack(system_id, component_id, msg, set_home_position->target_system, set_home_position->latitude, set_home_position->longitude, set_home_position->altitude, set_home_position->x, set_home_position->y, set_home_position->z, set_home_position->q, set_home_position->approach_x, set_home_position->approach_y, set_home_position->approach_z, set_home_position->time_usec);
      |                                                                                                                                                                                                                                                                         ~~~~~~~~~~~~~~~~~^~~
../Core/Inc/mavlink/common/./mavlink_msg_set_home_position.h: In function 'mavlink_msg_set_home_position_encode_chan':
../Core/Inc/mavlink/common/./mavlink_msg_set_home_position.h:278:293: warning: taking address of packed member of 'struct __mavlink_set_home_position_t' may result in an unaligned pointer value [-Waddress-of-packed-member]
  278 |     return mavlink_msg_set_home_position_pack_chan(system_id, component_id, chan, msg, set_home_position->target_system, set_home_position->latitude, set_home_position->longitude, set_home_position->altitude, set_home_position->x, set_home_position->y, set_home_position->z, set_home_position->q, set_home_position->approach_x, set_home_position->approach_y, set_home_position->approach_z, set_home_position->time_usec);
      |                                                                                                                                                                                                                                                                                    ~~~~~~~~~~~~~~~~~^~~
../Core/Inc/mavlink/common/./mavlink_msg_set_home_position.h: In function 'mavlink_msg_set_home_position_encode_status':
../Core/Inc/mavlink/common/./mavlink_msg_set_home_position.h:292:299: warning: taking address of packed member of 'struct __mavlink_set_home_position_t' may result in an unaligned pointer value [-Waddress-of-packed-member]
  292 |     return mavlink_msg_set_home_position_pack_status(system_id, component_id, _status, msg,  set_home_position->target_system, set_home_position->latitude, set_home_position->longitude, set_home_position->altitude, set_home_position->x, set_home_position->y, set_home_position->z, set_home_position->q, set_home_position->approach_x, set_home_position->approach_y, set_home_position->approach_z, set_home_position->time_usec);
      |                                                                                                                                                                                                                                                                                          ~~~~~~~~~~~~~~~~~^~~
In file included from ../Core/Inc/mavlink/common/common.h:3010:
../Core/Inc/mavlink/common/./mavlink_msg_autopilot_state_for_gimbal_device.h: In function 'mavlink_msg_autopilot_state_for_gimbal_device_encode':
../Core/Inc/mavlink/common/./mavlink_msg_autopilot_state_for_gimbal_device.h:276:278: warning: taking address of packed member of 'struct __mavlink_autopilot_state_for_gimbal_device_t' may result in an unaligned pointer value [-Waddress-of-packed-member]
  276 |     return mavlink_msg_autopilot_state_for_gimbal_device_pack(system_id, component_id, msg, autopilot_state_for_gimbal_device->target_system, autopilot_state_for_gimbal_device->target_component, autopilot_state_for_gimbal_device->time_boot_us, autopilot_state_for_gimbal_device->q, autopilot_state_for_gimbal_device->q_estimated_delay_us, autopilot_state_for_gimbal_device->vx, autopilot_state_for_gimbal_device->vy, autopilot_state_for_gimbal_device->vz, autopilot_state_for_gimbal_device->v_estimated_delay_us, autopilot_state_for_gimbal_device->feed_forward_angular_velocity_z, autopilot_state_for_gimbal_device->estimator_status, autopilot_state_for_gimbal_device->landed_state, autopilot_state_for_gimbal_device->angular_velocity_z);
      |                                                                                                                                                                                                                                                     ~~~~~~~~~~~~~~~~~~~~~~~~~~~~~~~~~^~~
../Core/Inc/mavlink/common/./mavlink_msg_autopilot_state_for_gimbal_device.h: In function 'mavlink_msg_autopilot_state_for_gimbal_device_encode_chan':
../Core/Inc/mavlink/common/./mavlink_msg_autopilot_state_for_gimbal_device.h:290:289: warning: taking address of packed member of 'struct __mavlink_autopilot_state_for_gimbal_device_t' may result in an unaligned pointer value [-Waddress-of-packed-member]
  290 |     return mavlink_msg_autopilot_state_for_gimbal_device_pack_chan(system_id, component_id, chan, msg, autopilot_state_for_gimbal_device->target_system, autopilot_state_for_gimbal_device->target_component, autopilot_state_for_gimbal_device->time_boot_us, autopilot_state_for_gimbal_device->q, autopilot_state_for_gimbal_device->q_estimated_delay_us, autopilot_state_for_gimbal_device->vx, autopilot_state_for_gimbal_device->vy, autopilot_state_for_gimbal_device->vz, autopilot_state_for_gimbal_device->v_estimated_delay_us, autopilot_state_for_gimbal_device->feed_forward_angular_velocity_z, autopilot_state_for_gimbal_device->estimator_status, autopilot_state_for_gimbal_device->landed_state, autopilot_state_for_gimbal_device->angular_velocity_z);
      |                                                                                                                                                                                                                                                                ~~~~~~~~~~~~~~~~~~~~~~~~~~~~~~~~~^~~
../Core/Inc/mavlink/common/./mavlink_msg_autopilot_state_for_gimbal_device.h: In function 'mavlink_msg_autopilot_state_for_gimbal_device_encode_status':
../Core/Inc/mavlink/common/./mavlink_msg_autopilot_state_for_gimbal_device.h:304:295: warning: taking address of packed member of 'struct __mavlink_autopilot_state_for_gimbal_device_t' may result in an unaligned pointer value [-Waddress-of-packed-member]
  304 |     return mavlink_msg_autopilot_state_for_gimbal_device_pack_status(system_id, component_id, _status, msg,  autopilot_state_for_gimbal_device->target_system, autopilot_state_for_gimbal_device->target_component, autopilot_state_for_gimbal_device->time_boot_us, autopilot_state_for_gimbal_device->q, autopilot_state_for_gimbal_device->q_estimated_delay_us, autopilot_state_for_gimbal_device->vx, autopilot_state_for_gimbal_device->vy, autopilot_state_for_gimbal_device->vz, autopilot_state_for_gimbal_device->v_estimated_delay_us, autopilot_state_for_gimbal_device->feed_forward_angular_velocity_z, autopilot_state_for_gimbal_device->estimator_status, autopilot_state_for_gimbal_device->landed_state, autopilot_state_for_gimbal_device->angular_velocity_z);
      |                                                                                                                                                                                                                                                                      ~~~~~~~~~~~~~~~~~~~~~~~~~~~~~~~~~^~~
In file included from ../Core/Inc/mavlink/common/common.h:3024:
../Core/Inc/mavlink/common/./mavlink_msg_obstacle_distance.h: In function 'mavlink_msg_obstacle_distance_encode':
../Core/Inc/mavlink/common/./mavlink_msg_obstacle_distance.h:228:156: warning: taking address of packed member of 'struct __mavlink_obstacle_distance_t' may result in an unaligned pointer value [-Waddress-of-packed-member]
  228 |     return mavlink_msg_obstacle_distance_pack(system_id, component_id, msg, obstacle_distance->time_usec, obstacle_distance->sensor_type, obstacle_distance->distances, obstacle_distance->increment, obstacle_distance->min_distance, obstacle_distance->max_distance, obstacle_distance->increment_f, obstacle_distance->angle_offset, obstacle_distance->frame);
      |                                                                                                                                           ~~~~~~~~~~~~~~~~~^~~~~~~~~~~
../Core/Inc/mavlink/common/./mavlink_msg_obstacle_distance.h: In function 'mavlink_msg_obstacle_distance_encode_chan':
../Core/Inc/mavlink/common/./mavlink_msg_obstacle_distance.h:242:167: warning: taking address of packed member of 'struct __mavlink_obstacle_distance_t' may result in an unaligned pointer value [-Waddress-of-packed-member]
  242 |     return mavlink_msg_obstacle_distance_pack_chan(system_id, component_id, chan, msg, obstacle_distance->time_usec, obstacle_distance->sensor_type, obstacle_distance->distances, obstacle_distance->increment, obstacle_distance->min_distance, obstacle_distance->max_distance, obstacle_distance->increment_f, obstacle_distance->angle_offset, obstacle_distance->frame);
      |                                                                                                                                                      ~~~~~~~~~~~~~~~~~^~~~~~~~~~~
../Core/Inc/mavlink/common/./mavlink_msg_obstacle_distance.h: In function 'mavlink_msg_obstacle_distance_encode_status':
../Core/Inc/mavlink/common/./mavlink_msg_obstacle_distance.h:256:173: warning: taking address of packed member of 'struct __mavlink_obstacle_distance_t' may result in an unaligned pointer value [-Waddress-of-packed-member]
  256 |     return mavlink_msg_obstacle_distance_pack_status(system_id, component_id, _status, msg,  obstacle_distance->time_usec, obstacle_distance->sensor_type, obstacle_distance->distances, obstacle_distance->increment, obstacle_distance->min_distance, obstacle_distance->max_distance, obstacle_distance->increment_f, obstacle_distance->angle_offset, obstacle_distance->frame);
      |                                                                                                                                                            ~~~~~~~~~~~~~~~~~^~~~~~~~~~~
../Core/Src/main.c: In function 'quad_mode':
../Core/Src/main.c:1522:17: warning: 'memcpy' writing 20 bytes into a region of size 16 overflows the destination [-Wstringop-overflow=]
 1522 |                 memcpy(display_channels, (void*) ppm_ready_channels,
      |                 ^~~~~~~~~~~~~~~~~~~~~~~~~~~~~~~~~~~~~~~~~~~~~~~~~~~~
 1523 |                                 sizeof(ppm_ready_channels));
      |                                 ~~~~~~~~~~~~~~~~~~~~~~~~~~~
../Core/Src/main.c:184:10: note: destination object 'display_channels' of size 16
  184 | uint16_t display_channels[8];
      |          ^~~~~~~~~~~~~~~~
arm-none-eabi-gcc -o "Marut_GroundFILL.elf" @"objects.list"   -mcpu=cortex-m4 -T"C:\Embedded stuff\Marut_workspace_stm32\Marut_GroundFILL\STM32F411CEUX_FLASH.ld" --specs=nosys.specs -Wl,-Map="Marut_GroundFILL.map" -Wl,--gc-sections -static --specs=nano.specs -mfpu=fpv4-sp-d16 -mfloat-abi=hard -mthumb -u _printf_float -u _scanf_float -Wl,--start-group -lc -lm -Wl,--end-group
Finished building target: Marut_GroundFILL.elf
 
arm-none-eabi-size  Marut_GroundFILL.elf 
arm-none-eabi-objdump -h -S Marut_GroundFILL.elf  > "Marut_GroundFILL.list"
   text	   data	    bss	    dec	    hex	filename
  79656	    640	 101800	 182096	  2c750	Marut_GroundFILL.elf
Finished building: default.size.stdout
 
Finished building: Marut_GroundFILL.list
 
