01:25:43 **** Incremental Build of configuration Debug for project MARUT_NF446RE ****
make -j16 all 
arm-none-eabi-gcc "../Core/Src/main.c" -mcpu=cortex-m4 -std=gnu11 -g3 -DDEBUG -DUSE_HAL_DRIVER -DSTM32F446xx -c -I../Core/Inc -I../Drivers/STM32F4xx_HAL_Driver/Inc -I../Drivers/STM32F4xx_HAL_Driver/Inc/Legacy -I../Drivers/CMSIS/Device/ST/STM32F4xx/Include -I../Drivers/CMSIS/Include -I../Middlewares/Third_Party/FreeRTOS/Source/include -I../Middlewares/Third_Party/FreeRTOS/Source/CMSIS_RTOS_V2 -I../Middlewares/Third_Party/FreeRTOS/Source/portable/GCC/ARM_CM4F -O0 -ffunction-sections -fdata-sections -Wall -fstack-usage -fcyclomatic-complexity -MMD -MP -MF"Core/Src/main.d" -MT"Core/Src/main.o" --specs=nano.specs -mfpu=fpv4-sp-d16 -mfloat-abi=hard -mthumb -o "Core/Src/main.o"
arm-none-eabi-gcc -o "MARUT_NF446RE.elf" @"objects.list"   -mcpu=cortex-m4 -T"C:\Embedded stuff\Marut_workspace_stm32\MARUT_NF446RE\STM32F446RETX_FLASH.ld" --specs=nosys.specs -Wl,-Map="MARUT_NF446RE.map" -Wl,--gc-sections -static --specs=nano.specs -mfpu=fpv4-sp-d16 -mfloat-abi=hard -mthumb -u _printf_float -u _scanf_float -Wl,--start-group -lc -lm -Wl,--end-group
Finished building target: MARUT_NF446RE.elf
 
arm-none-eabi-size  MARUT_NF446RE.elf 
arm-none-eabi-objdump -h -S MARUT_NF446RE.elf  > "MARUT_NF446RE.list"
   text	   data	    bss	    dec	    hex	filename
  78864	    636	  85364	 164864	  28400	MARUT_NF446RE.elf
Finished building: default.size.stdout
 
Finished building: MARUT_NF446RE.list
 
