16:21:55 **** Incremental Build of configuration Debug for project Innovate_you_hackathon_2026 ****
make -j16 all 
arm-none-eabi-gcc "../Core/Src/main.c" -mcpu=cortex-m4 -std=gnu11 -g3 -DDEBUG -DUSE_HAL_DRIVER -DSTM32F446xx -c -I../Core/Inc -I../Drivers/STM32F4xx_HAL_Driver/Inc -I../Drivers/STM32F4xx_HAL_Driver/Inc/Legacy -I../Drivers/CMSIS/Device/ST/STM32F4xx/Include -I../Drivers/CMSIS/Include -I../Middlewares/Third_Party/FreeRTOS/Source/include -I../Middlewares/Third_Party/FreeRTOS/Source/CMSIS_RTOS_V2 -I../Middlewares/Third_Party/FreeRTOS/Source/portable/GCC/ARM_CM4F -O0 -ffunction-sections -fdata-sections -Wall -fstack-usage -fcyclomatic-complexity -MMD -MP -MF"Core/Src/main.d" -MT"Core/Src/main.o" --specs=nano.specs -mfpu=fpv4-sp-d16 -mfloat-abi=hard -mthumb -o "Core/Src/main.o"
arm-none-eabi-gcc -o "Innovate_you_hackathon_2026.elf" @"objects.list"   -mcpu=cortex-m4 -T"C:\Embedded stuff\Marut_workspace_stm32\Innovate_you_hackathon_2026\STM32F446RETX_FLASH.ld" --specs=nosys.specs -Wl,-Map="Innovate_you_hackathon_2026.map" -Wl,--gc-sections -static --specs=nano.specs -mfpu=fpv4-sp-d16 -mfloat-abi=hard -mthumb -u _printf_float -u _scanf_float -Wl,--start-group -lc -lm -Wl,--end-group
Finished building target: Innovate_you_hackathon_2026.elf
 
arm-none-eabi-size  Innovate_you_hackathon_2026.elf 
arm-none-eabi-objdump -h -S Innovate_you_hackathon_2026.elf  > "Innovate_you_hackathon_2026.list"
   text	   data	    bss	    dec	    hex	filename
  60940	    472	  44840	 106252	  19f0c	Innovate_you_hackathon_2026.elf
Finished building: default.size.stdout
 
Finished building: Innovate_you_hackathon_2026.list
 

16:21:59 Build Finished. 0 errors, 0 warnings. (took 3s.515ms)

