00:29:02 **** Incremental Build of configuration Debug for project Timer_Measurement ****
make -j16 all 
arm-none-eabi-gcc "../Core/Src/main.c" -mcpu=cortex-m4 -std=gnu11 -g3 -DDEBUG -DUSE_HAL_DRIVER -DSTM32F446xx -c -I../Core/Inc -I../Drivers/STM32F4xx_HAL_Driver/Inc -I../Drivers/STM32F4xx_HAL_Driver/Inc/Legacy -I../Drivers/CMSIS/Device/ST/STM32F4xx/Include -I../Drivers/CMSIS/Include -O0 -ffunction-sections -fdata-sections -Wall -fstack-usage -fcyclomatic-complexity -MMD -MP -MF"Core/Src/main.d" -MT"Core/Src/main.o" --specs=nano.specs -mfpu=fpv4-sp-d16 -mfloat-abi=hard -mthumb -o "Core/Src/main.o"
arm-none-eabi-gcc -o "Timer_Measurement.elf" @"objects.list"   -mcpu=cortex-m4 -T"C:\Embedded stuff\Marut_workspace_stm32\Timer_Measurement\STM32F446RETX_FLASH.ld" --specs=nosys.specs -Wl,-Map="Timer_Measurement.map" -Wl,--gc-sections -static --specs=nano.specs -mfpu=fpv4-sp-d16 -mfloat-abi=hard -mthumb -Wl,--start-group -lc -lm -Wl,--end-group
Finished building target: Timer_Measurement.elf
 
arm-none-eabi-size  Timer_Measurement.elf 
arm-none-eabi-objdump -h -S Timer_Measurement.elf  > "Timer_Measurement.list"
   text	   data	    bss	    dec	    hex	filename
   9572	     12	   1796	  11380	   2c74	Timer_Measurement.elf
Finished building: default.size.stdout
 
Finished building: Timer_Measurement.list
 

00:29:03 Build Finished. 0 errors, 0 warnings. (took 1s.10ms)

