../Core/Src/main.c:133:1:__io_putchar	1
../Core/Src/main.c:141:7:vertical_velocity_baro	2
../Core/Src/main.c:161:7:vertical_velocity_imu	2
../Core/Src/main.c:191:7:average_altitude	2
../Core/Src/main.c:202:7:vertical_velocity_fused	1
../Core/Src/main.c:232:7:display_refresh_averaged	2
../Core/Src/main.c:248:5:main	2
../Core/Src/main.c:389:6:SystemClock_Config	3
../Core/Src/main.c:431:13:MX_I2C1_Init	2
../Core/Src/main.c:465:13:MX_I2C2_Init	2
../Core/Src/main.c:499:13:MX_I2C3_Init	2
../Core/Src/main.c:533:13:MX_USART2_UART_Init	2
../Core/Src/main.c:566:13:MX_GPIO_Init	1
../Core/Src/main.c:592:6:sensor_aq_task	1
../Core/Src/main.c:628:6:display_refresh	1
../Core/Src/main.c:648:6:failure_detector	1
../Core/Src/main.c:668:6:HAL_TIM_PeriodElapsedCallback	2
../Core/Src/main.c:686:6:Error_Handler	1
