../Core/Src/main.c:133:1:__io_putchar	16	static
../Core/Src/main.c:141:7:vertical_velocity_baro	24	static
../Core/Src/main.c:161:7:vertical_velocity_imu	64	static
../Core/Src/main.c:191:7:average_altitude	24	static
../Core/Src/main.c:202:7:vertical_velocity_fused	80	static
../Core/Src/main.c:232:7:display_refresh_averaged	24	static
../Core/Src/main.c:248:5:main	24	static
../Core/Src/main.c:389:6:SystemClock_Config	88	static
../Core/Src/main.c:431:13:MX_I2C1_Init	8	static
../Core/Src/main.c:465:13:MX_I2C2_Init	8	static
../Core/Src/main.c:499:13:MX_I2C3_Init	8	static
../Core/Src/main.c:533:13:MX_USART2_UART_Init	8	static
../Core/Src/main.c:566:13:MX_GPIO_Init	16	static
../Core/Src/main.c:592:6:sensor_aq_task	16	static
../Core/Src/main.c:628:6:display_refresh	48	static
../Core/Src/main.c:648:6:failure_detector	16	static
../Core/Src/main.c:668:6:HAL_TIM_PeriodElapsedCallback	16	static
../Core/Src/main.c:686:6:Error_Handler	4	static,ignoring_inline_asm
